<html>
<body>
<pre>
<h1>µVision Build Log</h1>
<h2>Tool Versions:</h2>
IDE-Version: ¦ÌVision V5.18.0.0
Copyright (C) 2016 ARM Ltd and ARM Germany GmbH. All rights reserved.
License Information: zhang ZhangZheng, lylg, LIC=EPPPC-7LKNR-HRIXN-Y6A12-KBDK0-H1ENW
 
Tool Versions:
Toolchain:       MDK-ARM Professional  Version: 5.18
Toolchain Path:  h:\Keil_v5\ARM\ARMCC\Bin
C Compiler:      Armcc.exe V5.06 update 1 (build 61)
Assembler:       Armasm.exe V5.06 update 1 (build 61)
Linker/Locator:  ArmLink.exe V5.06 update 1 (build 61)
Library Manager: ArmAr.exe V5.06 update 1 (build 61)
Hex Converter:   FromElf.exe V5.06 update 1 (build 61)
CPU DLL:         SARMCM3.DLL V5.18
Dialog DLL:      DCM.DLL V1.13.6.0
Target DLL:      Segger\JL2CM3.dll V2.99.18.0
Dialog DLL:      TCM.DLL V1.14.8.0
 
<h2>Project:</h2>
I:\STM32\C8T6_0.96_iicoled\USER\Model_c8t6.uvprojx
Project File Date:  09/09/2021

<h2>Output:</h2>
*** Using Compiler 'V5.06 update 1 (build 61)', folder: 'h:\Keil_v5\ARM\ARMCC\Bin'
Rebuild target 'Model'
assembling startup_stm32f10x_md.s...
compiling core_cm3.c...
compiling stm32f10x_bkp.c...
compiling stm32f10x_crc.c...
compiling stm32f10x_it.c...
compiling stm32f10x_dac.c...
compiling system_stm32f10x.c...
compiling misc.c...
compiling stm32f10x_dma.c...
compiling stm32f10x_dbgmcu.c...
compiling stm32f10x_adc.c...
compiling stm32f10x_cec.c...
compiling main.c...
compiling stm32f10x_exti.c...
compiling stm32f10x_can.c...
compiling stm32f10x_flash.c...
compiling stm32f10x_fsmc.c...
compiling stm32f10x_iwdg.c...
compiling stm32f10x_i2c.c...
compiling stm32f10x_gpio.c...
compiling stm32f10x_pwr.c...
compiling stm32f10x_rtc.c...
compiling stm32f10x_rcc.c...
compiling stm32f10x_spi.c...
compiling stm32f10x_sdio.c...
compiling led.c...
compiling stm32f10x_wwdg.c...
compiling key.c...
compiling stm32f10x_usart.c...
compiling delay.c...
compiling timer.c...
compiling usart.c...
compiling oled.c...
compiling stm32f10x_tim.c...
compiling sys.c...
linking...
Program Size: Code=3326 RO-data=2342 RW-data=1952 ZI-data=1832  
FromELF: creating hex file...
"..\OBJ\Model_c8t6.axf" - 0 Error(s), 0 Warning(s).

<h2>Collection of Component include folders:</h2>
  I:\STM32\C8T6_0.96_iicoled\USER\RTE
  i:\Keil_v5\ARM\PACK\Keil\STM32F1xx_DFP\2.3.0\Device\Include

<h2>Collection of Component Files used:</h2>
Build Time Elapsed:  00:00:02
</pre>
</body>
</html>
