Component: ARM Compiler 5.06 update 1 (build 61) Tool: armlink [4d35a8]

==============================================================================

Section Cross References

    main.o(.text) refers to delay.o(.text) for delay_init
    main.o(.text) refers to led.o(.text) for LED_Init
    main.o(.text) refers to esp8266.o(.text) for usart3_init
    main.o(.text) refers to myiic.o(.text) for IIC_Init
    main.o(.text) refers to oled_myiic.o(.text) for IIC_Init1
    main.o(.text) refers to oled.o(.text) for OLED_Init
    main.o(.text) refers to mpu6050.o(.text) for MPU_Init
    main.o(.text) refers to inv_mpu.o(.text) for mpu_dmp_init
    main.o(.text) refers to misc.o(.text) for NVIC_PriorityGroupConfig
    main.o(.text) refers to timer.o(.text) for TIM3_Int_Init
    main.o(.text) refers to key.o(.text) for KEY_Scan
    main.o(.text) refers to inv_mpu_dmp_motion_driver.o(.text) for dmp_get_pedometer_step_count
    main.o(.text) refers to printfa.o(i.__0sprintf) for __2sprintf
    main.o(.text) refers to f2d.o(.text) for __aeabi_f2d
    main.o(.text) refers to main.o(.data) for key_flag
    main.o(.text) refers to esp8266.o(.data) for char_step
    main.o(.text) refers to timer.o(.data) for jishi
    system_stm32f4xx.o(.text) refers to system_stm32f4xx.o(.data) for SystemCoreClock
    startup_stm32f40_41xxx.o(RESET) refers to startup_stm32f40_41xxx.o(STACK) for __initial_sp
    startup_stm32f40_41xxx.o(RESET) refers to startup_stm32f40_41xxx.o(.text) for Reset_Handler
    startup_stm32f40_41xxx.o(RESET) refers to stm32f4xx_it.o(.text) for NMI_Handler
    startup_stm32f40_41xxx.o(RESET) refers to timer.o(.text) for TIM3_IRQHandler
    startup_stm32f40_41xxx.o(RESET) refers to usart.o(.text) for USART1_IRQHandler
    startup_stm32f40_41xxx.o(RESET) refers to esp8266.o(.text) for USART3_IRQHandler
    startup_stm32f40_41xxx.o(.text) refers to system_stm32f4xx.o(.text) for SystemInit
    startup_stm32f40_41xxx.o(.text) refers to entry.o(.ARM.Collect$$$$00000000) for __main
    stm32f4xx_adc.o(.text) refers to stm32f4xx_rcc.o(.text) for RCC_APB2PeriphResetCmd
    stm32f4xx_can.o(.text) refers to stm32f4xx_rcc.o(.text) for RCC_APB1PeriphResetCmd
    stm32f4xx_cryp.o(.text) refers to stm32f4xx_rcc.o(.text) for RCC_AHB2PeriphResetCmd
    stm32f4xx_cryp_aes.o(.text) refers to stm32f4xx_cryp.o(.text) for CRYP_KeyStructInit
    stm32f4xx_cryp_des.o(.text) refers to stm32f4xx_cryp.o(.text) for CRYP_KeyStructInit
    stm32f4xx_cryp_tdes.o(.text) refers to stm32f4xx_cryp.o(.text) for CRYP_KeyStructInit
    stm32f4xx_dac.o(.text) refers to stm32f4xx_rcc.o(.text) for RCC_APB1PeriphResetCmd
    stm32f4xx_dma2d.o(.text) refers to stm32f4xx_rcc.o(.text) for RCC_AHB1PeriphResetCmd
    stm32f4xx_fsmc.o(.text) refers to stm32f4xx_fsmc.o(.constdata) for FSMC_DefaultTimingStruct
    stm32f4xx_gpio.o(.text) refers to stm32f4xx_rcc.o(.text) for RCC_AHB1PeriphResetCmd
    stm32f4xx_hash.o(.text) refers to stm32f4xx_rcc.o(.text) for RCC_AHB2PeriphResetCmd
    stm32f4xx_hash_md5.o(.text) refers to stm32f4xx_hash.o(.text) for HASH_DeInit
    stm32f4xx_hash_sha1.o(.text) refers to stm32f4xx_hash.o(.text) for HASH_DeInit
    stm32f4xx_i2c.o(.text) refers to stm32f4xx_rcc.o(.text) for RCC_APB1PeriphResetCmd
    stm32f4xx_ltdc.o(.text) refers to stm32f4xx_rcc.o(.text) for RCC_APB2PeriphResetCmd
    stm32f4xx_pwr.o(.text) refers to stm32f4xx_rcc.o(.text) for RCC_APB1PeriphResetCmd
    stm32f4xx_rcc.o(.text) refers to stm32f4xx_rcc.o(.data) for APBAHBPrescTable
    stm32f4xx_rng.o(.text) refers to stm32f4xx_rcc.o(.text) for RCC_AHB2PeriphResetCmd
    stm32f4xx_sai.o(.text) refers to stm32f4xx_rcc.o(.text) for RCC_APB2PeriphResetCmd
    stm32f4xx_sdio.o(.text) refers to stm32f4xx_rcc.o(.text) for RCC_APB2PeriphResetCmd
    stm32f4xx_spi.o(.text) refers to stm32f4xx_rcc.o(.text) for RCC_APB2PeriphResetCmd
    stm32f4xx_syscfg.o(.text) refers to stm32f4xx_rcc.o(.text) for RCC_APB2PeriphResetCmd
    stm32f4xx_tim.o(.text) refers to stm32f4xx_rcc.o(.text) for RCC_APB2PeriphResetCmd
    stm32f4xx_usart.o(.text) refers to stm32f4xx_rcc.o(.text) for RCC_APB2PeriphResetCmd
    stm32f4xx_wwdg.o(.text) refers to stm32f4xx_rcc.o(.text) for RCC_APB1PeriphResetCmd
    delay.o(.text) refers to misc.o(.text) for SysTick_CLKSourceConfig
    delay.o(.text) refers to delay.o(.data) for fac_us
    usart.o(.text) refers to stm32f4xx_rcc.o(.text) for RCC_AHB1PeriphClockCmd
    usart.o(.text) refers to stm32f4xx_gpio.o(.text) for GPIO_PinAFConfig
    usart.o(.text) refers to stm32f4xx_usart.o(.text) for USART_Init
    usart.o(.text) refers to misc.o(.text) for NVIC_Init
    usart.o(.text) refers to usart.o(.data) for USART_RX_STA
    usart.o(.text) refers to usart.o(.bss) for USART_RX_BUF
    oled.o(.text) refers to delay.o(.text) for delay_us
    oled.o(.text) refers to oled_myiic.o(.text) for IIC_Start1
    oled.o(.text) refers to oled.o(.constdata) for F6x8
    key.o(.text) refers to stm32f4xx_rcc.o(.text) for RCC_AHB1PeriphClockCmd
[...]
    ..\HARDWARE\MPU6050\mpu6050.c            0x00000000   Number         0  mpu6050.o ABSOLUTE
    ..\HARDWARE\OLED\oled.c                  0x00000000   Number         0  oled.o ABSOLUTE
    ..\HARDWARE\TIMER\timer.c                0x00000000   Number         0  timer.o ABSOLUTE
    ..\SYSTEM\delay\delay.c                  0x00000000   Number         0  delay.o ABSOLUTE
    ..\SYSTEM\sys\sys.c                      0x00000000   Number         0  sys.o ABSOLUTE
    ..\SYSTEM\usart\usart.c                  0x00000000   Number         0  usart.o ABSOLUTE
    ..\\FWLIB\\src\\misc.c                   0x00000000   Number         0  misc.o ABSOLUTE
    ..\\FWLIB\\src\\stm32f4xx_adc.c          0x00000000   Number         0  stm32f4xx_adc.o ABSOLUTE
    ..\\FWLIB\\src\\stm32f4xx_can.c          0x00000000   Number         0  stm32f4xx_can.o ABSOLUTE
    ..\\FWLIB\\src\\stm32f4xx_crc.c          0x00000000   Number         0  stm32f4xx_crc.o ABSOLUTE
    ..\\FWLIB\\src\\stm32f4xx_cryp.c         0x00000000   Number         0  stm32f4xx_cryp.o ABSOLUTE
    ..\\FWLIB\\src\\stm32f4xx_cryp_aes.c     0x00000000   Number         0  stm32f4xx_cryp_aes.o ABSOLUTE
    ..\\FWLIB\\src\\stm32f4xx_cryp_des.c     0x00000000   Number         0  stm32f4xx_cryp_des.o ABSOLUTE
    ..\\FWLIB\\src\\stm32f4xx_cryp_tdes.c    0x00000000   Number         0  stm32f4xx_cryp_tdes.o ABSOLUTE
    ..\\FWLIB\\src\\stm32f4xx_dac.c          0x00000000   Number         0  stm32f4xx_dac.o ABSOLUTE
    ..\\FWLIB\\src\\stm32f4xx_dbgmcu.c       0x00000000   Number         0  stm32f4xx_dbgmcu.o ABSOLUTE
    ..\\FWLIB\\src\\stm32f4xx_dcmi.c         0x00000000   Number         0  stm32f4xx_dcmi.o ABSOLUTE
    ..\\FWLIB\\src\\stm32f4xx_dma.c          0x00000000   Number         0  stm32f4xx_dma.o ABSOLUTE
    ..\\FWLIB\\src\\stm32f4xx_dma2d.c        0x00000000   Number         0  stm32f4xx_dma2d.o ABSOLUTE
    ..\\FWLIB\\src\\stm32f4xx_exti.c         0x00000000   Number         0  stm32f4xx_exti.o ABSOLUTE
    ..\\FWLIB\\src\\stm32f4xx_flash.c        0x00000000   Number         0  stm32f4xx_flash.o ABSOLUTE
    ..\\FWLIB\\src\\stm32f4xx_flash_ramfunc.c 0x00000000   Number         0  stm32f4xx_flash_ramfunc.o ABSOLUTE
    ..\\FWLIB\\src\\stm32f4xx_fsmc.c         0x00000000   Number         0  stm32f4xx_fsmc.o ABSOLUTE
    ..\\FWLIB\\src\\stm32f4xx_gpio.c         0x00000000   Number         0  stm32f4xx_gpio.o ABSOLUTE
    ..\\FWLIB\\src\\stm32f4xx_hash.c         0x00000000   Number         0  stm32f4xx_hash.o ABSOLUTE
    ..\\FWLIB\\src\\stm32f4xx_hash_md5.c     0x00000000   Number         0  stm32f4xx_hash_md5.o ABSOLUTE
    ..\\FWLIB\\src\\stm32f4xx_hash_sha1.c    0x00000000   Number         0  stm32f4xx_hash_sha1.o ABSOLUTE
    ..\\FWLIB\\src\\stm32f4xx_i2c.c          0x00000000   Number         0  stm32f4xx_i2c.o ABSOLUTE
    ..\\FWLIB\\src\\stm32f4xx_iwdg.c         0x00000000   Number         0  stm32f4xx_iwdg.o ABSOLUTE
    ..\\FWLIB\\src\\stm32f4xx_ltdc.c         0x00000000   Number         0  stm32f4xx_ltdc.o ABSOLUTE
    ..\\FWLIB\\src\\stm32f4xx_pwr.c          0x00000000   Number         0  stm32f4xx_pwr.o ABSOLUTE
    ..\\FWLIB\\src\\stm32f4xx_rcc.c          0x00000000   Number         0  stm32f4xx_rcc.o ABSOLUTE
    ..\\FWLIB\\src\\stm32f4xx_rng.c          0x00000000   Number         0  stm32f4xx_rng.o ABSOLUTE
    ..\\FWLIB\\src\\stm32f4xx_rtc.c          0x00000000   Number         0  stm32f4xx_rtc.o ABSOLUTE
    ..\\FWLIB\\src\\stm32f4xx_sai.c          0x00000000   Number         0  stm32f4xx_sai.o ABSOLUTE
    ..\\FWLIB\\src\\stm32f4xx_sdio.c         0x00000000   Number         0  stm32f4xx_sdio.o ABSOLUTE
    ..\\FWLIB\\src\\stm32f4xx_spi.c          0x00000000   Number         0  stm32f4xx_spi.o ABSOLUTE
    ..\\FWLIB\\src\\stm32f4xx_syscfg.c       0x00000000   Number         0  stm32f4xx_syscfg.o ABSOLUTE
    ..\\FWLIB\\src\\stm32f4xx_tim.c          0x00000000   Number         0  stm32f4xx_tim.o ABSOLUTE
    ..\\FWLIB\\src\\stm32f4xx_usart.c        0x00000000   Number         0  stm32f4xx_usart.o ABSOLUTE
    ..\\FWLIB\\src\\stm32f4xx_wwdg.c         0x00000000   Number         0  stm32f4xx_wwdg.o ABSOLUTE
    ..\\HARDWARE\\ESP8266\\ESP8266.c         0x00000000   Number         0  esp8266.o ABSOLUTE
    ..\\HARDWARE\\IIC\\myiic.c               0x00000000   Number         0  myiic.o ABSOLUTE
    ..\\HARDWARE\\IIC\\oled_myiic.c          0x00000000   Number         0  oled_myiic.o ABSOLUTE
    ..\\HARDWARE\\KEY\\key.c                 0x00000000   Number         0  key.o ABSOLUTE
    ..\\HARDWARE\\LED\\led.c                 0x00000000   Number         0  led.o ABSOLUTE
    ..\\HARDWARE\\MPU6050\\eMPL\\inv_mpu.c   0x00000000   Number         0  inv_mpu.o ABSOLUTE
    ..\\HARDWARE\\MPU6050\\eMPL\\inv_mpu_dmp_motion_driver.c 0x00000000   Number         0  inv_mpu_dmp_motion_driver.o ABSOLUTE
    ..\\HARDWARE\\MPU6050\\mpu6050.c         0x00000000   Number         0  mpu6050.o ABSOLUTE
    ..\\HARDWARE\\OLED\\oled.c               0x00000000   Number         0  oled.o ABSOLUTE
    ..\\HARDWARE\\TIMER\\timer.c             0x00000000   Number         0  timer.o ABSOLUTE
    ..\\SYSTEM\\delay\\delay.c               0x00000000   Number         0  delay.o ABSOLUTE
    ..\\SYSTEM\\sys\\sys.c                   0x00000000   Number         0  sys.o ABSOLUTE
    ..\\SYSTEM\\usart\\usart.c               0x00000000   Number         0  usart.o ABSOLUTE
    cdcmple.s                                0x00000000   Number         0  cdcmple.o ABSOLUTE
    cdrcmple.s                               0x00000000   Number         0  cdrcmple.o ABSOLUTE
    dc.s                                     0x00000000   Number         0  dc.o ABSOLUTE
    handlers.s                               0x00000000   Number         0  handlers.o ABSOLUTE
    init.s                                   0x00000000   Number         0  init.o ABSOLUTE
    main.c                                   0x00000000   Number         0  main.o ABSOLUTE
    main.c                                   0x00000000   Number         0  main.o ABSOLUTE
    stm32f4xx_it.c                           0x00000000   Number         0  stm32f4xx_it.o ABSOLUTE
    stm32f4xx_it.c                           0x00000000   Number         0  stm32f4xx_it.o ABSOLUTE
    system_stm32f4xx.c                       0x00000000   Number         0  system_stm32f4xx.o ABSOLUTE
    system_stm32f4xx.c                       0x00000000   Number         0  system_stm32f4xx.o ABSOLUTE
    RESET                                    0x08000000   Section      392  startup_stm32f40_41xxx.o(RESET)
    .ARM.Collect$$$$00000000                 0x08000188   Section        0  entry.o(.ARM.Collect$$$$00000000)
    .ARM.Collect$$$$00000001                 0x08000188   Section        4  entry2.o(.ARM.Collect$$$$00000001)
    .ARM.Collect$$$$00000004                 0x0800018c   Section        4  entry5.o(.ARM.Collect$$$$00000004)
    .ARM.Collect$$$$00000008                 0x08000190   Section        0  entry7b.o(.ARM.Collect$$$$00000008)
    .ARM.Collect$$$$0000000A                 0x08000190   Section        0  entry8b.o(.ARM.Collect$$$$0000000A)
    .ARM.Collect$$$$0000000B                 0x08000190   Section        8  entry9a.o(.ARM.Collect$$$$0000000B)
    .ARM.Collect$$$$0000000D                 0x08000198   Section        0  entry10a.o(.ARM.Collect$$$$0000000D)
    .ARM.Collect$$$$0000000F                 0x08000198   Section        0  entry11a.o(.ARM.Collect$$$$0000000F)
    .ARM.Collect$$$$00002712                 0x08000198   Section        4  entry2.o(.ARM.Collect$$$$00002712)
    __lit__00000000                          0x08000198   Data           4  entry2.o(.ARM.Collect$$$$00002712)
    .text                                    0x0800019c   Section        0  main.o(.text)
    .text                                    0x08000374   Section        0  stm32f4xx_it.o(.text)
    .text                                    0x08000390   Section        0  system_stm32f4xx.o(.text)
    SetSysClock                              0x08000391   Thumb Code   220  system_stm32f4xx.o(.text)
    .text                                    0x080005a0   Section       36  startup_stm32f40_41xxx.o(.text)
    $v0                                      0x080005a0   Number         0  startup_stm32f40_41xxx.o(.text)
    .text                                    0x080005c4   Section        0  misc.o(.text)
    .text                                    0x080006a4   Section        0  stm32f4xx_gpio.o(.text)
    .text                                    0x08000938   Section        0  stm32f4xx_rcc.o(.text)
    .text                                    0x08000f94   Section        0  stm32f4xx_tim.o(.text)
    TI4_Config                               0x08001733   Thumb Code    80  stm32f4xx_tim.o(.text)
    TI3_Config                               0x08001795   Thumb Code    72  stm32f4xx_tim.o(.text)
    TI2_Config                               0x080017f7   Thumb Code    90  stm32f4xx_tim.o(.text)
    TI1_Config                               0x08001863   Thumb Code    58  stm32f4xx_tim.o(.text)
    .text                                    0x08001c38   Section        0  stm32f4xx_usart.o(.text)
    .text                                    0x0800208c   Section        0  delay.o(.text)
    .text                                    0x08002190   Section        0  usart.o(.text)
    .text                                    0x080022d8   Section        0  oled.o(.text)
    .text                                    0x0800285c   Section        0  key.o(.text)
    .text                                    0x08002948   Section        0  led.o(.text)
    .text                                    0x08002988   Section        0  oled_myiic.o(.text)
    .text                                    0x08002bf0   Section        0  inv_mpu.o(.text)
    set_int_enable                           0x08002bf1   Thumb Code   138  inv_mpu.o(.text)
    get_accel_prod_shift                     0x08003e6d   Thumb Code   190  inv_mpu.o(.text)
    accel_self_test                          0x08003f2b   Thumb Code   182  inv_mpu.o(.text)
    gyro_self_test                           0x08003fe1   Thumb Code   286  inv_mpu.o(.text)
    get_st_biases                            0x080040ff   Thumb Code  1138  inv_mpu.o(.text)
    .text                                    0x08004ea8   Section        0  inv_mpu_dmp_motion_driver.o(.text)
    decode_gesture                           0x0800597d   Thumb Code    94  inv_mpu_dmp_motion_driver.o(.text)
    .text                                    0x08005c38   Section        0  mpu6050.o(.text)
    .text                                    0x08005fbc   Section        0  myiic.o(.text)
    .text                                    0x08006218   Section        0  esp8266.o(.text)
    .text                                    0x080065f0   Section        0  timer.o(.text)
    .text                                    0x080066b4   Section        0  ldiv.o(.text)
    .text                                    0x08006716   Section        0  memseta.o(.text)
    .text                                    0x0800673a   Section        0  memcmp.o(.text)
    .text                                    0x08006754   Section        0  dadd.o(.text)
    .text                                    0x080068a2   Section        0  dmul.o(.text)
    .text                                    0x08006986   Section        0  ddiv.o(.text)
    .text                                    0x08006a64   Section        0  dflti.o(.text)
    .text                                    0x08006a86   Section        0  f2d.o(.text)
    .text                                    0x08006aac   Section        0  d2f.o(.text)
    .text                                    0x08006ae4   Section        0  uidiv.o(.text)
    .text                                    0x08006b10   Section        0  uldiv.o(.text)
    .text                                    0x08006b72   Section        0  llshl.o(.text)
    .text                                    0x08006b90   Section        0  llsshr.o(.text)
    .text                                    0x08006bb4   Section        0  iusefp.o(.text)
    .text                                    0x08006bb4   Section        0  fepilogue.o(.text)
    .text                                    0x08006c22   Section        0  depilogue.o(.text)
    .text                                    0x08006cdc   Section        0  dfixul.o(.text)
    .text                                    0x08006d0c   Section       48  cdrcmple.o(.text)
    .text                                    0x08006d3c   Section       36  init.o(.text)
    .text                                    0x08006d60   Section        0  llushr.o(.text)
    .text                                    0x08006d80   Section        0  dsqrt.o(.text)
    i.__0printf                              0x08006e24   Section        0  printfa.o(i.__0printf)
    i.__0sprintf                             0x08006e44   Section        0  printfa.o(i.__0sprintf)
    i.__ARM_fpclassify                       0x08006e6c   Section        0  fpclassify.o(i.__ARM_fpclassify)
    i.__hardfp_asin                          0x08006ea0   Section        0  asin.o(i.__hardfp_asin)
    i.__hardfp_atan                          0x08007200   Section        0  atan.o(i.__hardfp_atan)
    i.__hardfp_atan2                         0x080074d8   Section        0  atan2.o(i.__hardfp_atan2)
    i.__kernel_poly                          0x080076c8   Section        0  poly.o(i.__kernel_poly)
    i.__mathlib_dbl_infnan                   0x080077c0   Section        0  dunder.o(i.__mathlib_dbl_infnan)
    i.__mathlib_dbl_infnan2                  0x080077d4   Section        0  dunder.o(i.__mathlib_dbl_infnan2)
    i.__mathlib_dbl_invalid                  0x080077e8   Section        0  dunder.o(i.__mathlib_dbl_invalid)
    i.__mathlib_dbl_underflow                0x08007808   Section        0  dunder.o(i.__mathlib_dbl_underflow)
    i.__scatterload_copy                     0x08007828   Section       14  handlers.o(i.__scatterload_copy)
    i.__scatterload_null                     0x08007836   Section        2  handlers.o(i.__scatterload_null)
    i.__scatterload_zeroinit                 0x08007838   Section       14  handlers.o(i.__scatterload_zeroinit)
    i.__set_errno                            0x08007848   Section        0  errno.o(i.__set_errno)
    i._fp_digits                             0x08007854   Section        0  printfa.o(i._fp_digits)
    _fp_digits                               0x08007855   Thumb Code   334  printfa.o(i._fp_digits)
    i._printf_core                           0x080079b8   Section        0  printfa.o(i._printf_core)
    _printf_core                             0x080079b9   Thumb Code  1744  printfa.o(i._printf_core)
    i._printf_post_padding                   0x08008094   Section        0  printfa.o(i._printf_post_padding)
    _printf_post_padding                     0x08008095   Thumb Code    36  printfa.o(i._printf_post_padding)
    i._printf_pre_padding                    0x080080b8   Section        0  printfa.o(i._printf_pre_padding)
    _printf_pre_padding                      0x080080b9   Thumb Code    46  printfa.o(i._printf_pre_padding)
    i._sputc                                 0x080080e6   Section        0  printfa.o(i._sputc)
    _sputc                                   0x080080e7   Thumb Code    10  printfa.o(i._sputc)
    i.atan                                   0x080080f0   Section        0  atan.o(i.atan)
    i.fabs                                   0x08008100   Section        0  fabs.o(i.fabs)
    i.sqrt                                   0x08008118   Section        0  sqrt.o(i.sqrt)
    .constdata                               0x08008186   Section     4936  oled.o(.constdata)
    .constdata                               0x080094d0   Section       80  inv_mpu.o(.constdata)
    .constdata                               0x08009520   Section     3062  inv_mpu_dmp_motion_driver.o(.constdata)
    dmp_memory                               0x08009520   Data        3062  inv_mpu_dmp_motion_driver.o(.constdata)
    .constdata                               0x0800a118   Section       80  asin.o(.constdata)
    pS                                       0x0800a118   Data          48  asin.o(.constdata)
    qS                                       0x0800a148   Data          32  asin.o(.constdata)
    .constdata                               0x0800a168   Section      152  atan.o(.constdata)
    atanhi                                   0x0800a168   Data          32  atan.o(.constdata)
    atanlo                                   0x0800a188   Data          32  atan.o(.constdata)
    aTodd                                    0x0800a1a8   Data          40  atan.o(.constdata)
    aTeven                                   0x0800a1d0   Data          48  atan.o(.constdata)
    .constdata                               0x0800a200   Section        8  qnan.o(.constdata)
    .conststring                             0x0800a208   Section       77  inv_mpu.o(.conststring)
    .data                                    0x20000000   Section       12  main.o(.data)
    .data                                    0x2000000c   Section       20  system_stm32f4xx.o(.data)
    .data                                    0x20000020   Section       16  stm32f4xx_rcc.o(.data)
    APBAHBPrescTable                         0x20000020   Data          16  stm32f4xx_rcc.o(.data)
    .data                                    0x20000030   Section        4  delay.o(.data)
    fac_us                                   0x20000030   Data           1  delay.o(.data)
    fac_ms                                   0x20000032   Data           2  delay.o(.data)
    .data                                    0x20000034   Section        6  usart.o(.data)
    .data                                    0x2000003a   Section        1  key.o(.data)
    key_up                                   0x2000003a   Data           1  key.o(.data)
    .data                                    0x2000003c   Section       53  inv_mpu.o(.data)
    st                                       0x2000003c   Data          44  inv_mpu.o(.data)
    gyro_orientation                         0x20000068   Data           9  inv_mpu.o(.data)
    .data                                    0x20000074   Section       20  esp8266.o(.data)
    im                                       0x20000084   Data           4  esp8266.o(.data)
    .data                                    0x20000088   Section        8  timer.o(.data)
    timei                                    0x2000008c   Data           4  timer.o(.data)
    .data                                    0x20000090   Section        4  errno.o(.data)
    _errno                                   0x20000090   Data           4  errno.o(.data)
    .bss                                     0x20000094   Section      200  usart.o(.bss)
    .bss                                     0x2000015c   Section       16  inv_mpu_dmp_motion_driver.o(.bss)
    dmp                                      0x2000015c   Data          16  inv_mpu_dmp_motion_driver.o(.bss)
    .bss                                     0x2000016c   Section      150  esp8266.o(.bss)
    STACK                                    0x20000208   Section     1024  startup_stm32f40_41xxx.o(STACK)

    Global Symbols

    Symbol Name                              Value     Ov Type        Size  Object(Section)

    BuildAttributes$$THM_ISAv4$E$P$D$K$B$S$7EM$VFPi3$EXTD16$VFPS$VFMA$PE$A:L22UL41UL21$X:L11$S22US41US21$IEEE1$IW$USESV6$~STKCKD$USESV7$~SHL$OTIME$ROPI$IEEEX$EBA8$MICROLIB$REQ8$PRES8$EABIv2 0x00000000   Number         0  anon$$obj.o ABSOLUTE
    __ARM_use_no_argv                        0x00000000   Number         0  main.o ABSOLUTE
    __use_no_errno                           0x00000000   Number         0  useno.o ABSOLUTE
    __use_no_exception_handling              0x00000000   Number         0  useno.o ABSOLUTE
    __use_no_fp                              0x00000000   Number         0  useno.o ABSOLUTE
    __use_no_heap                            0x00000000   Number         0  useno.o ABSOLUTE
    __use_no_heap_region                     0x00000000   Number         0  useno.o ABSOLUTE
    __use_no_semihosting                     0x00000000   Number         0  useno.o ABSOLUTE
    __use_no_semihosting_swi                 0x00000000   Number         0  useno.o ABSOLUTE
    __use_no_signal_handling                 0x00000000   Number         0  useno.o ABSOLUTE
    _printf_a                                0x00000000   Number         0  stubs.o ABSOLUTE
    _printf_c                                0x00000000   Number         0  stubs.o ABSOLUTE
    _printf_charcount                        0x00000000   Number         0  stubs.o ABSOLUTE
    _printf_d                                0x00000000   Number         0  stubs.o ABSOLUTE
    _printf_e                                0x00000000   Number         0  stubs.o ABSOLUTE
    _printf_f                                0x00000000   Number         0  stubs.o ABSOLUTE
    _printf_flags                            0x00000000   Number         0  stubs.o ABSOLUTE
    _printf_fp_dec                           0x00000000   Number         0  stubs.o ABSOLUTE
    _printf_fp_hex                           0x00000000   Number         0  stubs.o ABSOLUTE
    _printf_g                                0x00000000   Number         0  stubs.o ABSOLUTE
    _printf_i                                0x00000000   Number         0  stubs.o ABSOLUTE
    _printf_int_dec                          0x00000000   Number         0  stubs.o ABSOLUTE
    _printf_l                                0x00000000   Number         0  stubs.o ABSOLUTE
    _printf_lc                               0x00000000   Number         0  stubs.o ABSOLUTE
    _printf_ll                               0x00000000   Number         0  stubs.o ABSOLUTE
    _printf_lld                              0x00000000   Number         0  stubs.o ABSOLUTE
    _printf_lli                              0x00000000   Number         0  stubs.o ABSOLUTE
    _printf_llo                              0x00000000   Number         0  stubs.o ABSOLUTE
    _printf_llu                              0x00000000   Number         0  stubs.o ABSOLUTE
    _printf_llx                              0x00000000   Number         0  stubs.o ABSOLUTE
    _printf_longlong_dec                     0x00000000   Number         0  stubs.o ABSOLUTE
    _printf_longlong_hex                     0x00000000   Number         0  stubs.o ABSOLUTE
    _printf_longlong_oct                     0x00000000   Number         0  stubs.o ABSOLUTE
    _printf_ls                               0x00000000   Number         0  stubs.o ABSOLUTE
    _printf_mbtowc                           0x00000000   Number         0  stubs.o ABSOLUTE
    _printf_n                                0x00000000   Number         0  stubs.o ABSOLUTE
    _printf_o                                0x00000000   Number         0  stubs.o ABSOLUTE
    _printf_p                                0x00000000   Number         0  stubs.o ABSOLUTE
    _printf_percent                          0x00000000   Number         0  stubs.o ABSOLUTE
    _printf_pre_padding                      0x00000000   Number         0  stubs.o ABSOLUTE
    _printf_return_value                     0x00000000   Number         0  stubs.o ABSOLUTE
    _printf_s                                0x00000000   Number         0  stubs.o ABSOLUTE
    _printf_sizespec                         0x00000000   Number         0  stubs.o ABSOLUTE
    _printf_str                              0x00000000   Number         0  stubs.o ABSOLUTE
    _printf_truncate_signed                  0x00000000   Number         0  stubs.o ABSOLUTE
    _printf_truncate_unsigned                0x00000000   Number         0  stubs.o ABSOLUTE
    _printf_u                                0x00000000   Number         0  stubs.o ABSOLUTE
    _printf_wc                               0x00000000   Number         0  stubs.o ABSOLUTE
    _printf_wctomb                           0x00000000   Number         0  stubs.o ABSOLUTE
    _printf_widthprec                        0x00000000   Number         0  stubs.o ABSOLUTE
    _printf_x                                0x00000000   Number         0  stubs.o ABSOLUTE
    __cpp_initialize__aeabi_                  - Undefined Weak Reference
    __cxa_finalize                            - Undefined Weak Reference
    __decompress                              - Undefined Weak Reference
    _clock_init                               - Undefined Weak Reference
    _microlib_exit                            - Undefined Weak Reference
    __Vectors_Size                           0x00000188   Number         0  startup_stm32f40_41xxx.o ABSOLUTE
    __Vectors                                0x08000000   Data           4  startup_stm32f40_41xxx.o(RESET)
    __Vectors_End                            0x08000188   Data           0  startup_stm32f40_41xxx.o(RESET)
    __main                                   0x08000189   Thumb Code     0  entry.o(.ARM.Collect$$$$00000000)
    _main_stk                                0x08000189   Thumb Code     0  entry2.o(.ARM.Collect$$$$00000001)
    _main_scatterload                        0x0800018d   Thumb Code     0  entry5.o(.ARM.Collect$$$$00000004)
    __main_after_scatterload                 0x08000191   Thumb Code     0  entry5.o(.ARM.Collect$$$$00000004)
    _main_clock                              0x08000191   Thumb Code     0  entry7b.o(.ARM.Collect$$$$00000008)
    _main_cpp_init                           0x08000191   Thumb Code     0  entry8b.o(.ARM.Collect$$$$0000000A)
    _main_init                               0x08000191   Thumb Code     0  entry9a.o(.ARM.Collect$$$$0000000B)
    __rt_final_cpp                           0x08000199   Thumb Code     0  entry10a.o(.ARM.Collect$$$$0000000D)
    __rt_final_exit                          0x08000199   Thumb Code     0  entry11a.o(.ARM.Collect$$$$0000000F)
    main                                     0x0800019d   Thumb Code   366  main.o(.text)
    NMI_Handler                              0x08000375   Thumb Code     2  stm32f4xx_it.o(.text)
    HardFault_Handler                        0x08000377   Thumb Code     4  stm32f4xx_it.o(.text)
    MemManage_Handler                        0x0800037b   Thumb Code     4  stm32f4xx_it.o(.text)
    BusFault_Handler                         0x0800037f   Thumb Code     4  stm32f4xx_it.o(.text)
    UsageFault_Handler                       0x08000383   Thumb Code     4  stm32f4xx_it.o(.text)
    SVC_Handler                              0x08000387   Thumb Code     2  stm32f4xx_it.o(.text)
    DebugMon_Handler                         0x08000389   Thumb Code     2  stm32f4xx_it.o(.text)
    PendSV_Handler                           0x0800038b   Thumb Code     2  stm32f4xx_it.o(.text)
    SysTick_Handler                          0x0800038d   Thumb Code     2  stm32f4xx_it.o(.text)
    SystemInit                               0x0800046d   Thumb Code    88  system_stm32f4xx.o(.text)
    SystemCoreClockUpdate                    0x080004c5   Thumb Code   174  system_stm32f4xx.o(.text)
    Reset_Handler                            0x080005a1   Thumb Code     8  startup_stm32f40_41xxx.o(.text)
    ADC_IRQHandler                           0x080005bb   Thumb Code     0  startup_stm32f40_41xxx.o(.text)
    CAN1_RX0_IRQHandler                      0x080005bb   Thumb Code     0  startup_stm32f40_41xxx.o(.text)
    CAN1_RX1_IRQHandler                      0x080005bb   Thumb Code     0  startup_stm32f40_41xxx.o(.text)
    CAN1_SCE_IRQHandler                      0x080005bb   Thumb Code     0  startup_stm32f40_41xxx.o(.text)
    CAN1_TX_IRQHandler                       0x080005bb   Thumb Code     0  startup_stm32f40_41xxx.o(.text)
    CAN2_RX0_IRQHandler                      0x080005bb   Thumb Code     0  startup_stm32f40_41xxx.o(.text)
    CAN2_RX1_IRQHandler                      0x080005bb   Thumb Code     0  startup_stm32f40_41xxx.o(.text)
    CAN2_SCE_IRQHandler                      0x080005bb   Thumb Code     0  startup_stm32f40_41xxx.o(.text)
    CAN2_TX_IRQHandler                       0x080005bb   Thumb Code     0  startup_stm32f40_41xxx.o(.text)
    CRYP_IRQHandler                          0x080005bb   Thumb Code     0  startup_stm32f40_41xxx.o(.text)
    DCMI_IRQHandler                          0x080005bb   Thumb Code     0  startup_stm32f40_41xxx.o(.text)
    DMA1_Stream0_IRQHandler                  0x080005bb   Thumb Code     0  startup_stm32f40_41xxx.o(.text)
    DMA1_Stream1_IRQHandler                  0x080005bb   Thumb Code     0  startup_stm32f40_41xxx.o(.text)
    DMA1_Stream2_IRQHandler                  0x080005bb   Thumb Code     0  startup_stm32f40_41xxx.o(.text)
    DMA1_Stream3_IRQHandler                  0x080005bb   Thumb Code     0  startup_stm32f40_41xxx.o(.text)
    DMA1_Stream4_IRQHandler                  0x080005bb   Thumb Code     0  startup_stm32f40_41xxx.o(.text)
    DMA1_Stream5_IRQHandler                  0x080005bb   Thumb Code     0  startup_stm32f40_41xxx.o(.text)
    DMA1_Stream6_IRQHandler                  0x080005bb   Thumb Code     0  startup_stm32f40_41xxx.o(.text)
    DMA1_Stream7_IRQHandler                  0x080005bb   Thumb Code     0  startup_stm32f40_41xxx.o(.text)
    DMA2_Stream0_IRQHandler                  0x080005bb   Thumb Code     0  startup_stm32f40_41xxx.o(.text)
    DMA2_Stream1_IRQHandler                  0x080005bb   Thumb Code     0  startup_stm32f40_41xxx.o(.text)
    DMA2_Stream2_IRQHandler                  0x080005bb   Thumb Code     0  startup_stm32f40_41xxx.o(.text)
    DMA2_Stream3_IRQHandler                  0x080005bb   Thumb Code     0  startup_stm32f40_41xxx.o(.text)
    DMA2_Stream4_IRQHandler                  0x080005bb   Thumb Code     0  startup_stm32f40_41xxx.o(.text)
    DMA2_Stream5_IRQHandler                  0x080005bb   Thumb Code     0  startup_stm32f40_41xxx.o(.text)
    DMA2_Stream6_IRQHandler                  0x080005bb   Thumb Code     0  startup_stm32f40_41xxx.o(.text)
    DMA2_Stream7_IRQHandler                  0x080005bb   Thumb Code     0  startup_stm32f40_41xxx.o(.text)
    ETH_IRQHandler                           0x080005bb   Thumb Code     0  startup_stm32f40_41xxx.o(.text)
    ETH_WKUP_IRQHandler                      0x080005bb   Thumb Code     0  startup_stm32f40_41xxx.o(.text)
    EXTI0_IRQHandler                         0x080005bb   Thumb Code     0  startup_stm32f40_41xxx.o(.text)
    EXTI15_10_IRQHandler                     0x080005bb   Thumb Code     0  startup_stm32f40_41xxx.o(.text)
    EXTI1_IRQHandler                         0x080005bb   Thumb Code     0  startup_stm32f40_41xxx.o(.text)
    EXTI2_IRQHandler                         0x080005bb   Thumb Code     0  startup_stm32f40_41xxx.o(.text)
    EXTI3_IRQHandler                         0x080005bb   Thumb Code     0  startup_stm32f40_41xxx.o(.text)
    EXTI4_IRQHandler                         0x080005bb   Thumb Code     0  startup_stm32f40_41xxx.o(.text)
    EXTI9_5_IRQHandler                       0x080005bb   Thumb Code     0  startup_stm32f40_41xxx.o(.text)
    FLASH_IRQHandler                         0x080005bb   Thumb Code     0  startup_stm32f40_41xxx.o(.text)
    FPU_IRQHandler                           0x080005bb   Thumb Code     0  startup_stm32f40_41xxx.o(.text)
    FSMC_IRQHandler                          0x080005bb   Thumb Code     0  startup_stm32f40_41xxx.o(.text)
    HASH_RNG_IRQHandler                      0x080005bb   Thumb Code     0  startup_stm32f40_41xxx.o(.text)
    I2C1_ER_IRQHandler                       0x080005bb   Thumb Code     0  startup_stm32f40_41xxx.o(.text)
    I2C1_EV_IRQHandler                       0x080005bb   Thumb Code     0  startup_stm32f40_41xxx.o(.text)
    I2C2_ER_IRQHandler                       0x080005bb   Thumb Code     0  startup_stm32f40_41xxx.o(.text)
    I2C2_EV_IRQHandler                       0x080005bb   Thumb Code     0  startup_stm32f40_41xxx.o(.text)
    I2C3_ER_IRQHandler                       0x080005bb   Thumb Code     0  startup_stm32f40_41xxx.o(.text)
    I2C3_EV_IRQHandler                       0x080005bb   Thumb Code     0  startup_stm32f40_41xxx.o(.text)
    OTG_FS_IRQHandler                        0x080005bb   Thumb Code     0  startup_stm32f40_41xxx.o(.text)
    OTG_FS_WKUP_IRQHandler                   0x080005bb   Thumb Code     0  startup_stm32f40_41xxx.o(.text)
    OTG_HS_EP1_IN_IRQHandler                 0x080005bb   Thumb Code     0  startup_stm32f40_41xxx.o(.text)
    OTG_HS_EP1_OUT_IRQHandler                0x080005bb   Thumb Code     0  startup_stm32f40_41xxx.o(.text)
    OTG_HS_IRQHandler                        0x080005bb   Thumb Code     0  startup_stm32f40_41xxx.o(.text)
    OTG_HS_WKUP_IRQHandler                   0x080005bb   Thumb Code     0  startup_stm32f40_41xxx.o(.text)
    PVD_IRQHandler                           0x080005bb   Thumb Code     0  startup_stm32f40_41xxx.o(.text)
    RCC_IRQHandler                           0x080005bb   Thumb Code     0  startup_stm32f40_41xxx.o(.text)
    RTC_Alarm_IRQHandler                     0x080005bb   Thumb Code     0  startup_stm32f40_41xxx.o(.text)
    RTC_WKUP_IRQHandler                      0x080005bb   Thumb Code     0  startup_stm32f40_41xxx.o(.text)
    SDIO_IRQHandler                          0x080005bb   Thumb Code     0  startup_stm32f40_41xxx.o(.text)
    SPI1_IRQHandler                          0x080005bb   Thumb Code     0  startup_stm32f40_41xxx.o(.text)
    SPI2_IRQHandler                          0x080005bb   Thumb Code     0  startup_stm32f40_41xxx.o(.text)
    SPI3_IRQHandler                          0x080005bb   Thumb Code     0  startup_stm32f40_41xxx.o(.text)
    TAMP_STAMP_IRQHandler                    0x080005bb   Thumb Code     0  startup_stm32f40_41xxx.o(.text)
    TIM1_BRK_TIM9_IRQHandler                 0x080005bb   Thumb Code     0  startup_stm32f40_41xxx.o(.text)
    TIM1_CC_IRQHandler                       0x080005bb   Thumb Code     0  startup_stm32f40_41xxx.o(.text)
    TIM1_TRG_COM_TIM11_IRQHandler            0x080005bb   Thumb Code     0  startup_stm32f40_41xxx.o(.text)
    TIM1_UP_TIM10_IRQHandler                 0x080005bb   Thumb Code     0  startup_stm32f40_41xxx.o(.text)
    TIM2_IRQHandler                          0x080005bb   Thumb Code     0  startup_stm32f40_41xxx.o(.text)
    TIM4_IRQHandler                          0x080005bb   Thumb Code     0  startup_stm32f40_41xxx.o(.text)
    TIM5_IRQHandler                          0x080005bb   Thumb Code     0  startup_stm32f40_41xxx.o(.text)
    TIM6_DAC_IRQHandler                      0x080005bb   Thumb Code     0  startup_stm32f40_41xxx.o(.text)
    TIM7_IRQHandler                          0x080005bb   Thumb Code     0  startup_stm32f40_41xxx.o(.text)
    TIM8_BRK_TIM12_IRQHandler                0x080005bb   Thumb Code     0  startup_stm32f40_41xxx.o(.text)
    TIM8_CC_IRQHandler                       0x080005bb   Thumb Code     0  startup_stm32f40_41xxx.o(.text)
    TIM8_TRG_COM_TIM14_IRQHandler            0x080005bb   Thumb Code     0  startup_stm32f40_41xxx.o(.text)
    TIM8_UP_TIM13_IRQHandler                 0x080005bb   Thumb Code     0  startup_stm32f40_41xxx.o(.text)
    UART4_IRQHandler                         0x080005bb   Thumb Code     0  startup_stm32f40_41xxx.o(.text)
    UART5_IRQHandler                         0x080005bb   Thumb Code     0  startup_stm32f40_41xxx.o(.text)
    USART2_IRQHandler                        0x080005bb   Thumb Code     0  startup_stm32f40_41xxx.o(.text)
    USART6_IRQHandler                        0x080005bb   Thumb Code     0  startup_stm32f40_41xxx.o(.text)
    WWDG_IRQHandler                          0x080005bb   Thumb Code     0  startup_stm32f40_41xxx.o(.text)
    NVIC_PriorityGroupConfig                 0x080005c5   Thumb Code    10  misc.o(.text)
    NVIC_Init                                0x080005cf   Thumb Code   106  misc.o(.text)
    NVIC_SetVectorTable                      0x08000639   Thumb Code    14  misc.o(.text)
    NVIC_SystemLPConfig                      0x08000647   Thumb Code    34  misc.o(.text)
    SysTick_CLKSourceConfig                  0x08000669   Thumb Code    40  misc.o(.text)
    GPIO_DeInit                              0x080006a5   Thumb Code   268  stm32f4xx_gpio.o(.text)
    GPIO_Init                                0x080007b1   Thumb Code   144  stm32f4xx_gpio.o(.text)
    GPIO_StructInit                          0x08000841   Thumb Code    18  stm32f4xx_gpio.o(.text)
    GPIO_PinLockConfig                       0x08000853   Thumb Code    34  stm32f4xx_gpio.o(.text)
    GPIO_ReadInputDataBit                    0x08000875   Thumb Code    18  stm32f4xx_gpio.o(.text)
    GPIO_ReadInputData                       0x08000887   Thumb Code     8  stm32f4xx_gpio.o(.text)
    GPIO_ReadOutputDataBit                   0x0800088f   Thumb Code    18  stm32f4xx_gpio.o(.text)
    GPIO_ReadOutputData                      0x080008a1   Thumb Code     8  stm32f4xx_gpio.o(.text)
    GPIO_SetBits                             0x080008a9   Thumb Code     4  stm32f4xx_gpio.o(.text)
    GPIO_ResetBits                           0x080008ad   Thumb Code     4  stm32f4xx_gpio.o(.text)
    GPIO_WriteBit                            0x080008b1   Thumb Code    10  stm32f4xx_gpio.o(.text)
    GPIO_Write                               0x080008bb   Thumb Code     4  stm32f4xx_gpio.o(.text)
    GPIO_ToggleBits                          0x080008bf   Thumb Code     8  stm32f4xx_gpio.o(.text)
    GPIO_PinAFConfig                         0x080008c7   Thumb Code    70  stm32f4xx_gpio.o(.text)
    RCC_DeInit                               0x08000939   Thumb Code    82  stm32f4xx_rcc.o(.text)
    RCC_HSEConfig                            0x0800098b   Thumb Code    14  stm32f4xx_rcc.o(.text)
    RCC_GetFlagStatus                        0x08000999   Thumb Code    60  stm32f4xx_rcc.o(.text)
    RCC_WaitForHSEStartUp                    0x080009d5   Thumb Code    56  stm32f4xx_rcc.o(.text)
    RCC_AdjustHSICalibrationValue            0x08000a0d   Thumb Code    20  stm32f4xx_rcc.o(.text)
    RCC_HSICmd                               0x08000a21   Thumb Code     6  stm32f4xx_rcc.o(.text)
    RCC_LSEConfig                            0x08000a27   Thumb Code    46  stm32f4xx_rcc.o(.text)
    RCC_LSICmd                               0x08000a55   Thumb Code     6  stm32f4xx_rcc.o(.text)
    RCC_PLLConfig                            0x08000a5b   Thumb Code    32  stm32f4xx_rcc.o(.text)
    RCC_PLLCmd                               0x08000a7b   Thumb Code     6  stm32f4xx_rcc.o(.text)
    RCC_PLLI2SConfig                         0x08000a81   Thumb Code    14  stm32f4xx_rcc.o(.text)
    RCC_PLLI2SCmd                            0x08000a8f   Thumb Code     6  stm32f4xx_rcc.o(.text)
    RCC_PLLSAIConfig                         0x08000a95   Thumb Code    20  stm32f4xx_rcc.o(.text)
    RCC_PLLSAICmd                            0x08000aa9   Thumb Code     6  stm32f4xx_rcc.o(.text)
    RCC_ClockSecuritySystemCmd               0x08000aaf   Thumb Code     6  stm32f4xx_rcc.o(.text)
    RCC_MCO1Config                           0x08000ab5   Thumb Code    28  stm32f4xx_rcc.o(.text)
    RCC_MCO2Config                           0x08000ad1   Thumb Code    28  stm32f4xx_rcc.o(.text)
    RCC_SYSCLKConfig                         0x08000aed   Thumb Code    20  stm32f4xx_rcc.o(.text)
    RCC_GetSYSCLKSource                      0x08000b01   Thumb Code    12  stm32f4xx_rcc.o(.text)
    RCC_HCLKConfig                           0x08000b0d   Thumb Code    20  stm32f4xx_rcc.o(.text)
    RCC_PCLK1Config                          0x08000b21   Thumb Code    20  stm32f4xx_rcc.o(.text)
    RCC_PCLK2Config                          0x08000b35   Thumb Code    22  stm32f4xx_rcc.o(.text)
    RCC_GetClocksFreq                        0x08000b4b   Thumb Code   222  stm32f4xx_rcc.o(.text)
    RCC_RTCCLKConfig                         0x08000c29   Thumb Code    54  stm32f4xx_rcc.o(.text)
    RCC_RTCCLKCmd                            0x08000c5f   Thumb Code     8  stm32f4xx_rcc.o(.text)
    RCC_BackupResetCmd                       0x08000c67   Thumb Code     8  stm32f4xx_rcc.o(.text)
    RCC_I2SCLKConfig                         0x08000c6f   Thumb Code     6  stm32f4xx_rcc.o(.text)
    RCC_SAIPLLI2SClkDivConfig                0x08000c75   Thumb Code    26  stm32f4xx_rcc.o(.text)
    RCC_SAIPLLSAIClkDivConfig                0x08000c8f   Thumb Code    28  stm32f4xx_rcc.o(.text)
    RCC_SAIBlockACLKConfig                   0x08000cab   Thumb Code    20  stm32f4xx_rcc.o(.text)
    RCC_SAIBlockBCLKConfig                   0x08000cbf   Thumb Code    20  stm32f4xx_rcc.o(.text)
    RCC_LTDCCLKDivConfig                     0x08000cd3   Thumb Code    20  stm32f4xx_rcc.o(.text)
    RCC_TIMCLKPresConfig                     0x08000ce7   Thumb Code     6  stm32f4xx_rcc.o(.text)
    RCC_AHB1PeriphClockCmd                   0x08000ced   Thumb Code    34  stm32f4xx_rcc.o(.text)
    RCC_AHB2PeriphClockCmd                   0x08000d0f   Thumb Code    78  stm32f4xx_rcc.o(.text)
    RCC_AHB3PeriphClockCmd                   0x08000d5d   Thumb Code    34  stm32f4xx_rcc.o(.text)
    RCC_APB1PeriphClockCmd                   0x08000d7f   Thumb Code    34  stm32f4xx_rcc.o(.text)
    RCC_APB2PeriphClockCmd                   0x08000da1   Thumb Code    34  stm32f4xx_rcc.o(.text)
    RCC_AHB1PeriphResetCmd                   0x08000dc3   Thumb Code    34  stm32f4xx_rcc.o(.text)
    RCC_AHB2PeriphResetCmd                   0x08000de5   Thumb Code    34  stm32f4xx_rcc.o(.text)
    RCC_AHB3PeriphResetCmd                   0x08000e07   Thumb Code    34  stm32f4xx_rcc.o(.text)
    RCC_APB1PeriphResetCmd                   0x08000e29   Thumb Code    34  stm32f4xx_rcc.o(.text)
    RCC_APB2PeriphResetCmd                   0x08000e4b   Thumb Code    34  stm32f4xx_rcc.o(.text)
    RCC_AHB1PeriphClockLPModeCmd             0x08000e6d   Thumb Code    34  stm32f4xx_rcc.o(.text)
    RCC_AHB2PeriphClockLPModeCmd             0x08000e8f   Thumb Code    34  stm32f4xx_rcc.o(.text)
    RCC_AHB3PeriphClockLPModeCmd             0x08000eb1   Thumb Code    34  stm32f4xx_rcc.o(.text)
    RCC_APB1PeriphClockLPModeCmd             0x08000ed3   Thumb Code    34  stm32f4xx_rcc.o(.text)
    RCC_APB2PeriphClockLPModeCmd             0x08000ef5   Thumb Code    34  stm32f4xx_rcc.o(.text)
    RCC_LSEModeConfig                        0x08000f17   Thumb Code    40  stm32f4xx_rcc.o(.text)
    RCC_ITConfig                             0x08000f3f   Thumb Code    34  stm32f4xx_rcc.o(.text)
    RCC_ClearFlag                            0x08000f61   Thumb Code    18  stm32f4xx_rcc.o(.text)
    RCC_GetITStatus                          0x08000f73   Thumb Code    22  stm32f4xx_rcc.o(.text)
    RCC_ClearITPendingBit                    0x08000f89   Thumb Code     8  stm32f4xx_rcc.o(.text)
    TIM_DeInit                               0x08000f95   Thumb Code   346  stm32f4xx_tim.o(.text)
    TIM_TimeBaseInit                         0x080010ef   Thumb Code   104  stm32f4xx_tim.o(.text)
    TIM_TimeBaseStructInit                   0x08001157   Thumb Code    18  stm32f4xx_tim.o(.text)
    TIM_PrescalerConfig                      0x08001169   Thumb Code     6  stm32f4xx_tim.o(.text)
    TIM_CounterModeConfig                    0x0800116f   Thumb Code    18  stm32f4xx_tim.o(.text)
    TIM_SetCounter                           0x08001181   Thumb Code     4  stm32f4xx_tim.o(.text)
    TIM_SetAutoreload                        0x08001185   Thumb Code     4  stm32f4xx_tim.o(.text)
    TIM_GetCounter                           0x08001189   Thumb Code     6  stm32f4xx_tim.o(.text)
    TIM_GetPrescaler                         0x0800118f   Thumb Code     6  stm32f4xx_tim.o(.text)
    TIM_UpdateDisableConfig                  0x08001195   Thumb Code    24  stm32f4xx_tim.o(.text)
    TIM_UpdateRequestConfig                  0x080011ad   Thumb Code    24  stm32f4xx_tim.o(.text)
    TIM_ARRPreloadConfig                     0x080011c5   Thumb Code    24  stm32f4xx_tim.o(.text)
    TIM_SelectOnePulseMode                   0x080011dd   Thumb Code    18  stm32f4xx_tim.o(.text)
    TIM_SetClockDivision                     0x080011ef   Thumb Code    18  stm32f4xx_tim.o(.text)
    TIM_Cmd                                  0x08001201   Thumb Code    24  stm32f4xx_tim.o(.text)
    TIM_OC1Init                              0x08001219   Thumb Code   114  stm32f4xx_tim.o(.text)
    TIM_OC2Init                              0x0800128b   Thumb Code   154  stm32f4xx_tim.o(.text)
    TIM_OC3Init                              0x08001325   Thumb Code   204  stm32f4xx_tim.o(.text)
    TIM_OC4Init                              0x080013f1   Thumb Code   112  stm32f4xx_tim.o(.text)
    TIM_OCStructInit                         0x08001461   Thumb Code    20  stm32f4xx_tim.o(.text)
    TIM_SelectOCxM                           0x08001475   Thumb Code    86  stm32f4xx_tim.o(.text)
    TIM_SetCompare1                          0x080014cb   Thumb Code     4  stm32f4xx_tim.o(.text)
    TIM_SetCompare2                          0x080014cf   Thumb Code     4  stm32f4xx_tim.o(.text)
    TIM_SetCompare3                          0x080014d3   Thumb Code     4  stm32f4xx_tim.o(.text)
    TIM_SetCompare4                          0x080014d7   Thumb Code     4  stm32f4xx_tim.o(.text)
    TIM_ForcedOC1Config                      0x080014db   Thumb Code    18  stm32f4xx_tim.o(.text)
    TIM_ForcedOC2Config                      0x080014ed   Thumb Code    26  stm32f4xx_tim.o(.text)
    TIM_ForcedOC3Config                      0x08001507   Thumb Code    18  stm32f4xx_tim.o(.text)
    TIM_ForcedOC4Config                      0x08001519   Thumb Code    26  stm32f4xx_tim.o(.text)
    TIM_OC1PreloadConfig                     0x08001533   Thumb Code    18  stm32f4xx_tim.o(.text)
    TIM_OC2PreloadConfig                     0x08001545   Thumb Code    26  stm32f4xx_tim.o(.text)
    TIM_OC3PreloadConfig                     0x0800155f   Thumb Code    18  stm32f4xx_tim.o(.text)
    TIM_OC4PreloadConfig                     0x08001571   Thumb Code    26  stm32f4xx_tim.o(.text)
    TIM_OC1FastConfig                        0x0800158b   Thumb Code    18  stm32f4xx_tim.o(.text)
    TIM_OC2FastConfig                        0x0800159d   Thumb Code    26  stm32f4xx_tim.o(.text)
    TIM_OC3FastConfig                        0x080015b7   Thumb Code    18  stm32f4xx_tim.o(.text)
    TIM_OC4FastConfig                        0x080015c9   Thumb Code    26  stm32f4xx_tim.o(.text)
    TIM_ClearOC1Ref                          0x080015e3   Thumb Code    18  stm32f4xx_tim.o(.text)
    TIM_ClearOC2Ref                          0x080015f5   Thumb Code    24  stm32f4xx_tim.o(.text)
    TIM_ClearOC3Ref                          0x0800160d   Thumb Code    18  stm32f4xx_tim.o(.text)
    TIM_ClearOC4Ref                          0x0800161f   Thumb Code    24  stm32f4xx_tim.o(.text)
    TIM_OC1PolarityConfig                    0x08001637   Thumb Code    18  stm32f4xx_tim.o(.text)
    TIM_OC1NPolarityConfig                   0x08001649   Thumb Code    18  stm32f4xx_tim.o(.text)
    TIM_OC2PolarityConfig                    0x0800165b   Thumb Code    26  stm32f4xx_tim.o(.text)
    TIM_OC2NPolarityConfig                   0x08001675   Thumb Code    26  stm32f4xx_tim.o(.text)
    TIM_OC3PolarityConfig                    0x0800168f   Thumb Code    26  stm32f4xx_tim.o(.text)
    TIM_OC3NPolarityConfig                   0x080016a9   Thumb Code    26  stm32f4xx_tim.o(.text)
    TIM_OC4PolarityConfig                    0x080016c3   Thumb Code    26  stm32f4xx_tim.o(.text)
    TIM_CCxCmd                               0x080016dd   Thumb Code    30  stm32f4xx_tim.o(.text)
    TIM_CCxNCmd                              0x080016fb   Thumb Code    30  stm32f4xx_tim.o(.text)
    TIM_SetIC4Prescaler                      0x08001719   Thumb Code    26  stm32f4xx_tim.o(.text)
    TIM_SetIC3Prescaler                      0x08001783   Thumb Code    18  stm32f4xx_tim.o(.text)
    TIM_SetIC2Prescaler                      0x080017dd   Thumb Code    26  stm32f4xx_tim.o(.text)
    TIM_SetIC1Prescaler                      0x08001851   Thumb Code    18  stm32f4xx_tim.o(.text)
    TIM_ICInit                               0x0800189d   Thumb Code   110  stm32f4xx_tim.o(.text)
    TIM_ICStructInit                         0x0800190b   Thumb Code    18  stm32f4xx_tim.o(.text)
    TIM_PWMIConfig                           0x0800191d   Thumb Code   124  stm32f4xx_tim.o(.text)
    TIM_GetCapture1                          0x08001999   Thumb Code     6  stm32f4xx_tim.o(.text)
    TIM_GetCapture2                          0x0800199f   Thumb Code     6  stm32f4xx_tim.o(.text)
    TIM_GetCapture3                          0x080019a5   Thumb Code     6  stm32f4xx_tim.o(.text)
    TIM_GetCapture4                          0x080019ab   Thumb Code     6  stm32f4xx_tim.o(.text)
    TIM_BDTRConfig                           0x080019b1   Thumb Code    32  stm32f4xx_tim.o(.text)
    TIM_BDTRStructInit                       0x080019d1   Thumb Code    18  stm32f4xx_tim.o(.text)
    TIM_CtrlPWMOutputs                       0x080019e3   Thumb Code    30  stm32f4xx_tim.o(.text)
    TIM_SelectCOM                            0x08001a01   Thumb Code    24  stm32f4xx_tim.o(.text)
    TIM_CCPreloadControl                     0x08001a19   Thumb Code    24  stm32f4xx_tim.o(.text)
    TIM_ITConfig                             0x08001a31   Thumb Code    18  stm32f4xx_tim.o(.text)
    TIM_GenerateEvent                        0x08001a43   Thumb Code     4  stm32f4xx_tim.o(.text)
    TIM_GetFlagStatus                        0x08001a47   Thumb Code    18  stm32f4xx_tim.o(.text)
    TIM_ClearFlag                            0x08001a59   Thumb Code     6  stm32f4xx_tim.o(.text)
    TIM_GetITStatus                          0x08001a5f   Thumb Code    34  stm32f4xx_tim.o(.text)
    TIM_ClearITPendingBit                    0x08001a81   Thumb Code     6  stm32f4xx_tim.o(.text)
    TIM_DMAConfig                            0x08001a87   Thumb Code    10  stm32f4xx_tim.o(.text)
    TIM_DMACmd                               0x08001a91   Thumb Code    18  stm32f4xx_tim.o(.text)
    TIM_SelectCCDMA                          0x08001aa3   Thumb Code    24  stm32f4xx_tim.o(.text)
    TIM_InternalClockConfig                  0x08001abb   Thumb Code    12  stm32f4xx_tim.o(.text)
    TIM_SelectInputTrigger                   0x08001ac7   Thumb Code    18  stm32f4xx_tim.o(.text)
    TIM_ITRxExternalClockConfig              0x08001ad9   Thumb Code    24  stm32f4xx_tim.o(.text)
    TIM_TIxExternalClockConfig               0x08001af1   Thumb Code    62  stm32f4xx_tim.o(.text)
    TIM_ETRConfig                            0x08001b2f   Thumb Code    28  stm32f4xx_tim.o(.text)
    TIM_ETRClockMode1Config                  0x08001b4b   Thumb Code    54  stm32f4xx_tim.o(.text)
    TIM_ETRClockMode2Config                  0x08001b81   Thumb Code    32  stm32f4xx_tim.o(.text)
    TIM_SelectOutputTrigger                  0x08001ba1   Thumb Code    18  stm32f4xx_tim.o(.text)
    TIM_SelectSlaveMode                      0x08001bb3   Thumb Code    18  stm32f4xx_tim.o(.text)
    TIM_SelectMasterSlaveMode                0x08001bc5   Thumb Code    18  stm32f4xx_tim.o(.text)
    TIM_EncoderInterfaceConfig               0x08001bd7   Thumb Code    66  stm32f4xx_tim.o(.text)
    TIM_SelectHallSensor                     0x08001c19   Thumb Code    24  stm32f4xx_tim.o(.text)
    TIM_RemapConfig                          0x08001c31   Thumb Code     6  stm32f4xx_tim.o(.text)
    USART_DeInit                             0x08001c39   Thumb Code   206  stm32f4xx_usart.o(.text)
    USART_Init                               0x08001d07   Thumb Code   204  stm32f4xx_usart.o(.text)
    USART_StructInit                         0x08001dd3   Thumb Code    24  stm32f4xx_usart.o(.text)
    USART_ClockInit                          0x08001deb   Thumb Code    32  stm32f4xx_usart.o(.text)
    USART_ClockStructInit                    0x08001e0b   Thumb Code    12  stm32f4xx_usart.o(.text)
    USART_Cmd                                0x08001e17   Thumb Code    24  stm32f4xx_usart.o(.text)
    USART_SetPrescaler                       0x08001e2f   Thumb Code    16  stm32f4xx_usart.o(.text)
    USART_OverSampling8Cmd                   0x08001e3f   Thumb Code    22  stm32f4xx_usart.o(.text)
    USART_OneBitMethodCmd                    0x08001e55   Thumb Code    24  stm32f4xx_usart.o(.text)
    USART_SendData                           0x08001e6d   Thumb Code     8  stm32f4xx_usart.o(.text)
    USART_ReceiveData                        0x08001e75   Thumb Code    10  stm32f4xx_usart.o(.text)
    USART_SetAddress                         0x08001e7f   Thumb Code    18  stm32f4xx_usart.o(.text)
    USART_ReceiverWakeUpCmd                  0x08001e91   Thumb Code    24  stm32f4xx_usart.o(.text)
    USART_WakeUpConfig                       0x08001ea9   Thumb Code    18  stm32f4xx_usart.o(.text)
    USART_LINBreakDetectLengthConfig         0x08001ebb   Thumb Code    18  stm32f4xx_usart.o(.text)
    USART_LINCmd                             0x08001ecd   Thumb Code    24  stm32f4xx_usart.o(.text)
    USART_SendBreak                          0x08001ee5   Thumb Code    10  stm32f4xx_usart.o(.text)
    USART_HalfDuplexCmd                      0x08001eef   Thumb Code    24  stm32f4xx_usart.o(.text)
    USART_SetGuardTime                       0x08001f07   Thumb Code    16  stm32f4xx_usart.o(.text)
    USART_SmartCardCmd                       0x08001f17   Thumb Code    24  stm32f4xx_usart.o(.text)
    USART_SmartCardNACKCmd                   0x08001f2f   Thumb Code    24  stm32f4xx_usart.o(.text)
    USART_IrDAConfig                         0x08001f47   Thumb Code    18  stm32f4xx_usart.o(.text)
    USART_IrDACmd                            0x08001f59   Thumb Code    24  stm32f4xx_usart.o(.text)
    USART_DMACmd                             0x08001f71   Thumb Code    18  stm32f4xx_usart.o(.text)
    USART_ITConfig                           0x08001f83   Thumb Code    74  stm32f4xx_usart.o(.text)
    USART_GetFlagStatus                      0x08001fcd   Thumb Code    26  stm32f4xx_usart.o(.text)
    USART_ClearFlag                          0x08001fe7   Thumb Code    18  stm32f4xx_usart.o(.text)
    USART_GetITStatus                        0x08001ff9   Thumb Code   118  stm32f4xx_usart.o(.text)
    USART_ClearITPendingBit                  0x0800206f   Thumb Code    30  stm32f4xx_usart.o(.text)
    delay_init                               0x0800208d   Thumb Code    52  delay.o(.text)
    delay_us                                 0x080020c1   Thumb Code    72  delay.o(.text)
    delay_xms                                0x08002109   Thumb Code    72  delay.o(.text)
    delay_ms                                 0x08002151   Thumb Code    56  delay.o(.text)
    _sys_exit                                0x08002191   Thumb Code     4  usart.o(.text)
    fputc                                    0x08002195   Thumb Code    22  usart.o(.text)
    uart_init                                0x080021ab   Thumb Code   164  usart.o(.text)
    USART1_IRQHandler                        0x0800224f   Thumb Code   122  usart.o(.text)
    Write_IIC_Byte                           0x080022d9   Thumb Code    90  oled.o(.text)
    OLED_WrDat                               0x08002333   Thumb Code    44  oled.o(.text)
    OLED_WrCmd                               0x0800235f   Thumb Code    50  oled.o(.text)
    OLED_Set_Pos                             0x08002391   Thumb Code    40  oled.o(.text)
    OLED_Fill                                0x080023b9   Thumb Code    58  oled.o(.text)
    OLED_CLS                                 0x080023f3   Thumb Code    56  oled.o(.text)
    OLED_Init                                0x0800242b   Thumb Code   194  oled.o(.text)
    OLED_P6x8Str                             0x080024ed   Thumb Code    96  oled.o(.text)
    OLED_P8x16Str                            0x0800254d   Thumb Code   130  oled.o(.text)
    OLED_P16x16Ch                            0x080025cf   Thumb Code    80  oled.o(.text)
    Draw_BMP                                 0x0800261f   Thumb Code   116  oled.o(.text)
    OLED_ShowCHinese                         0x08002693   Thumb Code   118  oled.o(.text)
    OLED1_showchinese                        0x08002709   Thumb Code    86  oled.o(.text)
    OLED_2showchinese                        0x0800275f   Thumb Code   128  oled.o(.text)
    OLED_init_showchinese                    0x080027df   Thumb Code    86  oled.o(.text)
    Key_Init                                 0x0800285d   Thumb Code    62  key.o(.text)
    KEY_Scan                                 0x0800289b   Thumb Code   162  key.o(.text)
    LED_Init                                 0x08002949   Thumb Code    60  led.o(.text)
    IIC_Init1                                0x08002989   Thumb Code    60  oled_myiic.o(.text)
    IIC_Start1                               0x080029c5   Thumb Code    68  oled_myiic.o(.text)
    IIC_Stop1                                0x08002a09   Thumb Code    62  oled_myiic.o(.text)
    IIC_Wait_Ack1                            0x08002a47   Thumb Code    82  oled_myiic.o(.text)
    IIC_Ack1                                 0x08002a99   Thumb Code    66  oled_myiic.o(.text)
    IIC_NAck1                                0x08002adb   Thumb Code    66  oled_myiic.o(.text)
    IIC_Send_Byte1                           0x08002b1d   Thumb Code   104  oled_myiic.o(.text)
    IIC_Read_Byte1                           0x08002b85   Thumb Code    94  oled_myiic.o(.text)
    mpu_reg_dump                             0x08002c7b   Thumb Code    84  inv_mpu.o(.text)
    mpu_read_reg                             0x08002ccf   Thumb Code    66  inv_mpu.o(.text)
    mpu_set_int_latched                      0x08002d11   Thumb Code   102  inv_mpu.o(.text)
    mpu_set_sensors                          0x08002d77   Thumb Code   202  inv_mpu.o(.text)
    mpu_set_bypass                           0x08002e41   Thumb Code   328  inv_mpu.o(.text)
    mpu_reset_fifo                           0x08002f89   Thumb Code   472  inv_mpu.o(.text)
    mpu_configure_fifo                       0x08003161   Thumb Code   106  inv_mpu.o(.text)
    mpu_set_lpf                              0x080031cb   Thumb Code   126  inv_mpu.o(.text)
    mpu_lp_accel_mode                        0x08003249   Thumb Code   218  inv_mpu.o(.text)
    mpu_set_sample_rate                      0x08003323   Thumb Code   152  inv_mpu.o(.text)
    mpu_set_accel_fsr                        0x080033bb   Thumb Code   132  inv_mpu.o(.text)
    mpu_set_gyro_fsr                         0x0800343f   Thumb Code   132  inv_mpu.o(.text)
    mpu_init                                 0x080034c3   Thumb Code   416  inv_mpu.o(.text)
    mget_ms                                  0x08003663   Thumb Code     2  inv_mpu.o(.text)
    mpu_get_gyro_reg                         0x08003665   Thumb Code   110  inv_mpu.o(.text)
    mpu_get_accel_reg                        0x080036d3   Thumb Code   110  inv_mpu.o(.text)
    mpu_get_temperature                      0x08003741   Thumb Code   142  inv_mpu.o(.text)
    mpu_set_accel_bias                       0x080037cf   Thumb Code   472  inv_mpu.o(.text)
    mpu_get_gyro_fsr                         0x080039a7   Thumb Code    64  inv_mpu.o(.text)
    mpu_get_accel_fsr                        0x080039e7   Thumb Code    72  inv_mpu.o(.text)
    mpu_get_lpf                              0x08003a2f   Thumb Code    74  inv_mpu.o(.text)
    mpu_get_sample_rate                      0x08003a79   Thumb Code    26  inv_mpu.o(.text)
    mpu_get_compass_sample_rate              0x08003a93   Thumb Code    10  inv_mpu.o(.text)
    mpu_set_compass_sample_rate              0x08003a9d   Thumb Code     8  inv_mpu.o(.text)
    mpu_get_gyro_sens                        0x08003aa5   Thumb Code    74  inv_mpu.o(.text)
    mpu_get_accel_sens                       0x08003aef   Thumb Code    78  inv_mpu.o(.text)
    mpu_get_fifo_config                      0x08003b3d   Thumb Code    12  inv_mpu.o(.text)
    mpu_get_power_state                      0x08003b49   Thumb Code    22  inv_mpu.o(.text)
    mpu_get_int_status                       0x08003b5f   Thumb Code    64  inv_mpu.o(.text)
    mpu_read_fifo                            0x08003b9f   Thumb Code   520  inv_mpu.o(.text)
    mpu_read_fifo_stream                     0x08003da7   Thumb Code   186  inv_mpu.o(.text)
    mpu_set_int_level                        0x08003e61   Thumb Code    12  inv_mpu.o(.text)
    mpu_set_dmp_state                        0x08004571   Thumb Code   138  inv_mpu.o(.text)
    mpu_run_self_test                        0x080045fb   Thumb Code   278  inv_mpu.o(.text)
    mpu_write_mem                            0x08004711   Thumb Code   122  inv_mpu.o(.text)
    mpu_read_mem                             0x0800478b   Thumb Code   122  inv_mpu.o(.text)
    mpu_load_firmware                        0x08004805   Thumb Code   190  inv_mpu.o(.text)
    mpu_get_dmp_state                        0x080048c3   Thumb Code    14  inv_mpu.o(.text)
    setup_compass                            0x080048d1   Thumb Code     6  inv_mpu.o(.text)
    mpu_get_compass_reg                      0x080048d7   Thumb Code     8  inv_mpu.o(.text)
    mpu_get_compass_fsr                      0x080048df   Thumb Code     8  inv_mpu.o(.text)
    mpu_lp_motion_interrupt                  0x080048e7   Thumb Code   512  inv_mpu.o(.text)
    run_self_test                            0x08004ae7   Thumb Code   154  inv_mpu.o(.text)
    inv_row_2_scale                          0x08004b81   Thumb Code    78  inv_mpu.o(.text)
    inv_orientation_matrix_to_scalar         0x08004bcf   Thumb Code    40  inv_mpu.o(.text)
    mpu_dmp_init                             0x08004bf7   Thumb Code   152  inv_mpu.o(.text)
    mpu_dmp_get_data                         0x08004c8f   Thumb Code   520  inv_mpu.o(.text)
    dmp_load_motion_driver_firmware          0x08004ea9   Thumb Code    20  inv_mpu_dmp_motion_driver.o(.text)
    dmp_set_orientation                      0x08004ebd   Thumb Code   290  inv_mpu_dmp_motion_driver.o(.text)
    dmp_set_gyro_bias                        0x08004fdf   Thumb Code   294  inv_mpu_dmp_motion_driver.o(.text)
    dmp_set_accel_bias                       0x08005105   Thumb Code   300  inv_mpu_dmp_motion_driver.o(.text)
    dmp_set_fifo_rate                        0x08005231   Thumb Code   136  inv_mpu_dmp_motion_driver.o(.text)
    dmp_get_fifo_rate                        0x080052b9   Thumb Code    12  inv_mpu_dmp_motion_driver.o(.text)
    dmp_set_tap_thresh                       0x080052c5   Thumb Code   412  inv_mpu_dmp_motion_driver.o(.text)
    dmp_set_tap_axes                         0x08005461   Thumb Code    70  inv_mpu_dmp_motion_driver.o(.text)
    dmp_set_tap_count                        0x080054a7   Thumb Code    38  inv_mpu_dmp_motion_driver.o(.text)
    dmp_set_tap_time                         0x080054cd   Thumb Code    38  inv_mpu_dmp_motion_driver.o(.text)
    dmp_set_tap_time_multi                   0x080054f3   Thumb Code    38  inv_mpu_dmp_motion_driver.o(.text)
    dmp_set_shake_reject_thresh              0x08005519   Thumb Code    56  inv_mpu_dmp_motion_driver.o(.text)
    dmp_set_shake_reject_time                0x08005551   Thumb Code    38  inv_mpu_dmp_motion_driver.o(.text)
    dmp_set_shake_reject_timeout             0x08005577   Thumb Code    38  inv_mpu_dmp_motion_driver.o(.text)
    dmp_get_pedometer_step_count             0x0800559d   Thumb Code    66  inv_mpu_dmp_motion_driver.o(.text)
    dmp_set_pedometer_step_count             0x080055df   Thumb Code    42  inv_mpu_dmp_motion_driver.o(.text)
    dmp_get_pedometer_walk_time              0x08005609   Thumb Code    72  inv_mpu_dmp_motion_driver.o(.text)
    dmp_set_pedometer_walk_time              0x08005651   Thumb Code    48  inv_mpu_dmp_motion_driver.o(.text)
    dmp_enable_6x_lp_quat                    0x08005681   Thumb Code   100  inv_mpu_dmp_motion_driver.o(.text)
    dmp_enable_lp_quat                       0x080056e5   Thumb Code    60  inv_mpu_dmp_motion_driver.o(.text)
    dmp_enable_gyro_cal                      0x08005721   Thumb Code    62  inv_mpu_dmp_motion_driver.o(.text)
    dmp_enable_feature                       0x0800575f   Thumb Code   530  inv_mpu_dmp_motion_driver.o(.text)
    dmp_get_enabled_features                 0x08005971   Thumb Code    12  inv_mpu_dmp_motion_driver.o(.text)
    dmp_set_interrupt_mode                   0x080059db   Thumb Code    66  inv_mpu_dmp_motion_driver.o(.text)
    dmp_read_fifo                            0x08005a1d   Thumb Code   514  inv_mpu_dmp_motion_driver.o(.text)
    dmp_register_tap_cb                      0x08005c1f   Thumb Code    10  inv_mpu_dmp_motion_driver.o(.text)
    dmp_register_android_orient_cb           0x08005c29   Thumb Code    10  inv_mpu_dmp_motion_driver.o(.text)
    MPU_Write_Byte                           0x08005c39   Thumb Code    68  mpu6050.o(.text)
    MPU_Set_LPF                              0x08005c7d   Thumb Code    58  mpu6050.o(.text)
    MPU_Set_Rate                             0x08005cb7   Thumb Code    58  mpu6050.o(.text)
    MPU_Read_Byte                            0x08005cf1   Thumb Code    58  mpu6050.o(.text)
    MPU_Set_Accel_Fsr                        0x08005d2b   Thumb Code    16  mpu6050.o(.text)
    MPU_Set_Gyro_Fsr                         0x08005d3b   Thumb Code    16  mpu6050.o(.text)
    MPU_Init                                 0x08005d4b   Thumb Code   122  mpu6050.o(.text)
    MPU_Read_Len                             0x08005dc5   Thumb Code   116  mpu6050.o(.text)
    MPU_Get_Temperature                      0x08005e39   Thumb Code   110  mpu6050.o(.text)
    MPU_Get_Gyroscope                        0x08005ea7   Thumb Code    80  mpu6050.o(.text)
    MPU_Get_Accelerometer                    0x08005ef7   Thumb Code    80  mpu6050.o(.text)
    MPU_Write_Len                            0x08005f47   Thumb Code    96  mpu6050.o(.text)
    IIC_Init                                 0x08005fbd   Thumb Code    62  myiic.o(.text)
    IIC_Start                                0x08005ffb   Thumb Code    68  myiic.o(.text)
    IIC_Stop                                 0x0800603f   Thumb Code    62  myiic.o(.text)
    IIC_Wait_Ack                             0x0800607d   Thumb Code    82  myiic.o(.text)
    IIC_Ack                                  0x080060cf   Thumb Code    66  myiic.o(.text)
    IIC_NAck                                 0x08006111   Thumb Code    66  myiic.o(.text)
    IIC_Send_Byte                            0x08006153   Thumb Code    90  myiic.o(.text)
    IIC_Read_Byte                            0x080061ad   Thumb Code    94  myiic.o(.text)
    usart3_init                              0x08006219   Thumb Code   172  esp8266.o(.text)
    USART_SendByte                           0x080062c5   Thumb Code    30  esp8266.o(.text)
    ESP8266_Set_ok                           0x080062e3   Thumb Code    88  esp8266.o(.text)
    ESP8266_Set                              0x0800633b   Thumb Code    72  esp8266.o(.text)
    ESP8266_Set_Only                         0x08006383   Thumb Code    44  esp8266.o(.text)
    USART3_IRQHandler                        0x080063af   Thumb Code   102  esp8266.o(.text)
    Ping                                     0x08006415   Thumb Code    12  esp8266.o(.text)
    connect_topic                            0x08006421   Thumb Code    64  esp8266.o(.text)
    connect_bemfa                            0x08006461   Thumb Code    56  esp8266.o(.text)
    connect_fasong                           0x08006499   Thumb Code   156  esp8266.o(.text)
    TIM3_Int_Init                            0x080065f1   Thumb Code    88  timer.o(.text)
    TIM3_IRQHandler                          0x08006649   Thumb Code    92  timer.o(.text)
    __aeabi_ldivmod                          0x080066b5   Thumb Code    98  ldiv.o(.text)
    __aeabi_memset                           0x08006717   Thumb Code    14  memseta.o(.text)
    __aeabi_memset4                          0x08006717   Thumb Code     0  memseta.o(.text)
    __aeabi_memset8                          0x08006717   Thumb Code     0  memseta.o(.text)
    __aeabi_memclr                           0x08006725   Thumb Code     4  memseta.o(.text)
    __aeabi_memclr4                          0x08006725   Thumb Code     0  memseta.o(.text)
    __aeabi_memclr8                          0x08006725   Thumb Code     0  memseta.o(.text)
    _memset$wrapper                          0x08006729   Thumb Code    18  memseta.o(.text)
    memcmp                                   0x0800673b   Thumb Code    26  memcmp.o(.text)
    __aeabi_dadd                             0x08006755   Thumb Code   322  dadd.o(.text)
    __aeabi_dsub                             0x08006897   Thumb Code     6  dadd.o(.text)
    __aeabi_drsub                            0x0800689d   Thumb Code     6  dadd.o(.text)
    __aeabi_dmul                             0x080068a3   Thumb Code   228  dmul.o(.text)
    __aeabi_ddiv                             0x08006987   Thumb Code   222  ddiv.o(.text)
    __aeabi_i2d                              0x08006a65   Thumb Code    34  dflti.o(.text)
    __aeabi_f2d                              0x08006a87   Thumb Code    38  f2d.o(.text)
    __aeabi_d2f                              0x08006aad   Thumb Code    56  d2f.o(.text)
    __aeabi_uidiv                            0x08006ae5   Thumb Code     0  uidiv.o(.text)
    __aeabi_uidivmod                         0x08006ae5   Thumb Code    44  uidiv.o(.text)
    __aeabi_uldivmod                         0x08006b11   Thumb Code    98  uldiv.o(.text)
    __aeabi_llsl                             0x08006b73   Thumb Code    30  llshl.o(.text)
    _ll_shift_l                              0x08006b73   Thumb Code     0  llshl.o(.text)
    __aeabi_lasr                             0x08006b91   Thumb Code    36  llsshr.o(.text)
    _ll_sshift_r                             0x08006b91   Thumb Code     0  llsshr.o(.text)
    __I$use$fp                               0x08006bb5   Thumb Code     0  iusefp.o(.text)
    _float_round                             0x08006bb5   Thumb Code    18  fepilogue.o(.text)
    _float_epilogue                          0x08006bc7   Thumb Code    92  fepilogue.o(.text)
    _double_round                            0x08006c23   Thumb Code    30  depilogue.o(.text)
    _double_epilogue                         0x08006c41   Thumb Code   156  depilogue.o(.text)
    __aeabi_d2ulz                            0x08006cdd   Thumb Code    48  dfixul.o(.text)
    __aeabi_cdrcmple                         0x08006d0d   Thumb Code    48  cdrcmple.o(.text)
    __scatterload                            0x08006d3d   Thumb Code    28  init.o(.text)
    __scatterload_rt2                        0x08006d3d   Thumb Code     0  init.o(.text)
    __aeabi_llsr                             0x08006d61   Thumb Code    32  llushr.o(.text)
    _ll_ushift_r                             0x08006d61   Thumb Code     0  llushr.o(.text)
    _dsqrt                                   0x08006d81   Thumb Code   162  dsqrt.o(.text)
    __0printf                                0x08006e25   Thumb Code    22  printfa.o(i.__0printf)
    __1printf                                0x08006e25   Thumb Code     0  printfa.o(i.__0printf)
    __2printf                                0x08006e25   Thumb Code     0  printfa.o(i.__0printf)
    __c89printf                              0x08006e25   Thumb Code     0  printfa.o(i.__0printf)
    printf                                   0x08006e25   Thumb Code     0  printfa.o(i.__0printf)
    __0sprintf                               0x08006e45   Thumb Code    34  printfa.o(i.__0sprintf)
    __1sprintf                               0x08006e45   Thumb Code     0  printfa.o(i.__0sprintf)
    __2sprintf                               0x08006e45   Thumb Code     0  printfa.o(i.__0sprintf)
    __c89sprintf                             0x08006e45   Thumb Code     0  printfa.o(i.__0sprintf)
    sprintf                                  0x08006e45   Thumb Code     0  printfa.o(i.__0sprintf)
    __ARM_fpclassify                         0x08006e6d   Thumb Code    48  fpclassify.o(i.__ARM_fpclassify)
    __hardfp_asin                            0x08006ea1   Thumb Code   770  asin.o(i.__hardfp_asin)
    __hardfp_atan                            0x08007201   Thumb Code   622  atan.o(i.__hardfp_atan)
    __hardfp_atan2                           0x080074d9   Thumb Code   432  atan2.o(i.__hardfp_atan2)
    __kernel_poly                            0x080076c9   Thumb Code   248  poly.o(i.__kernel_poly)
    __mathlib_dbl_infnan                     0x080077c1   Thumb Code    20  dunder.o(i.__mathlib_dbl_infnan)
    __mathlib_dbl_infnan2                    0x080077d5   Thumb Code    20  dunder.o(i.__mathlib_dbl_infnan2)
    __mathlib_dbl_invalid                    0x080077e9   Thumb Code    24  dunder.o(i.__mathlib_dbl_invalid)
    __mathlib_dbl_underflow                  0x08007809   Thumb Code    24  dunder.o(i.__mathlib_dbl_underflow)
    __scatterload_copy                       0x08007829   Thumb Code    14  handlers.o(i.__scatterload_copy)
    __scatterload_null                       0x08007837   Thumb Code     2  handlers.o(i.__scatterload_null)
    __scatterload_zeroinit                   0x08007839   Thumb Code    14  handlers.o(i.__scatterload_zeroinit)
    __set_errno                              0x08007849   Thumb Code     6  errno.o(i.__set_errno)
    atan                                     0x080080f1   Thumb Code    16  atan.o(i.atan)
    fabs                                     0x08008101   Thumb Code    24  fabs.o(i.fabs)
    sqrt                                     0x08008119   Thumb Code   110  sqrt.o(i.sqrt)
    F16x16                                   0x08008186   Data         880  oled.o(.constdata)
    F6x8                                     0x080084f6   Data         552  oled.o(.constdata)
    F8X16                                    0x0800871e   Data        1520  oled.o(.constdata)
    Hzk                                      0x08008d0e   Data        1984  oled.o(.constdata)
    reg                                      0x080094d0   Data          27  inv_mpu.o(.constdata)
    hw                                       0x080094ec   Data          12  inv_mpu.o(.constdata)
    test                                     0x080094f8   Data          40  inv_mpu.o(.constdata)
    __mathlib_zero                           0x0800a200   Data           8  qnan.o(.constdata)
    Region$$Table$$Base                      0x0800a258   Number         0  anon$$obj.o(Region$$Table)
    Region$$Table$$Limit                     0x0800a278   Number         0  anon$$obj.o(Region$$Table)
    key_flag                                 0x20000000   Data           1  main.o(.data)
    weight                                   0x20000004   Data           4  main.o(.data)
    weight_index                             0x20000008   Data           4  main.o(.data)
    SystemCoreClock                          0x2000000c   Data           4  system_stm32f4xx.o(.data)
    AHBPrescTable                            0x20000010   Data          16  system_stm32f4xx.o(.data)
    __stdout                                 0x20000034   Data           4  usart.o(.data)
    USART_RX_STA                             0x20000038   Data           2  usart.o(.data)
    Okword                                   0x20000074   Data           1  esp8266.o(.data)
    char_step                                0x20000075   Data           4  esp8266.o(.data)
    char_caloreis                            0x20000079   Data           6  esp8266.o(.data)
    char_sporttime                           0x2000007f   Data           4  esp8266.o(.data)
    jishi                                    0x20000088   Data           4  timer.o(.data)
    USART_RX_BUF                             0x20000094   Data         200  usart.o(.bss)
    Receive_shuju                            0x2000016c   Data         150  esp8266.o(.bss)
    __initial_sp                             0x20000608   Data           0  startup_stm32f40_41xxx.o(STACK)



==============================================================================

Memory Map of the image

  Image Entry point : 0x08000189

  Load Region LR_IROM1 (Base: 0x08000000, Size: 0x0000a30c, Max: 0x00100000, ABSOLUTE)

    Execution Region ER_IROM1 (Exec base: 0x08000000, Load base: 0x08000000, Size: 0x0000a278, Max: 0x00100000, ABSOLUTE)

    Exec Addr    Load Addr    Size         Type   Attr      Idx    E Section Name        Object

    0x08000000   0x08000000   0x00000188   Data   RO          254    RESET               startup_stm32f40_41xxx.o
    0x08000188   0x08000188   0x00000000   Code   RO         1325  * .ARM.Collect$$$$00000000  mc_w.l(entry.o)
    0x08000188   0x08000188   0x00000004   Code   RO         1658    .ARM.Collect$$$$00000001  mc_w.l(entry2.o)
    0x0800018c   0x0800018c   0x00000004   Code   RO         1661    .ARM.Collect$$$$00000004  mc_w.l(entry5.o)
    0x08000190   0x08000190   0x00000000   Code   RO         1663    .ARM.Collect$$$$00000008  mc_w.l(entry7b.o)
    0x08000190   0x08000190   0x00000000   Code   RO         1665    .ARM.Collect$$$$0000000A  mc_w.l(entry8b.o)
    0x08000190   0x08000190   0x00000008   Code   RO         1666    .ARM.Collect$$$$0000000B  mc_w.l(entry9a.o)
    0x08000198   0x08000198   0x00000000   Code   RO         1668    .ARM.Collect$$$$0000000D  mc_w.l(entry10a.o)
    0x08000198   0x08000198   0x00000000   Code   RO         1670    .ARM.Collect$$$$0000000F  mc_w.l(entry11a.o)
    0x08000198   0x08000198   0x00000004   Code   RO         1659    .ARM.Collect$$$$00002712  mc_w.l(entry2.o)
    0x0800019c   0x0800019c   0x000001d8   Code   RO            3    .text               main.o
    0x08000374   0x08000374   0x0000001a   Code   RO          179    .text               stm32f4xx_it.o
    0x0800038e   0x0800038e   0x00000002   PAD
    0x08000390   0x08000390   0x00000210   Code   RO          228    .text               system_stm32f4xx.o
    0x080005a0   0x080005a0   0x00000024   Code   RO          255    .text               startup_stm32f40_41xxx.o
    0x080005c4   0x080005c4   0x000000e0   Code   RO          261    .text               misc.o
    0x080006a4   0x080006a4   0x00000294   Code   RO          610    .text               stm32f4xx_gpio.o
    0x08000938   0x08000938   0x0000065c   Code   RO          773    .text               stm32f4xx_rcc.o
    0x08000f94   0x08000f94   0x00000ca2   Code   RO          918    .text               stm32f4xx_tim.o
    0x08001c36   0x08001c36   0x00000002   PAD
    0x08001c38   0x08001c38   0x00000454   Code   RO          938    .text               stm32f4xx_usart.o
    0x0800208c   0x0800208c   0x00000104   Code   RO          978    .text               delay.o
    0x08002190   0x08002190   0x00000148   Code   RO         1018    .text               usart.o
    0x080022d8   0x080022d8   0x00000584   Code   RO         1049    .text               oled.o
    0x0800285c   0x0800285c   0x000000ec   Code   RO         1073    .text               key.o
    0x08002948   0x08002948   0x00000040   Code   RO         1097    .text               led.o
    0x08002988   0x08002988   0x00000268   Code   RO         1117    .text               oled_myiic.o
    0x08002bf0   0x08002bf0   0x000022b8   Code   RO         1137    .text               inv_mpu.o
    0x08004ea8   0x08004ea8   0x00000d90   Code   RO         1172    .text               inv_mpu_dmp_motion_driver.o
    0x08005c38   0x08005c38   0x00000384   Code   RO         1205    .text               mpu6050.o
    0x08005fbc   0x08005fbc   0x0000025c   Code   RO         1225    .text               myiic.o
    0x08006218   0x08006218   0x000003d8   Code   RO         1245    .text               esp8266.o
    0x080065f0   0x080065f0   0x000000c4   Code   RO         1272    .text               timer.o
    0x080066b4   0x080066b4   0x00000062   Code   RO         1328    .text               mc_w.l(ldiv.o)
    0x08006716   0x08006716   0x00000024   Code   RO         1330    .text               mc_w.l(memseta.o)
    0x0800673a   0x0800673a   0x0000001a   Code   RO         1332    .text               mc_w.l(memcmp.o)
    0x08006754   0x08006754   0x0000014e   Code   RO         1595    .text               mf_w.l(dadd.o)
    0x080068a2   0x080068a2   0x000000e4   Code   RO         1597    .text               mf_w.l(dmul.o)
    0x08006986   0x08006986   0x000000de   Code   RO         1599    .text               mf_w.l(ddiv.o)
    0x08006a64   0x08006a64   0x00000022   Code   RO         1601    .text               mf_w.l(dflti.o)
    0x08006a86   0x08006a86   0x00000026   Code   RO         1603    .text               mf_w.l(f2d.o)
    0x08006aac   0x08006aac   0x00000038   Code   RO         1605    .text               mf_w.l(d2f.o)
    0x08006ae4   0x08006ae4   0x0000002c   Code   RO         1672    .text               mc_w.l(uidiv.o)
    0x08006b10   0x08006b10   0x00000062   Code   RO         1674    .text               mc_w.l(uldiv.o)
    0x08006b72   0x08006b72   0x0000001e   Code   RO         1676    .text               mc_w.l(llshl.o)
    0x08006b90   0x08006b90   0x00000024   Code   RO         1678    .text               mc_w.l(llsshr.o)
    0x08006bb4   0x08006bb4   0x00000000   Code   RO         1687    .text               mc_w.l(iusefp.o)
    0x08006bb4   0x08006bb4   0x0000006e   Code   RO         1688    .text               mf_w.l(fepilogue.o)
    0x08006c22   0x08006c22   0x000000ba   Code   RO         1690    .text               mf_w.l(depilogue.o)
    0x08006cdc   0x08006cdc   0x00000030   Code   RO         1694    .text               mf_w.l(dfixul.o)
    0x08006d0c   0x08006d0c   0x00000030   Code   RO         1696    .text               mf_w.l(cdrcmple.o)
    0x08006d3c   0x08006d3c   0x00000024   Code   RO         1698    .text               mc_w.l(init.o)
    0x08006d60   0x08006d60   0x00000020   Code   RO         1700    .text               mc_w.l(llushr.o)
    0x08006d80   0x08006d80   0x000000a2   Code   RO         1702    .text               mf_w.l(dsqrt.o)
    0x08006e22   0x08006e22   0x00000002   PAD
    0x08006e24   0x08006e24   0x00000020   Code   RO         1567    i.__0printf         mc_w.l(printfa.o)
    0x08006e44   0x08006e44   0x00000028   Code   RO         1569    i.__0sprintf        mc_w.l(printfa.o)
    0x08006e6c   0x08006e6c   0x00000030   Code   RO         1641    i.__ARM_fpclassify  m_wm.l(fpclassify.o)
    0x08006e9c   0x08006e9c   0x00000004   PAD
    0x08006ea0   0x08006ea0   0x00000360   Code   RO         1299    i.__hardfp_asin     m_wm.l(asin.o)
    0x08007200   0x08007200   0x000002d8   Code   RO         1607    i.__hardfp_atan     m_wm.l(atan.o)
    0x080074d8   0x080074d8   0x000001f0   Code   RO         1313    i.__hardfp_atan2    m_wm.l(atan2.o)
    0x080076c8   0x080076c8   0x000000f8   Code   RO         1643    i.__kernel_poly     m_wm.l(poly.o)
    0x080077c0   0x080077c0   0x00000014   Code   RO         1622    i.__mathlib_dbl_infnan  m_wm.l(dunder.o)
    0x080077d4   0x080077d4   0x00000014   Code   RO         1623    i.__mathlib_dbl_infnan2  m_wm.l(dunder.o)
    0x080077e8   0x080077e8   0x00000020   Code   RO         1624    i.__mathlib_dbl_invalid  m_wm.l(dunder.o)
    0x08007808   0x08007808   0x00000020   Code   RO         1627    i.__mathlib_dbl_underflow  m_wm.l(dunder.o)
    0x08007828   0x08007828   0x0000000e   Code   RO         1708    i.__scatterload_copy  mc_w.l(handlers.o)
    0x08007836   0x08007836   0x00000002   Code   RO         1709    i.__scatterload_null  mc_w.l(handlers.o)
    0x08007838   0x08007838   0x0000000e   Code   RO         1710    i.__scatterload_zeroinit  mc_w.l(handlers.o)
    0x08007846   0x08007846   0x00000002   PAD
    0x08007848   0x08007848   0x0000000c   Code   RO         1682    i.__set_errno       mc_w.l(errno.o)
    0x08007854   0x08007854   0x00000164   Code   RO         1574    i._fp_digits        mc_w.l(printfa.o)
    0x080079b8   0x080079b8   0x000006dc   Code   RO         1575    i._printf_core      mc_w.l(printfa.o)
    0x08008094   0x08008094   0x00000024   Code   RO         1576    i._printf_post_padding  mc_w.l(printfa.o)
    0x080080b8   0x080080b8   0x0000002e   Code   RO         1577    i._printf_pre_padding  mc_w.l(printfa.o)
    0x080080e6   0x080080e6   0x0000000a   Code   RO         1579    i._sputc            mc_w.l(printfa.o)
    0x080080f0   0x080080f0   0x00000010   Code   RO         1609    i.atan              m_wm.l(atan.o)
    0x08008100   0x08008100   0x00000018   Code   RO         1637    i.fabs              m_wm.l(fabs.o)
    0x08008118   0x08008118   0x0000006e   Code   RO         1648    i.sqrt              m_wm.l(sqrt.o)
    0x08008186   0x08008186   0x00001348   Data   RO         1050    .constdata          oled.o
    0x080094ce   0x080094ce   0x00000002   PAD
    0x080094d0   0x080094d0   0x00000050   Data   RO         1138    .constdata          inv_mpu.o
    0x08009520   0x08009520   0x00000bf6   Data   RO         1174    .constdata          inv_mpu_dmp_motion_driver.o
    0x0800a116   0x0800a116   0x00000002   PAD
    0x0800a118   0x0800a118   0x00000050   Data   RO         1302    .constdata          m_wm.l(asin.o)
    0x0800a168   0x0800a168   0x00000098   Data   RO         1610    .constdata          m_wm.l(atan.o)
    0x0800a200   0x0800a200   0x00000008   Data   RO         1645    .constdata          m_wm.l(qnan.o)
    0x0800a208   0x0800a208   0x0000004d   Data   RO         1139    .conststring        inv_mpu.o
    0x0800a255   0x0800a255   0x00000003   PAD
    0x0800a258   0x0800a258   0x00000020   Data   RO         1706    Region$$Table       anon$$obj.o


    Execution Region RW_IRAM1 (Exec base: 0x20000000, Load base: 0x0800a278, Size: 0x00000608, Max: 0x00020000, ABSOLUTE)

    Exec Addr    Load Addr    Size         Type   Attr      Idx    E Section Name        Object

    0x20000000   0x0800a278   0x0000000c   Data   RW            4    .data               main.o
    0x2000000c   0x0800a284   0x00000014   Data   RW          229    .data               system_stm32f4xx.o
    0x20000020   0x0800a298   0x00000010   Data   RW          774    .data               stm32f4xx_rcc.o
    0x20000030   0x0800a2a8   0x00000004   Data   RW          979    .data               delay.o
    0x20000034   0x0800a2ac   0x00000006   Data   RW         1020    .data               usart.o
    0x2000003a   0x0800a2b2   0x00000001   Data   RW         1074    .data               key.o
    0x2000003b   0x0800a2b3   0x00000001   PAD
    0x2000003c   0x0800a2b4   0x00000035   Data   RW         1140    .data               inv_mpu.o
    0x20000071   0x0800a2e9   0x00000003   PAD
    0x20000074   0x0800a2ec   0x00000014   Data   RW         1247    .data               esp8266.o
    0x20000088   0x0800a300   0x00000008   Data   RW         1273    .data               timer.o
    0x20000090   0x0800a308   0x00000004   Data   RW         1683    .data               mc_w.l(errno.o)
    0x20000094        -       0x000000c8   Zero   RW         1019    .bss                usart.o
    0x2000015c        -       0x00000010   Zero   RW         1173    .bss                inv_mpu_dmp_motion_driver.o
    0x2000016c        -       0x00000096   Zero   RW         1246    .bss                esp8266.o
    0x20000202   0x0800a30c   0x00000006   PAD
    0x20000208        -       0x00000400   Zero   RW          252    STACK               startup_stm32f40_41xxx.o


==============================================================================

Image component sizes


      Code (inc. data)   RO Data    RW Data    ZI Data      Debug   Object Name

       260          8          0          4          0       1521   delay.o
       984        188          0         20        150       3717   esp8266.o
      8888        220        157         53          0      24657   inv_mpu.o
      3472        142       3062          0         16      15623   inv_mpu_dmp_motion_driver.o
       236         12          0          1          0        880   key.o
        64          4          0          0          0        547   led.o
       472        106          0         12          0     283458   main.o
       224         20          0          0          0       1857   misc.o
       900         22          0          0          0       4551   mpu6050.o
       604         14          0          0          0       1940   myiic.o
      1412         64       4936          0          0       5066   oled.o
       616         14          0          0          0       1984   oled_myiic.o
        36          8        392          0       1024        836   startup_stm32f40_41xxx.o
       660         44          0          0          0       4201   stm32f4xx_gpio.o
        26          0          0          0          0       1242   stm32f4xx_it.o
      1628         52          0         16          0      13092   stm32f4xx_rcc.o
      3234         60          0          0          0      23056   stm32f4xx_tim.o
      1108         34          0          0          0       7924   stm32f4xx_usart.o
       528         46          0         20          0       1839   system_stm32f4xx.o
       196         16          0          8          0       1140   timer.o
       328         16          0          6        200       3358   usart.o

    ----------------------------------------------------------------------
     25880       1090       8586        144       1396     402489   Object Totals
         0          0         32          0          0          0   (incl. Generated)
         4          0          7          4          6          0   (incl. Padding)

    ----------------------------------------------------------------------

      Code (inc. data)   RO Data    RW Data    ZI Data      Debug   Library Member Name

       864         94         80          0          0        280   asin.o
       744        106        152          0          0        352   atan.o
       496         64          0          0          0        192   atan2.o
       104         16          0          0          0        496   dunder.o
        24          0          0          0          0        124   fabs.o
        48          0          0          0          0        124   fpclassify.o
       248          0          0          0          0        152   poly.o
         0          0          8          0          0          0   qnan.o
       110          0          0          0          0        148   sqrt.o
         0          0          0          0          0          0   entry.o
         0          0          0          0          0          0   entry10a.o
         0          0          0          0          0          0   entry11a.o
         8          4          0          0          0          0   entry2.o
         4          0          0          0          0          0   entry5.o
         0          0          0          0          0          0   entry7b.o
         0          0          0          0          0          0   entry8b.o
         8          4          0          0          0          0   entry9a.o
        12          6          0          4          0         68   errno.o
        30          0          0          0          0          0   handlers.o
        36          8          0          0          0         68   init.o
         0          0          0          0          0          0   iusefp.o
        98          0          0          0          0         84   ldiv.o
        30          0          0          0          0         68   llshl.o
        36          0          0          0          0         68   llsshr.o
        32          0          0          0          0         68   llushr.o
        26          0          0          0          0         80   memcmp.o
        36          0          0          0          0        108   memseta.o
      2276         96          0          0          0        596   printfa.o
        44          0          0          0          0         80   uidiv.o
        98          0          0          0          0         92   uldiv.o
        48          0          0          0          0         68   cdrcmple.o
        56          0          0          0          0         88   d2f.o
       334          0          0          0          0        148   dadd.o
       222          0          0          0          0        100   ddiv.o
       186          0          0          0          0        176   depilogue.o
        48          0          0          0          0         68   dfixul.o
        34          0          0          0          0         76   dflti.o
       228          0          0          0          0         96   dmul.o
       162          0          0          0          0        100   dsqrt.o
        38          0          0          0          0         68   f2d.o
       110          0          0          0          0        168   fepilogue.o

    ----------------------------------------------------------------------
      6886        398        240          4          0       4404   Library Totals
         8          0          0          0          0          0   (incl. Padding)

    ----------------------------------------------------------------------

      Code (inc. data)   RO Data    RW Data    ZI Data      Debug   Library Name

      2638        280        240          0          0       1868   m_wm.l
      2774        118          0          4          0       1380   mc_w.l
      1466          0          0          0          0       1156   mf_w.l

    ----------------------------------------------------------------------
      6886        398        240          4          0       4404   Library Totals

    ----------------------------------------------------------------------

==============================================================================


      Code (inc. data)   RO Data    RW Data    ZI Data      Debug   

     32766       1488       8826        148       1396     400997   Grand Totals
     32766       1488       8826        148       1396     400997   ELF Image Totals
     32766       1488       8826        148          0          0   ROM Totals

==============================================================================

    Total RO  Size (Code + RO Data)                41592 (  40.62kB)
    Total RW  Size (RW Data + ZI Data)              1544 (   1.51kB)
    Total ROM Size (Code + RO Data + RW Data)      41740 (  40.76kB)

==============================================================================

