Component: ARM Compiler 5.05 update 2 (build 169) Tool: armlink [4d0f33]

==============================================================================

Section Cross References

    startup_stm32f40_41xxx.o(RESET) refers to startup_stm32f40_41xxx.o(STACK) for __initial_sp
    startup_stm32f40_41xxx.o(RESET) refers to startup_stm32f40_41xxx.o(.text) for Reset_Handler
    startup_stm32f40_41xxx.o(RESET) refers to stm32f4xx_it.o(i.NMI_Handler) for NMI_Handler
    startup_stm32f40_41xxx.o(RESET) refers to stm32f4xx_it.o(i.HardFault_Handler) for HardFault_Handler
    startup_stm32f40_41xxx.o(RESET) refers to stm32f4xx_it.o(i.MemManage_Handler) for MemManage_Handler
    startup_stm32f40_41xxx.o(RESET) refers to stm32f4xx_it.o(i.BusFault_Handler) for BusFault_Handler
    startup_stm32f40_41xxx.o(RESET) refers to stm32f4xx_it.o(i.UsageFault_Handler) for UsageFault_Handler
    startup_stm32f40_41xxx.o(RESET) refers to stm32f4xx_it.o(i.SVC_Handler) for SVC_Handler
    startup_stm32f40_41xxx.o(RESET) refers to stm32f4xx_it.o(i.DebugMon_Handler) for DebugMon_Handler
    startup_stm32f40_41xxx.o(RESET) refers to stm32f4xx_it.o(i.PendSV_Handler) for PendSV_Handler
    startup_stm32f40_41xxx.o(RESET) refers to stm32f4xx_it.o(i.SysTick_Handler) for SysTick_Handler
    startup_stm32f40_41xxx.o(RESET) refers to exti.o(i.EXTI0_IRQHandler) for EXTI0_IRQHandler
    startup_stm32f40_41xxx.o(RESET) refers to infrared.o(i.EXTI9_5_IRQHandler) for EXTI9_5_IRQHandler
    startup_stm32f40_41xxx.o(RESET) refers to tim.o(i.TIM4_IRQHandler) for TIM4_IRQHandler
    startup_stm32f40_41xxx.o(RESET) refers to uart.o(i.USART3_IRQHandler) for USART3_IRQHandler
    startup_stm32f40_41xxx.o(RESET) refers to rtc.o(i.RTC_Alarm_IRQHandler) for RTC_Alarm_IRQHandler
    startup_stm32f40_41xxx.o(.text) refers to system_stm32f4xx.o(i.SystemInit) for SystemInit
    startup_stm32f40_41xxx.o(.text) refers to entry.o(.ARM.Collect$$$$00000000) for __main
    stm32f4xx_adc.o(i.ADC_DeInit) refers to stm32f4xx_rcc.o(i.RCC_APB2PeriphResetCmd) for RCC_APB2PeriphResetCmd
    stm32f4xx_can.o(i.CAN_DeInit) refers to stm32f4xx_rcc.o(i.RCC_APB1PeriphResetCmd) for RCC_APB1PeriphResetCmd
    stm32f4xx_can.o(i.CAN_GetITStatus) refers to stm32f4xx_can.o(i.CheckITStatus) for CheckITStatus
    stm32f4xx_cryp.o(i.CRYP_DeInit) refers to stm32f4xx_rcc.o(i.RCC_AHB2PeriphResetCmd) for RCC_AHB2PeriphResetCmd
    stm32f4xx_cryp_aes.o(i.CRYP_AES_CBC) refers to stm32f4xx_cryp.o(i.CRYP_KeyStructInit) for CRYP_KeyStructInit
    stm32f4xx_cryp_aes.o(i.CRYP_AES_CBC) refers to stm32f4xx_cryp.o(i.CRYP_FIFOFlush) for CRYP_FIFOFlush
    stm32f4xx_cryp_aes.o(i.CRYP_AES_CBC) refers to stm32f4xx_cryp.o(i.CRYP_Init) for CRYP_Init
    stm32f4xx_cryp_aes.o(i.CRYP_AES_CBC) refers to stm32f4xx_cryp.o(i.CRYP_KeyInit) for CRYP_KeyInit
    stm32f4xx_cryp_aes.o(i.CRYP_AES_CBC) refers to stm32f4xx_cryp.o(i.CRYP_Cmd) for CRYP_Cmd
    stm32f4xx_cryp_aes.o(i.CRYP_AES_CBC) refers to stm32f4xx_cryp.o(i.CRYP_GetFlagStatus) for CRYP_GetFlagStatus
    stm32f4xx_cryp_aes.o(i.CRYP_AES_CBC) refers to stm32f4xx_cryp.o(i.CRYP_IVInit) for CRYP_IVInit
    stm32f4xx_cryp_aes.o(i.CRYP_AES_CBC) refers to stm32f4xx_cryp.o(i.CRYP_GetCmdStatus) for CRYP_GetCmdStatus
    stm32f4xx_cryp_aes.o(i.CRYP_AES_CBC) refers to stm32f4xx_cryp.o(i.CRYP_DataIn) for CRYP_DataIn
    stm32f4xx_cryp_aes.o(i.CRYP_AES_CBC) refers to stm32f4xx_cryp.o(i.CRYP_DataOut) for CRYP_DataOut
    stm32f4xx_cryp_aes.o(i.CRYP_AES_CCM) refers to stm32f4xx_cryp.o(i.CRYP_KeyStructInit) for CRYP_KeyStructInit
    stm32f4xx_cryp_aes.o(i.CRYP_AES_CCM) refers to stm32f4xx_cryp.o(i.CRYP_FIFOFlush) for CRYP_FIFOFlush
    stm32f4xx_cryp_aes.o(i.CRYP_AES_CCM) refers to stm32f4xx_cryp.o(i.CRYP_KeyInit) for CRYP_KeyInit
    stm32f4xx_cryp_aes.o(i.CRYP_AES_CCM) refers to stm32f4xx_cryp.o(i.CRYP_IVInit) for CRYP_IVInit
    stm32f4xx_cryp_aes.o(i.CRYP_AES_CCM) refers to stm32f4xx_cryp.o(i.CRYP_Init) for CRYP_Init
    stm32f4xx_cryp_aes.o(i.CRYP_AES_CCM) refers to stm32f4xx_cryp.o(i.CRYP_PhaseConfig) for CRYP_PhaseConfig
    stm32f4xx_cryp_aes.o(i.CRYP_AES_CCM) refers to stm32f4xx_cryp.o(i.CRYP_DataIn) for CRYP_DataIn
    stm32f4xx_cryp_aes.o(i.CRYP_AES_CCM) refers to stm32f4xx_cryp.o(i.CRYP_Cmd) for CRYP_Cmd
    stm32f4xx_cryp_aes.o(i.CRYP_AES_CCM) refers to stm32f4xx_cryp.o(i.CRYP_GetCmdStatus) for CRYP_GetCmdStatus
    stm32f4xx_cryp_aes.o(i.CRYP_AES_CCM) refers to stm32f4xx_cryp.o(i.CRYP_GetFlagStatus) for CRYP_GetFlagStatus
    stm32f4xx_cryp_aes.o(i.CRYP_AES_CCM) refers to stm32f4xx_cryp.o(i.CRYP_DataOut) for CRYP_DataOut
    stm32f4xx_cryp_aes.o(i.CRYP_AES_CTR) refers to stm32f4xx_cryp.o(i.CRYP_KeyStructInit) for CRYP_KeyStructInit
    stm32f4xx_cryp_aes.o(i.CRYP_AES_CTR) refers to stm32f4xx_cryp.o(i.CRYP_KeyInit) for CRYP_KeyInit
    stm32f4xx_cryp_aes.o(i.CRYP_AES_CTR) refers to stm32f4xx_cryp.o(i.CRYP_Init) for CRYP_Init
    stm32f4xx_cryp_aes.o(i.CRYP_AES_CTR) refers to stm32f4xx_cryp.o(i.CRYP_IVInit) for CRYP_IVInit
[...]
    ..\FWLIB\src\stm32f4xx_flash.c           0x00000000   Number         0  stm32f4xx_flash.o ABSOLUTE
    ..\FWLIB\src\stm32f4xx_flash_ramfunc.c   0x00000000   Number         0  stm32f4xx_flash_ramfunc.o ABSOLUTE
    ..\FWLIB\src\stm32f4xx_fsmc.c            0x00000000   Number         0  stm32f4xx_fsmc.o ABSOLUTE
    ..\FWLIB\src\stm32f4xx_gpio.c            0x00000000   Number         0  stm32f4xx_gpio.o ABSOLUTE
    ..\FWLIB\src\stm32f4xx_hash.c            0x00000000   Number         0  stm32f4xx_hash.o ABSOLUTE
    ..\FWLIB\src\stm32f4xx_hash_md5.c        0x00000000   Number         0  stm32f4xx_hash_md5.o ABSOLUTE
    ..\FWLIB\src\stm32f4xx_hash_sha1.c       0x00000000   Number         0  stm32f4xx_hash_sha1.o ABSOLUTE
    ..\FWLIB\src\stm32f4xx_i2c.c             0x00000000   Number         0  stm32f4xx_i2c.o ABSOLUTE
    ..\FWLIB\src\stm32f4xx_iwdg.c            0x00000000   Number         0  stm32f4xx_iwdg.o ABSOLUTE
    ..\FWLIB\src\stm32f4xx_ltdc.c            0x00000000   Number         0  stm32f4xx_ltdc.o ABSOLUTE
    ..\FWLIB\src\stm32f4xx_pwr.c             0x00000000   Number         0  stm32f4xx_pwr.o ABSOLUTE
    ..\FWLIB\src\stm32f4xx_rcc.c             0x00000000   Number         0  stm32f4xx_rcc.o ABSOLUTE
    ..\FWLIB\src\stm32f4xx_rng.c             0x00000000   Number         0  stm32f4xx_rng.o ABSOLUTE
    ..\FWLIB\src\stm32f4xx_rtc.c             0x00000000   Number         0  stm32f4xx_rtc.o ABSOLUTE
    ..\FWLIB\src\stm32f4xx_sai.c             0x00000000   Number         0  stm32f4xx_sai.o ABSOLUTE
    ..\FWLIB\src\stm32f4xx_sdio.c            0x00000000   Number         0  stm32f4xx_sdio.o ABSOLUTE
    ..\FWLIB\src\stm32f4xx_spi.c             0x00000000   Number         0  stm32f4xx_spi.o ABSOLUTE
    ..\FWLIB\src\stm32f4xx_syscfg.c          0x00000000   Number         0  stm32f4xx_syscfg.o ABSOLUTE
    ..\FWLIB\src\stm32f4xx_tim.c             0x00000000   Number         0  stm32f4xx_tim.o ABSOLUTE
    ..\FWLIB\src\stm32f4xx_usart.c           0x00000000   Number         0  stm32f4xx_usart.o ABSOLUTE
    ..\FWLIB\src\stm32f4xx_wwdg.c            0x00000000   Number         0  stm32f4xx_wwdg.o ABSOLUTE
    ..\HARDWARE\OLED_I2C.c                   0x00000000   Number         0  oled_i2c.o ABSOLUTE
    ..\HARDWARE\adc.c                        0x00000000   Number         0  adc.o ABSOLUTE
    ..\HARDWARE\delay.c                      0x00000000   Number         0  delay.o ABSOLUTE
    ..\HARDWARE\dht11.c                      0x00000000   Number         0  dht11.o ABSOLUTE
    ..\HARDWARE\exti.c                       0x00000000   Number         0  exti.o ABSOLUTE
    ..\HARDWARE\infrared.c                   0x00000000   Number         0  infrared.o ABSOLUTE
    ..\HARDWARE\iwdg.c                       0x00000000   Number         0  iwdg.o ABSOLUTE
    ..\HARDWARE\key.c                        0x00000000   Number         0  key.o ABSOLUTE
    ..\HARDWARE\led.c                        0x00000000   Number         0  led.o ABSOLUTE
    ..\HARDWARE\mpu6050.c                    0x00000000   Number         0  mpu6050.o ABSOLUTE
    ..\HARDWARE\myiic.c                      0x00000000   Number         0  myiic.o ABSOLUTE
    ..\HARDWARE\pwm.c                        0x00000000   Number         0  pwm.o ABSOLUTE
    ..\HARDWARE\rtc.c                        0x00000000   Number         0  rtc.o ABSOLUTE
    ..\HARDWARE\show.c                       0x00000000   Number         0  show.o ABSOLUTE
    ..\HARDWARE\tim.c                        0x00000000   Number         0  tim.o ABSOLUTE
    ..\HARDWARE\uart.c                       0x00000000   Number         0  uart.o ABSOLUTE
    ..\\FWLIB\\src\\misc.c                   0x00000000   Number         0  misc.o ABSOLUTE
    ..\\FWLIB\\src\\stm32f4xx_adc.c          0x00000000   Number         0  stm32f4xx_adc.o ABSOLUTE
    ..\\FWLIB\\src\\stm32f4xx_can.c          0x00000000   Number         0  stm32f4xx_can.o ABSOLUTE
    ..\\FWLIB\\src\\stm32f4xx_crc.c          0x00000000   Number         0  stm32f4xx_crc.o ABSOLUTE
    ..\\FWLIB\\src\\stm32f4xx_cryp.c         0x00000000   Number         0  stm32f4xx_cryp.o ABSOLUTE
    ..\\FWLIB\\src\\stm32f4xx_cryp_aes.c     0x00000000   Number         0  stm32f4xx_cryp_aes.o ABSOLUTE
    ..\\FWLIB\\src\\stm32f4xx_cryp_des.c     0x00000000   Number         0  stm32f4xx_cryp_des.o ABSOLUTE
    ..\\FWLIB\\src\\stm32f4xx_cryp_tdes.c    0x00000000   Number         0  stm32f4xx_cryp_tdes.o ABSOLUTE
    ..\\FWLIB\\src\\stm32f4xx_dac.c          0x00000000   Number         0  stm32f4xx_dac.o ABSOLUTE
    ..\\FWLIB\\src\\stm32f4xx_dbgmcu.c       0x00000000   Number         0  stm32f4xx_dbgmcu.o ABSOLUTE
    ..\\FWLIB\\src\\stm32f4xx_dcmi.c         0x00000000   Number         0  stm32f4xx_dcmi.o ABSOLUTE
    ..\\FWLIB\\src\\stm32f4xx_dma.c          0x00000000   Number         0  stm32f4xx_dma.o ABSOLUTE
    ..\\FWLIB\\src\\stm32f4xx_dma2d.c        0x00000000   Number         0  stm32f4xx_dma2d.o ABSOLUTE
    ..\\FWLIB\\src\\stm32f4xx_exti.c         0x00000000   Number         0  stm32f4xx_exti.o ABSOLUTE
    ..\\FWLIB\\src\\stm32f4xx_flash.c        0x00000000   Number         0  stm32f4xx_flash.o ABSOLUTE
    ..\\FWLIB\\src\\stm32f4xx_flash_ramfunc.c 0x00000000   Number         0  stm32f4xx_flash_ramfunc.o ABSOLUTE
    ..\\FWLIB\\src\\stm32f4xx_fsmc.c         0x00000000   Number         0  stm32f4xx_fsmc.o ABSOLUTE
    ..\\FWLIB\\src\\stm32f4xx_gpio.c         0x00000000   Number         0  stm32f4xx_gpio.o ABSOLUTE
    ..\\FWLIB\\src\\stm32f4xx_hash.c         0x00000000   Number         0  stm32f4xx_hash.o ABSOLUTE
    ..\\FWLIB\\src\\stm32f4xx_hash_md5.c     0x00000000   Number         0  stm32f4xx_hash_md5.o ABSOLUTE
    ..\\FWLIB\\src\\stm32f4xx_hash_sha1.c    0x00000000   Number         0  stm32f4xx_hash_sha1.o ABSOLUTE
    ..\\FWLIB\\src\\stm32f4xx_i2c.c          0x00000000   Number         0  stm32f4xx_i2c.o ABSOLUTE
    ..\\FWLIB\\src\\stm32f4xx_iwdg.c         0x00000000   Number         0  stm32f4xx_iwdg.o ABSOLUTE
    ..\\FWLIB\\src\\stm32f4xx_ltdc.c         0x00000000   Number         0  stm32f4xx_ltdc.o ABSOLUTE
    ..\\FWLIB\\src\\stm32f4xx_pwr.c          0x00000000   Number         0  stm32f4xx_pwr.o ABSOLUTE
    ..\\FWLIB\\src\\stm32f4xx_rcc.c          0x00000000   Number         0  stm32f4xx_rcc.o ABSOLUTE
    ..\\FWLIB\\src\\stm32f4xx_rng.c          0x00000000   Number         0  stm32f4xx_rng.o ABSOLUTE
    ..\\FWLIB\\src\\stm32f4xx_rtc.c          0x00000000   Number         0  stm32f4xx_rtc.o ABSOLUTE
    ..\\FWLIB\\src\\stm32f4xx_sai.c          0x00000000   Number         0  stm32f4xx_sai.o ABSOLUTE
    ..\\FWLIB\\src\\stm32f4xx_sdio.c         0x00000000   Number         0  stm32f4xx_sdio.o ABSOLUTE
    ..\\FWLIB\\src\\stm32f4xx_spi.c          0x00000000   Number         0  stm32f4xx_spi.o ABSOLUTE
    ..\\FWLIB\\src\\stm32f4xx_syscfg.c       0x00000000   Number         0  stm32f4xx_syscfg.o ABSOLUTE
    ..\\FWLIB\\src\\stm32f4xx_tim.c          0x00000000   Number         0  stm32f4xx_tim.o ABSOLUTE
    ..\\FWLIB\\src\\stm32f4xx_usart.c        0x00000000   Number         0  stm32f4xx_usart.o ABSOLUTE
    ..\\FWLIB\\src\\stm32f4xx_wwdg.c         0x00000000   Number         0  stm32f4xx_wwdg.o ABSOLUTE
    ..\\HARDWARE\\OLED_I2C.c                 0x00000000   Number         0  oled_i2c.o ABSOLUTE
    ..\\HARDWARE\\adc.c                      0x00000000   Number         0  adc.o ABSOLUTE
    ..\\HARDWARE\\delay.c                    0x00000000   Number         0  delay.o ABSOLUTE
    ..\\HARDWARE\\dht11.c                    0x00000000   Number         0  dht11.o ABSOLUTE
    ..\\HARDWARE\\exti.c                     0x00000000   Number         0  exti.o ABSOLUTE
    ..\\HARDWARE\\infrared.c                 0x00000000   Number         0  infrared.o ABSOLUTE
    ..\\HARDWARE\\iwdg.c                     0x00000000   Number         0  iwdg.o ABSOLUTE
    ..\\HARDWARE\\key.c                      0x00000000   Number         0  key.o ABSOLUTE
    ..\\HARDWARE\\led.c                      0x00000000   Number         0  led.o ABSOLUTE
    ..\\HARDWARE\\mpu6050.c                  0x00000000   Number         0  mpu6050.o ABSOLUTE
    ..\\HARDWARE\\myiic.c                    0x00000000   Number         0  myiic.o ABSOLUTE
    ..\\HARDWARE\\pwm.c                      0x00000000   Number         0  pwm.o ABSOLUTE
    ..\\HARDWARE\\rtc.c                      0x00000000   Number         0  rtc.o ABSOLUTE
    ..\\HARDWARE\\show.c                     0x00000000   Number         0  show.o ABSOLUTE
    ..\\HARDWARE\\tim.c                      0x00000000   Number         0  tim.o ABSOLUTE
    ..\\HARDWARE\\uart.c                     0x00000000   Number         0  uart.o ABSOLUTE
    cdrcmple.s                               0x00000000   Number         0  cdrcmple.o ABSOLUTE
    dc.s                                     0x00000000   Number         0  dc.o ABSOLUTE
    handlers.s                               0x00000000   Number         0  handlers.o ABSOLUTE
    init.s                                   0x00000000   Number         0  init.o ABSOLUTE
    main.c                                   0x00000000   Number         0  main.o ABSOLUTE
    main.c                                   0x00000000   Number         0  main.o ABSOLUTE
    stm32f4xx_it.c                           0x00000000   Number         0  stm32f4xx_it.o ABSOLUTE
    stm32f4xx_it.c                           0x00000000   Number         0  stm32f4xx_it.o ABSOLUTE
    system_stm32f4xx.c                       0x00000000   Number         0  system_stm32f4xx.o ABSOLUTE
    system_stm32f4xx.c                       0x00000000   Number         0  system_stm32f4xx.o ABSOLUTE
    RESET                                    0x08000000   Section      392  startup_stm32f40_41xxx.o(RESET)
    .ARM.Collect$$$$00000000                 0x08000188   Section        0  entry.o(.ARM.Collect$$$$00000000)
    .ARM.Collect$$$$00000001                 0x08000188   Section        4  entry2.o(.ARM.Collect$$$$00000001)
    .ARM.Collect$$$$00000004                 0x0800018c   Section        4  entry5.o(.ARM.Collect$$$$00000004)
    .ARM.Collect$$$$00000008                 0x08000190   Section        0  entry7b.o(.ARM.Collect$$$$00000008)
    .ARM.Collect$$$$0000000A                 0x08000190   Section        0  entry8b.o(.ARM.Collect$$$$0000000A)
    .ARM.Collect$$$$0000000B                 0x08000190   Section        8  entry9a.o(.ARM.Collect$$$$0000000B)
    .ARM.Collect$$$$0000000D                 0x08000198   Section        0  entry10a.o(.ARM.Collect$$$$0000000D)
    .ARM.Collect$$$$0000000F                 0x08000198   Section        0  entry11a.o(.ARM.Collect$$$$0000000F)
    .ARM.Collect$$$$00002712                 0x08000198   Section        4  entry2.o(.ARM.Collect$$$$00002712)
    __lit__00000000                          0x08000198   Data           4  entry2.o(.ARM.Collect$$$$00002712)
    .text                                    0x0800019c   Section       36  startup_stm32f40_41xxx.o(.text)
    $v0                                      0x0800019c   Number         0  startup_stm32f40_41xxx.o(.text)
    .text                                    0x080001c0   Section        0  memcpya.o(.text)
    .text                                    0x080001e4   Section        0  memseta.o(.text)
    .text                                    0x08000208   Section        0  strstr.o(.text)
    .text                                    0x0800022c   Section        0  strlen.o(.text)
    .text                                    0x0800023a   Section        0  strcpy.o(.text)
    .text                                    0x0800024c   Section        0  dadd.o(.text)
    .text                                    0x0800039a   Section        0  ddiv.o(.text)
    .text                                    0x08000478   Section        0  dflti.o(.text)
    .text                                    0x0800049a   Section        0  d2f.o(.text)
    .text                                    0x080004d2   Section        0  uldiv.o(.text)
    .text                                    0x08000534   Section        0  llshl.o(.text)
    .text                                    0x08000552   Section        0  llsshr.o(.text)
    .text                                    0x08000576   Section        0  fepilogue.o(.text)
    .text                                    0x08000576   Section        0  iusefp.o(.text)
    .text                                    0x080005e4   Section        0  depilogue.o(.text)
    .text                                    0x080006a0   Section       36  init.o(.text)
    .text                                    0x080006c4   Section        0  llushr.o(.text)
    .text                                    0x080006e4   Section        0  __dczerorl2.o(.text)
    i.ADC_Cmd                                0x0800073a   Section        0  stm32f4xx_adc.o(i.ADC_Cmd)
    i.ADC_CommonInit                         0x08000750   Section        0  stm32f4xx_adc.o(i.ADC_CommonInit)
    i.ADC_DeInit                             0x08000780   Section        0  stm32f4xx_adc.o(i.ADC_DeInit)
    i.ADC_GetConversionValue                 0x08000796   Section        0  stm32f4xx_adc.o(i.ADC_GetConversionValue)
    i.ADC_GetFlagStatus                      0x0800079e   Section        0  stm32f4xx_adc.o(i.ADC_GetFlagStatus)
    i.ADC_Init                               0x080007b0   Section        0  stm32f4xx_adc.o(i.ADC_Init)
    i.ADC_RegularChannelConfig               0x08000804   Section        0  stm32f4xx_adc.o(i.ADC_RegularChannelConfig)
    i.ADC_SoftwareStartConv                  0x080008bc   Section        0  stm32f4xx_adc.o(i.ADC_SoftwareStartConv)
    i.ALarm_set                              0x080008c6   Section        0  rtc.o(i.ALarm_set)
    i.Adc_Init                               0x08000974   Section        0  adc.o(i.Adc_Init)
    i.BusFault_Handler                       0x08000a08   Section        0  stm32f4xx_it.o(i.BusFault_Handler)
    i.Button_check_all                       0x08000a0c   Section        0  key.o(i.Button_check_all)
    i.Date_judge                             0x08000a38   Section        0  rtc.o(i.Date_judge)
    i.DebugMon_Handler                       0x08000a9e   Section        0  stm32f4xx_it.o(i.DebugMon_Handler)
    i.Dht11_Init                             0x08000aa0   Section        0  dht11.o(i.Dht11_Init)
    i.EXTI0_IRQHandler                       0x08000ad4   Section        0  exti.o(i.EXTI0_IRQHandler)
    i.EXTI9_5_IRQHandler                     0x08000afc   Section        0  infrared.o(i.EXTI9_5_IRQHandler)
    i.EXTI_ClearITPendingBit                 0x08000bb8   Section        0  stm32f4xx_exti.o(i.EXTI_ClearITPendingBit)
    i.EXTI_GetITStatus                       0x08000bc4   Section        0  stm32f4xx_exti.o(i.EXTI_GetITStatus)
    i.EXTI_Init                              0x08000bdc   Section        0  stm32f4xx_exti.o(i.EXTI_Init)
    i.GPIO_Init                              0x08000c70   Section        0  stm32f4xx_gpio.o(i.GPIO_Init)
    i.GPIO_PinAFConfig                       0x08000d00   Section        0  stm32f4xx_gpio.o(i.GPIO_PinAFConfig)
    i.GPIO_ResetBits                         0x08000d46   Section        0  stm32f4xx_gpio.o(i.GPIO_ResetBits)
    i.GPIO_SetBits                           0x08000d4a   Section        0  stm32f4xx_gpio.o(i.GPIO_SetBits)
    i.HardFault_Handler                      0x08000d4e   Section        0  stm32f4xx_it.o(i.HardFault_Handler)
    i.I2C_Configuration                      0x08000d54   Section        0  oled_i2c.o(i.I2C_Configuration)
    i.I2C_WriteByte                          0x08000da0   Section        0  oled_i2c.o(i.I2C_WriteByte)
    i.IIC_Ack                                0x08000e0c   Section        0  myiic.o(i.IIC_Ack)
    i.IIC_Init                               0x08000e5c   Section        0  myiic.o(i.IIC_Init)
    i.IIC_NAck                               0x08000ea8   Section        0  myiic.o(i.IIC_NAck)
    i.IIC_Read_Byte                          0x08000ef8   Section        0  myiic.o(i.IIC_Read_Byte)
    i.IIC_Send_Byte                          0x08000f64   Section        0  myiic.o(i.IIC_Send_Byte)
    i.IIC_Start                              0x08000fcc   Section        0  myiic.o(i.IIC_Start)
    i.IIC_Stop                               0x08001018   Section        0  myiic.o(i.IIC_Stop)
    i.IIC_Wait_Ack                           0x08001064   Section        0  myiic.o(i.IIC_Wait_Ack)
    i.Iic_SDA_Mode                           0x080010c4   Section        0  oled_i2c.o(i.Iic_SDA_Mode)
    i.Iic_Send_Byte                          0x080010f4   Section        0  oled_i2c.o(i.Iic_Send_Byte)
    i.Iic_Start                              0x0800115c   Section        0  oled_i2c.o(i.Iic_Start)
    i.Iic_Stop                               0x08001198   Section        0  oled_i2c.o(i.Iic_Stop)
    i.Iic_Wait_Ack                           0x080011d0   Section        0  oled_i2c.o(i.Iic_Wait_Ack)
    i.KEY_Init                               0x08001214   Section        0  key.o(i.KEY_Init)
    i.Key_Scan                               0x08001278   Section        0  key.o(i.Key_Scan)
    i.LED_Init                               0x08001338   Section        0  led.o(i.LED_Init)
    i.MPU_Get_Gyroscope                      0x080013b8   Section        0  mpu6050.o(i.MPU_Get_Gyroscope)
    i.MPU_Get_Temperature                    0x08001408   Section        0  mpu6050.o(i.MPU_Get_Temperature)
    i.MPU_Init                               0x0800148c   Section        0  mpu6050.o(i.MPU_Init)
    i.MPU_Read_Byte                          0x08001506   Section        0  mpu6050.o(i.MPU_Read_Byte)
    i.MPU_Read_Len                           0x08001540   Section        0  mpu6050.o(i.MPU_Read_Len)
    i.MPU_Set_Accel_Fsr                      0x080015b4   Section        0  mpu6050.o(i.MPU_Set_Accel_Fsr)
    i.MPU_Set_Gyro_Fsr                       0x080015c4   Section        0  mpu6050.o(i.MPU_Set_Gyro_Fsr)
    i.MPU_Set_LPF                            0x080015d4   Section        0  mpu6050.o(i.MPU_Set_LPF)
    i.MPU_Set_Rate                           0x0800160e   Section        0  mpu6050.o(i.MPU_Set_Rate)
    i.MPU_Write_Byte                         0x08001648   Section        0  mpu6050.o(i.MPU_Write_Byte)
    i.MPU_text                               0x0800168c   Section        0  mpu6050.o(i.MPU_text)
    i.MemManage_Handler                      0x080016e0   Section        0  stm32f4xx_it.o(i.MemManage_Handler)
    i.NMI_Handler                            0x080016e4   Section        0  stm32f4xx_it.o(i.NMI_Handler)
    i.NVIC_Init                              0x080016e8   Section        0  misc.o(i.NVIC_Init)
    i.NVIC_PriorityGroupConfig               0x08001760   Section        0  misc.o(i.NVIC_PriorityGroupConfig)
    i.OLED_CLS                               0x08001774   Section        0  oled_i2c.o(i.OLED_CLS)
    i.OLED_DrawBMP                           0x08001780   Section        0  oled_i2c.o(i.OLED_DrawBMP)
    i.OLED_Fill                              0x080017fc   Section        0  oled_i2c.o(i.OLED_Fill)
    i.OLED_Init                              0x08001836   Section        0  oled_i2c.o(i.OLED_Init)
    i.OLED_OFF                               0x080018e8   Section        0  oled_i2c.o(i.OLED_OFF)
    i.OLED_ON                                0x080018fe   Section        0  oled_i2c.o(i.OLED_ON)
    i.OLED_SetPos                            0x08001914   Section        0  oled_i2c.o(i.OLED_SetPos)
    i.OLED_ShowCN                            0x0800193c   Section        0  oled_i2c.o(i.OLED_ShowCN)
    i.OLED_ShowStr                           0x08001990   Section        0  oled_i2c.o(i.OLED_ShowStr)
    i.PWR_BackupAccessCmd                    0x08001a7c   Section        0  stm32f4xx_pwr.o(i.PWR_BackupAccessCmd)
    i.PendSV_Handler                         0x08001a88   Section        0  stm32f4xx_it.o(i.PendSV_Handler)
    i.RCC_AHB1PeriphClockCmd                 0x08001a8c   Section        0  stm32f4xx_rcc.o(i.RCC_AHB1PeriphClockCmd)
    i.RCC_APB1PeriphClockCmd                 0x08001aac   Section        0  stm32f4xx_rcc.o(i.RCC_APB1PeriphClockCmd)
    i.RCC_APB2PeriphClockCmd                 0x08001acc   Section        0  stm32f4xx_rcc.o(i.RCC_APB2PeriphClockCmd)
    i.RCC_APB2PeriphResetCmd                 0x08001aec   Section        0  stm32f4xx_rcc.o(i.RCC_APB2PeriphResetCmd)
    i.RCC_GetClocksFreq                      0x08001b0c   Section        0  stm32f4xx_rcc.o(i.RCC_GetClocksFreq)
    i.RCC_LSEConfig                          0x08001bf4   Section        0  stm32f4xx_rcc.o(i.RCC_LSEConfig)
    i.RCC_RTCCLKCmd                          0x08001c20   Section        0  stm32f4xx_rcc.o(i.RCC_RTCCLKCmd)
    i.RCC_RTCCLKConfig                       0x08001c2c   Section        0  stm32f4xx_rcc.o(i.RCC_RTCCLKConfig)
    i.RTC_AlarmCmd                           0x08001c68   Section        0  stm32f4xx_rtc.o(i.RTC_AlarmCmd)
    i.RTC_Alarm_IRQHandler                   0x08001cdc   Section        0  rtc.o(i.RTC_Alarm_IRQHandler)
    i.RTC_Bcd2ToByte                         0x08001d04   Section        0  stm32f4xx_rtc.o(i.RTC_Bcd2ToByte)
    RTC_Bcd2ToByte                           0x08001d05   Thumb Code    22  stm32f4xx_rtc.o(i.RTC_Bcd2ToByte)
    i.RTC_ByteToBcd2                         0x08001d1a   Section        0  stm32f4xx_rtc.o(i.RTC_ByteToBcd2)
    RTC_ByteToBcd2                           0x08001d1b   Thumb Code    28  stm32f4xx_rtc.o(i.RTC_ByteToBcd2)
    i.RTC_ClearFlag                          0x08001d38   Section        0  stm32f4xx_rtc.o(i.RTC_ClearFlag)
    i.RTC_ClearITPendingBit                  0x08001d54   Section        0  stm32f4xx_rtc.o(i.RTC_ClearITPendingBit)
    i.RTC_EnterInitMode                      0x08001d74   Section        0  stm32f4xx_rtc.o(i.RTC_EnterInitMode)
    i.RTC_ExitInitMode                       0x08001dc4   Section        0  stm32f4xx_rtc.o(i.RTC_ExitInitMode)
    i.RTC_GetDate                            0x08001dd8   Section        0  stm32f4xx_rtc.o(i.RTC_GetDate)
    i.RTC_GetFlagStatus                      0x08001e24   Section        0  stm32f4xx_rtc.o(i.RTC_GetFlagStatus)
    i.RTC_GetTime                            0x08001e4c   Section        0  stm32f4xx_rtc.o(i.RTC_GetTime)
    i.RTC_ITConfig                           0x08001e9c   Section        0  stm32f4xx_rtc.o(i.RTC_ITConfig)
    i.RTC_Init                               0x08001f00   Section        0  stm32f4xx_rtc.o(i.RTC_Init)
    i.RTC_ReadBackupRegister                 0x08001f64   Section        0  stm32f4xx_rtc.o(i.RTC_ReadBackupRegister)
    i.RTC_SetAlarm                           0x08001f84   Section        0  stm32f4xx_rtc.o(i.RTC_SetAlarm)
    i.RTC_SetDate                            0x08002070   Section        0  stm32f4xx_rtc.o(i.RTC_SetDate)
    i.RTC_SetTime                            0x08002138   Section        0  stm32f4xx_rtc.o(i.RTC_SetTime)
    i.RTC_WaitForSynchro                     0x08002208   Section        0  stm32f4xx_rtc.o(i.RTC_WaitForSynchro)
    i.RTC_WriteBackupRegister                0x08002268   Section        0  stm32f4xx_rtc.o(i.RTC_WriteBackupRegister)
    i.RTC_set                                0x08002284   Section        0  rtc.o(i.RTC_set)
    i.Rtc_Init                               0x08002504   Section        0  rtc.o(i.Rtc_Init)
    i.SVC_Handler                            0x0800259a   Section        0  stm32f4xx_it.o(i.SVC_Handler)
    i.SetSysClock                            0x0800259c   Section        0  system_stm32f4xx.o(i.SetSysClock)
    SetSysClock                              0x0800259d   Thumb Code   220  system_stm32f4xx.o(i.SetSysClock)
    i.SysTick_CLKSourceConfig                0x08002688   Section        0  misc.o(i.SysTick_CLKSourceConfig)
    i.SysTick_Handler                        0x080026b0   Section        0  stm32f4xx_it.o(i.SysTick_Handler)
    i.SystemInit                             0x080026b4   Section        0  system_stm32f4xx.o(i.SystemInit)
    i.TIM4_IRQHandler                        0x0800271c   Section        0  tim.o(i.TIM4_IRQHandler)
    i.TIM_ClearITPendingBit                  0x08002770   Section        0  stm32f4xx_tim.o(i.TIM_ClearITPendingBit)
    i.TIM_Cmd                                0x08002776   Section        0  stm32f4xx_tim.o(i.TIM_Cmd)
    i.TIM_GetITStatus                        0x0800278e   Section        0  stm32f4xx_tim.o(i.TIM_GetITStatus)
    i.TIM_ITConfig                           0x080027b0   Section        0  stm32f4xx_tim.o(i.TIM_ITConfig)
    i.TIM_TimeBaseInit                       0x080027c4   Section        0  stm32f4xx_tim.o(i.TIM_TimeBaseInit)
    i.Tim_Init                               0x08002848   Section        0  tim.o(i.Tim_Init)
    i.Time_judge                             0x080028a8   Section        0  rtc.o(i.Time_judge)
    i.USART3_IRQHandler                      0x08002a14   Section        0  uart.o(i.USART3_IRQHandler)
    i.USART_ClearITPendingBit                0x08002a94   Section        0  stm32f4xx_usart.o(i.USART_ClearITPendingBit)
    i.USART_Cmd                              0x08002ab2   Section        0  stm32f4xx_usart.o(i.USART_Cmd)
    i.USART_GetFlagStatus                    0x08002aca   Section        0  stm32f4xx_usart.o(i.USART_GetFlagStatus)
    i.USART_GetITStatus                      0x08002ae4   Section        0  stm32f4xx_usart.o(i.USART_GetITStatus)
    i.USART_ITConfig                         0x08002b38   Section        0  stm32f4xx_usart.o(i.USART_ITConfig)
    i.USART_Init                             0x08002b84   Section        0  stm32f4xx_usart.o(i.USART_Init)
    i.USART_ReceiveData                      0x08002c58   Section        0  stm32f4xx_usart.o(i.USART_ReceiveData)
    i.USART_SendData                         0x08002c62   Section        0  stm32f4xx_usart.o(i.USART_SendData)
    i.Uart_control_text                      0x08002c6c   Section        0  uart.o(i.Uart_control_text)
    i.UsageFault_Handler                     0x08002cdc   Section        0  stm32f4xx_it.o(i.UsageFault_Handler)
    i.Usart_Init                             0x08002ce0   Section        0  uart.o(i.Usart_Init)
    i.Usart_text                             0x08002e40   Section        0  uart.o(i.Usart_text)
    i.WriteCmd                               0x08002e80   Section        0  oled_i2c.o(i.WriteCmd)
    i.WriteDat                               0x08002e8e   Section        0  oled_i2c.o(i.WriteDat)
    i.__0printf$8                            0x08002e9c   Section        0  printf8.o(i.__0printf$8)
    i.__0sprintf$8                           0x08002ebc   Section        0  printf8.o(i.__0sprintf$8)
    i.__scatterload_copy                     0x08002ee4   Section       14  handlers.o(i.__scatterload_copy)
    i.__scatterload_null                     0x08002ef2   Section        2  handlers.o(i.__scatterload_null)
    i.__scatterload_zeroinit                 0x08002ef4   Section       14  handlers.o(i.__scatterload_zeroinit)
    i._printf_core                           0x08002f04   Section        0  printf8.o(i._printf_core)
    _printf_core                             0x08002f05   Thumb Code   996  printf8.o(i._printf_core)
    i._printf_post_padding                   0x08003314   Section        0  printf8.o(i._printf_post_padding)
    _printf_post_padding                     0x08003315   Thumb Code    36  printf8.o(i._printf_post_padding)
    i._printf_pre_padding                    0x08003338   Section        0  printf8.o(i._printf_pre_padding)
    _printf_pre_padding                      0x08003339   Thumb Code    46  printf8.o(i._printf_pre_padding)
    i._sputc                                 0x08003366   Section        0  printf8.o(i._sputc)
    _sputc                                   0x08003367   Thumb Code    10  printf8.o(i._sputc)
    i.calendar_mode                          0x08003370   Section        0  main.o(i.calendar_mode)
    i.change_mode                            0x080034c8   Section        0  dht11.o(i.change_mode)
    i.clock_mode                             0x080034e4   Section        0  main.o(i.clock_mode)
    i.delay_ms                               0x08003540   Section        0  delay.o(i.delay_ms)
    i.delay_s                                0x08003580   Section        0  delay.o(i.delay_s)
    i.delay_us                               0x080035a0   Section        0  delay.o(i.delay_us)
    i.delay_xd                               0x080035e2   Section        0  key.o(i.delay_xd)
    i.enter_mode                             0x08003600   Section        0  main.o(i.enter_mode)
    i.flash_font                             0x08003644   Section        0  rtc.o(i.flash_font)
    i.fputc                                  0x080036d0   Section        0  uart.o(i.fputc)
    i.get_8bit                               0x080036f4   Section        0  dht11.o(i.get_8bit)
    i.get_dht11_data                         0x08003754   Section        0  dht11.o(i.get_dht11_data)
    i.get_value                              0x080037d0   Section        0  adc.o(i.get_value)
    i.ir_pluse_high_time                     0x080037f8   Section        0  infrared.o(i.ir_pluse_high_time)
    i.main                                   0x08003820   Section        0  main.o(i.main)
    i.main_mode                              0x08003850   Section        0  main.o(i.main_mode)
    i.main_screen                            0x0800387c   Section        0  show.o(i.main_screen)
    i.model_Init                             0x080038c4   Section        0  main.o(i.model_Init)
    i.open_show                              0x08003930   Section        0  show.o(i.open_show)
    i.select_arr                             0x08003af0   Section        0  show.o(i.select_arr)
    i.select_mode                            0x08003b34   Section        0  main.o(i.select_mode)
    i.select_screen                          0x08003c1c   Section        0  show.o(i.select_screen)
    i.show_Time                              0x08003e08   Section        0  show.o(i.show_Time)
    i.show_adc                               0x0800401c   Section        0  adc.o(i.show_adc)
    i.show_timer                             0x080040d4   Section        0  tim.o(i.show_timer)
    i.sleep_mode                             0x080041f0   Section        0  main.o(i.sleep_mode)
    i.start_dht11                            0x0800420c   Section        0  dht11.o(i.start_dht11)
    i.temp                                   0x08004270   Section        0  show.o(i.temp)
    .constdata                               0x0800433c   Section       35  main.o(.constdata)
    .constdata                               0x0800435f   Section     2072  oled_i2c.o(.constdata)
    .data                                    0x20000000   Section       16  stm32f4xx_rcc.o(.data)
    APBAHBPrescTable                         0x20000000   Data          16  stm32f4xx_rcc.o(.data)
    .data                                    0x20000010   Section       20  main.o(.data)
    .data                                    0x20000024   Section        4  key.o(.data)
    key_a                                    0x20000024   Data           4  key.o(.data)
    .data                                    0x20000028   Section        5  tim.o(.data)
    flag                                     0x2000002c   Data           1  tim.o(.data)
    .data                                    0x20000030   Section        9  uart.o(.data)
    U_str_num                                0x20000038   Data           1  uart.o(.data)
    .data                                    0x2000003c   Section       16  dht11.o(.data)
    .data                                    0x2000004c   Section        8  rtc.o(.data)
    Flash_sta                                0x2000004c   Data           1  rtc.o(.data)
    Flash_num                                0x20000050   Data           4  rtc.o(.data)
    .data                                    0x20000054   Section    17344  oled_i2c.o(.data)
    .data                                    0x20004414   Section        4  mpu6050.o(.data)
    gx_last                                  0x20004414   Data           2  mpu6050.o(.data)
    gy_last                                  0x20004416   Data           2  mpu6050.o(.data)
    .bss                                     0x20004418   Section      200  uart.o(.bss)
    str                                      0x2000447c   Data         100  uart.o(.bss)
    STACK                                    0x200044e0   Section     1024  startup_stm32f40_41xxx.o(STACK)

    Global Symbols

    Symbol Name                              Value     Ov Type        Size  Object(Section)

    BuildAttributes$$THM_ISAv4$E$P$D$K$B$S$7EM$VFPi3$EXTD16$VFPS$VFMA$PE$A:L22UL41UL21$X:L11$S22US41US21$IEEE1$IW$USESV6$~STKCKD$USESV7$~SHL$OTIME$ROPI$EBA8$MICROLIB$REQ8$PRES8$EABIv2 0x00000000   Number         0  anon$$obj.o ABSOLUTE
    __ARM_use_no_argv                        0x00000000   Number         0  main.o ABSOLUTE
    _printf_a                                0x00000000   Number         0  stubs.o ABSOLUTE
    _printf_c                                0x00000000   Number         0  stubs.o ABSOLUTE
    _printf_charcount                        0x00000000   Number         0  stubs.o ABSOLUTE
    _printf_d                                0x00000000   Number         0  stubs.o ABSOLUTE
    _printf_e                                0x00000000   Number         0  stubs.o ABSOLUTE
    _printf_f                                0x00000000   Number         0  stubs.o ABSOLUTE
    _printf_flags                            0x00000000   Number         0  stubs.o ABSOLUTE
    _printf_fp_dec                           0x00000000   Number         0  stubs.o ABSOLUTE
    _printf_fp_hex                           0x00000000   Number         0  stubs.o ABSOLUTE
    _printf_g                                0x00000000   Number         0  stubs.o ABSOLUTE
    _printf_i                                0x00000000   Number         0  stubs.o ABSOLUTE
    _printf_int_dec                          0x00000000   Number         0  stubs.o ABSOLUTE
    _printf_l                                0x00000000   Number         0  stubs.o ABSOLUTE
    _printf_lc                               0x00000000   Number         0  stubs.o ABSOLUTE
    _printf_ll                               0x00000000   Number         0  stubs.o ABSOLUTE
    _printf_lld                              0x00000000   Number         0  stubs.o ABSOLUTE
    _printf_lli                              0x00000000   Number         0  stubs.o ABSOLUTE
    _printf_llo                              0x00000000   Number         0  stubs.o ABSOLUTE
    _printf_llu                              0x00000000   Number         0  stubs.o ABSOLUTE
    _printf_llx                              0x00000000   Number         0  stubs.o ABSOLUTE
    _printf_longlong_dec                     0x00000000   Number         0  stubs.o ABSOLUTE
    _printf_longlong_hex                     0x00000000   Number         0  stubs.o ABSOLUTE
    _printf_longlong_oct                     0x00000000   Number         0  stubs.o ABSOLUTE
    _printf_ls                               0x00000000   Number         0  stubs.o ABSOLUTE
    _printf_mbtowc                           0x00000000   Number         0  stubs.o ABSOLUTE
    _printf_n                                0x00000000   Number         0  stubs.o ABSOLUTE
    _printf_o                                0x00000000   Number         0  stubs.o ABSOLUTE
    _printf_p                                0x00000000   Number         0  stubs.o ABSOLUTE
    _printf_percent                          0x00000000   Number         0  stubs.o ABSOLUTE
    _printf_pre_padding                      0x00000000   Number         0  stubs.o ABSOLUTE
    _printf_return_value                     0x00000000   Number         0  stubs.o ABSOLUTE
    _printf_s                                0x00000000   Number         0  stubs.o ABSOLUTE
    _printf_sizespec                         0x00000000   Number         0  stubs.o ABSOLUTE
    _printf_str                              0x00000000   Number         0  stubs.o ABSOLUTE
    _printf_truncate_signed                  0x00000000   Number         0  stubs.o ABSOLUTE
    _printf_truncate_unsigned                0x00000000   Number         0  stubs.o ABSOLUTE
    _printf_u                                0x00000000   Number         0  stubs.o ABSOLUTE
    _printf_wc                               0x00000000   Number         0  stubs.o ABSOLUTE
    _printf_wctomb                           0x00000000   Number         0  stubs.o ABSOLUTE
    _printf_widthprec                        0x00000000   Number         0  stubs.o ABSOLUTE
    _printf_x                                0x00000000   Number         0  stubs.o ABSOLUTE
    __cpp_initialize__aeabi_                  - Undefined Weak Reference
    __cxa_finalize                            - Undefined Weak Reference
    _clock_init                               - Undefined Weak Reference
    _microlib_exit                            - Undefined Weak Reference
    __Vectors_Size                           0x00000188   Number         0  startup_stm32f40_41xxx.o ABSOLUTE
    __Vectors                                0x08000000   Data           4  startup_stm32f40_41xxx.o(RESET)
    __Vectors_End                            0x08000188   Data           0  startup_stm32f40_41xxx.o(RESET)
    __main                                   0x08000189   Thumb Code     0  entry.o(.ARM.Collect$$$$00000000)
    _main_stk                                0x08000189   Thumb Code     0  entry2.o(.ARM.Collect$$$$00000001)
    _main_scatterload                        0x0800018d   Thumb Code     0  entry5.o(.ARM.Collect$$$$00000004)
    __main_after_scatterload                 0x08000191   Thumb Code     0  entry5.o(.ARM.Collect$$$$00000004)
    _main_clock                              0x08000191   Thumb Code     0  entry7b.o(.ARM.Collect$$$$00000008)
    _main_cpp_init                           0x08000191   Thumb Code     0  entry8b.o(.ARM.Collect$$$$0000000A)
    _main_init                               0x08000191   Thumb Code     0  entry9a.o(.ARM.Collect$$$$0000000B)
    __rt_final_cpp                           0x08000199   Thumb Code     0  entry10a.o(.ARM.Collect$$$$0000000D)
    __rt_final_exit                          0x08000199   Thumb Code     0  entry11a.o(.ARM.Collect$$$$0000000F)
    Reset_Handler                            0x0800019d   Thumb Code     8  startup_stm32f40_41xxx.o(.text)
    ADC_IRQHandler                           0x080001b7   Thumb Code     0  startup_stm32f40_41xxx.o(.text)
    CAN1_RX0_IRQHandler                      0x080001b7   Thumb Code     0  startup_stm32f40_41xxx.o(.text)
    CAN1_RX1_IRQHandler                      0x080001b7   Thumb Code     0  startup_stm32f40_41xxx.o(.text)
    CAN1_SCE_IRQHandler                      0x080001b7   Thumb Code     0  startup_stm32f40_41xxx.o(.text)
    CAN1_TX_IRQHandler                       0x080001b7   Thumb Code     0  startup_stm32f40_41xxx.o(.text)
    CAN2_RX0_IRQHandler                      0x080001b7   Thumb Code     0  startup_stm32f40_41xxx.o(.text)
    CAN2_RX1_IRQHandler                      0x080001b7   Thumb Code     0  startup_stm32f40_41xxx.o(.text)
    CAN2_SCE_IRQHandler                      0x080001b7   Thumb Code     0  startup_stm32f40_41xxx.o(.text)
    CAN2_TX_IRQHandler                       0x080001b7   Thumb Code     0  startup_stm32f40_41xxx.o(.text)
    CRYP_IRQHandler                          0x080001b7   Thumb Code     0  startup_stm32f40_41xxx.o(.text)
    DCMI_IRQHandler                          0x080001b7   Thumb Code     0  startup_stm32f40_41xxx.o(.text)
    DMA1_Stream0_IRQHandler                  0x080001b7   Thumb Code     0  startup_stm32f40_41xxx.o(.text)
    DMA1_Stream1_IRQHandler                  0x080001b7   Thumb Code     0  startup_stm32f40_41xxx.o(.text)
    DMA1_Stream2_IRQHandler                  0x080001b7   Thumb Code     0  startup_stm32f40_41xxx.o(.text)
    DMA1_Stream3_IRQHandler                  0x080001b7   Thumb Code     0  startup_stm32f40_41xxx.o(.text)
    DMA1_Stream4_IRQHandler                  0x080001b7   Thumb Code     0  startup_stm32f40_41xxx.o(.text)
    DMA1_Stream5_IRQHandler                  0x080001b7   Thumb Code     0  startup_stm32f40_41xxx.o(.text)
    DMA1_Stream6_IRQHandler                  0x080001b7   Thumb Code     0  startup_stm32f40_41xxx.o(.text)
    DMA1_Stream7_IRQHandler                  0x080001b7   Thumb Code     0  startup_stm32f40_41xxx.o(.text)
    DMA2_Stream0_IRQHandler                  0x080001b7   Thumb Code     0  startup_stm32f40_41xxx.o(.text)
    DMA2_Stream1_IRQHandler                  0x080001b7   Thumb Code     0  startup_stm32f40_41xxx.o(.text)
    DMA2_Stream2_IRQHandler                  0x080001b7   Thumb Code     0  startup_stm32f40_41xxx.o(.text)
    DMA2_Stream3_IRQHandler                  0x080001b7   Thumb Code     0  startup_stm32f40_41xxx.o(.text)
    DMA2_Stream4_IRQHandler                  0x080001b7   Thumb Code     0  startup_stm32f40_41xxx.o(.text)
    DMA2_Stream5_IRQHandler                  0x080001b7   Thumb Code     0  startup_stm32f40_41xxx.o(.text)
    DMA2_Stream6_IRQHandler                  0x080001b7   Thumb Code     0  startup_stm32f40_41xxx.o(.text)
    DMA2_Stream7_IRQHandler                  0x080001b7   Thumb Code     0  startup_stm32f40_41xxx.o(.text)
    ETH_IRQHandler                           0x080001b7   Thumb Code     0  startup_stm32f40_41xxx.o(.text)
    ETH_WKUP_IRQHandler                      0x080001b7   Thumb Code     0  startup_stm32f40_41xxx.o(.text)
    EXTI15_10_IRQHandler                     0x080001b7   Thumb Code     0  startup_stm32f40_41xxx.o(.text)
    EXTI1_IRQHandler                         0x080001b7   Thumb Code     0  startup_stm32f40_41xxx.o(.text)
    EXTI2_IRQHandler                         0x080001b7   Thumb Code     0  startup_stm32f40_41xxx.o(.text)
    EXTI3_IRQHandler                         0x080001b7   Thumb Code     0  startup_stm32f40_41xxx.o(.text)
    EXTI4_IRQHandler                         0x080001b7   Thumb Code     0  startup_stm32f40_41xxx.o(.text)
    FLASH_IRQHandler                         0x080001b7   Thumb Code     0  startup_stm32f40_41xxx.o(.text)
    FPU_IRQHandler                           0x080001b7   Thumb Code     0  startup_stm32f40_41xxx.o(.text)
    FSMC_IRQHandler                          0x080001b7   Thumb Code     0  startup_stm32f40_41xxx.o(.text)
    HASH_RNG_IRQHandler                      0x080001b7   Thumb Code     0  startup_stm32f40_41xxx.o(.text)
    I2C1_ER_IRQHandler                       0x080001b7   Thumb Code     0  startup_stm32f40_41xxx.o(.text)
    I2C1_EV_IRQHandler                       0x080001b7   Thumb Code     0  startup_stm32f40_41xxx.o(.text)
    I2C2_ER_IRQHandler                       0x080001b7   Thumb Code     0  startup_stm32f40_41xxx.o(.text)
    I2C2_EV_IRQHandler                       0x080001b7   Thumb Code     0  startup_stm32f40_41xxx.o(.text)
    I2C3_ER_IRQHandler                       0x080001b7   Thumb Code     0  startup_stm32f40_41xxx.o(.text)
    I2C3_EV_IRQHandler                       0x080001b7   Thumb Code     0  startup_stm32f40_41xxx.o(.text)
    OTG_FS_IRQHandler                        0x080001b7   Thumb Code     0  startup_stm32f40_41xxx.o(.text)
    OTG_FS_WKUP_IRQHandler                   0x080001b7   Thumb Code     0  startup_stm32f40_41xxx.o(.text)
    OTG_HS_EP1_IN_IRQHandler                 0x080001b7   Thumb Code     0  startup_stm32f40_41xxx.o(.text)
    OTG_HS_EP1_OUT_IRQHandler                0x080001b7   Thumb Code     0  startup_stm32f40_41xxx.o(.text)
    OTG_HS_IRQHandler                        0x080001b7   Thumb Code     0  startup_stm32f40_41xxx.o(.text)
    OTG_HS_WKUP_IRQHandler                   0x080001b7   Thumb Code     0  startup_stm32f40_41xxx.o(.text)
    PVD_IRQHandler                           0x080001b7   Thumb Code     0  startup_stm32f40_41xxx.o(.text)
    RCC_IRQHandler                           0x080001b7   Thumb Code     0  startup_stm32f40_41xxx.o(.text)
    RTC_WKUP_IRQHandler                      0x080001b7   Thumb Code     0  startup_stm32f40_41xxx.o(.text)
    SDIO_IRQHandler                          0x080001b7   Thumb Code     0  startup_stm32f40_41xxx.o(.text)
    SPI1_IRQHandler                          0x080001b7   Thumb Code     0  startup_stm32f40_41xxx.o(.text)
    SPI2_IRQHandler                          0x080001b7   Thumb Code     0  startup_stm32f40_41xxx.o(.text)
    SPI3_IRQHandler                          0x080001b7   Thumb Code     0  startup_stm32f40_41xxx.o(.text)
    TAMP_STAMP_IRQHandler                    0x080001b7   Thumb Code     0  startup_stm32f40_41xxx.o(.text)
    TIM1_BRK_TIM9_IRQHandler                 0x080001b7   Thumb Code     0  startup_stm32f40_41xxx.o(.text)
    TIM1_CC_IRQHandler                       0x080001b7   Thumb Code     0  startup_stm32f40_41xxx.o(.text)
    TIM1_TRG_COM_TIM11_IRQHandler            0x080001b7   Thumb Code     0  startup_stm32f40_41xxx.o(.text)
    TIM1_UP_TIM10_IRQHandler                 0x080001b7   Thumb Code     0  startup_stm32f40_41xxx.o(.text)
    TIM2_IRQHandler                          0x080001b7   Thumb Code     0  startup_stm32f40_41xxx.o(.text)
    TIM3_IRQHandler                          0x080001b7   Thumb Code     0  startup_stm32f40_41xxx.o(.text)
    TIM5_IRQHandler                          0x080001b7   Thumb Code     0  startup_stm32f40_41xxx.o(.text)
    TIM6_DAC_IRQHandler                      0x080001b7   Thumb Code     0  startup_stm32f40_41xxx.o(.text)
    TIM7_IRQHandler                          0x080001b7   Thumb Code     0  startup_stm32f40_41xxx.o(.text)
    TIM8_BRK_TIM12_IRQHandler                0x080001b7   Thumb Code     0  startup_stm32f40_41xxx.o(.text)
    TIM8_CC_IRQHandler                       0x080001b7   Thumb Code     0  startup_stm32f40_41xxx.o(.text)
    TIM8_TRG_COM_TIM14_IRQHandler            0x080001b7   Thumb Code     0  startup_stm32f40_41xxx.o(.text)
    TIM8_UP_TIM13_IRQHandler                 0x080001b7   Thumb Code     0  startup_stm32f40_41xxx.o(.text)
    UART4_IRQHandler                         0x080001b7   Thumb Code     0  startup_stm32f40_41xxx.o(.text)
    UART5_IRQHandler                         0x080001b7   Thumb Code     0  startup_stm32f40_41xxx.o(.text)
    USART1_IRQHandler                        0x080001b7   Thumb Code     0  startup_stm32f40_41xxx.o(.text)
    USART2_IRQHandler                        0x080001b7   Thumb Code     0  startup_stm32f40_41xxx.o(.text)
    USART6_IRQHandler                        0x080001b7   Thumb Code     0  startup_stm32f40_41xxx.o(.text)
    WWDG_IRQHandler                          0x080001b7   Thumb Code     0  startup_stm32f40_41xxx.o(.text)
    __aeabi_memcpy                           0x080001c1   Thumb Code    36  memcpya.o(.text)
    __aeabi_memcpy4                          0x080001c1   Thumb Code     0  memcpya.o(.text)
    __aeabi_memcpy8                          0x080001c1   Thumb Code     0  memcpya.o(.text)
    __aeabi_memset                           0x080001e5   Thumb Code    14  memseta.o(.text)
    __aeabi_memset4                          0x080001e5   Thumb Code     0  memseta.o(.text)
    __aeabi_memset8                          0x080001e5   Thumb Code     0  memseta.o(.text)
    __aeabi_memclr                           0x080001f3   Thumb Code     4  memseta.o(.text)
    __aeabi_memclr4                          0x080001f3   Thumb Code     0  memseta.o(.text)
    __aeabi_memclr8                          0x080001f3   Thumb Code     0  memseta.o(.text)
    _memset$wrapper                          0x080001f7   Thumb Code    18  memseta.o(.text)
    strstr                                   0x08000209   Thumb Code    36  strstr.o(.text)
    strlen                                   0x0800022d   Thumb Code    14  strlen.o(.text)
    strcpy                                   0x0800023b   Thumb Code    18  strcpy.o(.text)
    __aeabi_dadd                             0x0800024d   Thumb Code   322  dadd.o(.text)
    __aeabi_dsub                             0x0800038f   Thumb Code     6  dadd.o(.text)
    __aeabi_drsub                            0x08000395   Thumb Code     6  dadd.o(.text)
    __aeabi_ddiv                             0x0800039b   Thumb Code   222  ddiv.o(.text)
    __aeabi_i2d                              0x08000479   Thumb Code    34  dflti.o(.text)
    __aeabi_d2f                              0x0800049b   Thumb Code    56  d2f.o(.text)
    __aeabi_uldivmod                         0x080004d3   Thumb Code    98  uldiv.o(.text)
    __aeabi_llsl                             0x08000535   Thumb Code    30  llshl.o(.text)
    _ll_shift_l                              0x08000535   Thumb Code     0  llshl.o(.text)
    __aeabi_lasr                             0x08000553   Thumb Code    36  llsshr.o(.text)
    _ll_sshift_r                             0x08000553   Thumb Code     0  llsshr.o(.text)
    __I$use$fp                               0x08000577   Thumb Code     0  iusefp.o(.text)
    _float_round                             0x08000577   Thumb Code    18  fepilogue.o(.text)
    _float_epilogue                          0x08000589   Thumb Code    92  fepilogue.o(.text)
    _double_round                            0x080005e5   Thumb Code    30  depilogue.o(.text)
    _double_epilogue                         0x08000603   Thumb Code   156  depilogue.o(.text)
    __scatterload                            0x080006a1   Thumb Code    28  init.o(.text)
    __scatterload_rt2                        0x080006a1   Thumb Code     0  init.o(.text)
    __aeabi_llsr                             0x080006c5   Thumb Code    32  llushr.o(.text)
    _ll_ushift_r                             0x080006c5   Thumb Code     0  llushr.o(.text)
    __decompress                             0x080006e5   Thumb Code     0  __dczerorl2.o(.text)
    __decompress1                            0x080006e5   Thumb Code    86  __dczerorl2.o(.text)
    ADC_Cmd                                  0x0800073b   Thumb Code    22  stm32f4xx_adc.o(i.ADC_Cmd)
    ADC_CommonInit                           0x08000751   Thumb Code    34  stm32f4xx_adc.o(i.ADC_CommonInit)
    ADC_DeInit                               0x08000781   Thumb Code    22  stm32f4xx_adc.o(i.ADC_DeInit)
    ADC_GetConversionValue                   0x08000797   Thumb Code     8  stm32f4xx_adc.o(i.ADC_GetConversionValue)
    ADC_GetFlagStatus                        0x0800079f   Thumb Code    18  stm32f4xx_adc.o(i.ADC_GetFlagStatus)
    ADC_Init                                 0x080007b1   Thumb Code    74  stm32f4xx_adc.o(i.ADC_Init)
    ADC_RegularChannelConfig                 0x08000805   Thumb Code   184  stm32f4xx_adc.o(i.ADC_RegularChannelConfig)
    ADC_SoftwareStartConv                    0x080008bd   Thumb Code    10  stm32f4xx_adc.o(i.ADC_SoftwareStartConv)
    ALarm_set                                0x080008c7   Thumb Code   172  rtc.o(i.ALarm_set)
    Adc_Init                                 0x08000975   Thumb Code   138  adc.o(i.Adc_Init)
    BusFault_Handler                         0x08000a09   Thumb Code     4  stm32f4xx_it.o(i.BusFault_Handler)
    Button_check_all                         0x08000a0d   Thumb Code    38  key.o(i.Button_check_all)
    Date_judge                               0x08000a39   Thumb Code   102  rtc.o(i.Date_judge)
    DebugMon_Handler                         0x08000a9f   Thumb Code     2  stm32f4xx_it.o(i.DebugMon_Handler)
    Dht11_Init                               0x08000aa1   Thumb Code    42  dht11.o(i.Dht11_Init)
    EXTI0_IRQHandler                         0x08000ad5   Thumb Code    34  exti.o(i.EXTI0_IRQHandler)
    EXTI9_5_IRQHandler                       0x08000afd   Thumb Code   154  infrared.o(i.EXTI9_5_IRQHandler)
    EXTI_ClearITPendingBit                   0x08000bb9   Thumb Code     6  stm32f4xx_exti.o(i.EXTI_ClearITPendingBit)
    EXTI_GetITStatus                         0x08000bc5   Thumb Code    20  stm32f4xx_exti.o(i.EXTI_GetITStatus)
    EXTI_Init                                0x08000bdd   Thumb Code   142  stm32f4xx_exti.o(i.EXTI_Init)
    GPIO_Init                                0x08000c71   Thumb Code   144  stm32f4xx_gpio.o(i.GPIO_Init)
    GPIO_PinAFConfig                         0x08000d01   Thumb Code    70  stm32f4xx_gpio.o(i.GPIO_PinAFConfig)
    GPIO_ResetBits                           0x08000d47   Thumb Code     4  stm32f4xx_gpio.o(i.GPIO_ResetBits)
    GPIO_SetBits                             0x08000d4b   Thumb Code     4  stm32f4xx_gpio.o(i.GPIO_SetBits)
    HardFault_Handler                        0x08000d4f   Thumb Code     4  stm32f4xx_it.o(i.HardFault_Handler)
    I2C_Configuration                        0x08000d55   Thumb Code    62  oled_i2c.o(i.I2C_Configuration)
    I2C_WriteByte                            0x08000da1   Thumb Code    90  oled_i2c.o(i.I2C_WriteByte)
    IIC_Ack                                  0x08000e0d   Thumb Code    66  myiic.o(i.IIC_Ack)
    IIC_Init                                 0x08000e5d   Thumb Code    62  myiic.o(i.IIC_Init)
    IIC_NAck                                 0x08000ea9   Thumb Code    66  myiic.o(i.IIC_NAck)
    IIC_Read_Byte                            0x08000ef9   Thumb Code    94  myiic.o(i.IIC_Read_Byte)
    IIC_Send_Byte                            0x08000f65   Thumb Code    90  myiic.o(i.IIC_Send_Byte)
    IIC_Start                                0x08000fcd   Thumb Code    64  myiic.o(i.IIC_Start)
    IIC_Stop                                 0x08001019   Thumb Code    62  myiic.o(i.IIC_Stop)
    IIC_Wait_Ack                             0x08001065   Thumb Code    82  myiic.o(i.IIC_Wait_Ack)
    Iic_SDA_Mode                             0x080010c5   Thumb Code    42  oled_i2c.o(i.Iic_SDA_Mode)
    Iic_Send_Byte                            0x080010f5   Thumb Code    94  oled_i2c.o(i.Iic_Send_Byte)
    Iic_Start                                0x0800115d   Thumb Code    50  oled_i2c.o(i.Iic_Start)
    Iic_Stop                                 0x08001199   Thumb Code    48  oled_i2c.o(i.Iic_Stop)
    Iic_Wait_Ack                             0x080011d1   Thumb Code    58  oled_i2c.o(i.Iic_Wait_Ack)
    KEY_Init                                 0x08001215   Thumb Code    86  key.o(i.KEY_Init)
    Key_Scan                                 0x08001279   Thumb Code   174  key.o(i.Key_Scan)
    LED_Init                                 0x08001339   Thumb Code   118  led.o(i.LED_Init)
    MPU_Get_Gyroscope                        0x080013b9   Thumb Code    80  mpu6050.o(i.MPU_Get_Gyroscope)
    MPU_Get_Temperature                      0x08001409   Thumb Code   110  mpu6050.o(i.MPU_Get_Temperature)
    MPU_Init                                 0x0800148d   Thumb Code   122  mpu6050.o(i.MPU_Init)
    MPU_Read_Byte                            0x08001507   Thumb Code    58  mpu6050.o(i.MPU_Read_Byte)
    MPU_Read_Len                             0x08001541   Thumb Code   116  mpu6050.o(i.MPU_Read_Len)
    MPU_Set_Accel_Fsr                        0x080015b5   Thumb Code    16  mpu6050.o(i.MPU_Set_Accel_Fsr)
    MPU_Set_Gyro_Fsr                         0x080015c5   Thumb Code    16  mpu6050.o(i.MPU_Set_Gyro_Fsr)
    MPU_Set_LPF                              0x080015d5   Thumb Code    58  mpu6050.o(i.MPU_Set_LPF)
    MPU_Set_Rate                             0x0800160f   Thumb Code    58  mpu6050.o(i.MPU_Set_Rate)
    MPU_Write_Byte                           0x08001649   Thumb Code    68  mpu6050.o(i.MPU_Write_Byte)
    MPU_text                                 0x0800168d   Thumb Code    74  mpu6050.o(i.MPU_text)
    MemManage_Handler                        0x080016e1   Thumb Code     4  stm32f4xx_it.o(i.MemManage_Handler)
    NMI_Handler                              0x080016e5   Thumb Code     2  stm32f4xx_it.o(i.NMI_Handler)
    NVIC_Init                                0x080016e9   Thumb Code   106  misc.o(i.NVIC_Init)
    NVIC_PriorityGroupConfig                 0x08001761   Thumb Code    10  misc.o(i.NVIC_PriorityGroupConfig)
    OLED_CLS                                 0x08001775   Thumb Code    10  oled_i2c.o(i.OLED_CLS)
    OLED_DrawBMP                             0x08001781   Thumb Code   120  oled_i2c.o(i.OLED_DrawBMP)
    OLED_Fill                                0x080017fd   Thumb Code    58  oled_i2c.o(i.OLED_Fill)
    OLED_Init                                0x08001837   Thumb Code   178  oled_i2c.o(i.OLED_Init)
    OLED_OFF                                 0x080018e9   Thumb Code    22  oled_i2c.o(i.OLED_OFF)
    OLED_ON                                  0x080018ff   Thumb Code    22  oled_i2c.o(i.OLED_ON)
    OLED_SetPos                              0x08001915   Thumb Code    40  oled_i2c.o(i.OLED_SetPos)
    OLED_ShowCN                              0x0800193d   Thumb Code    80  oled_i2c.o(i.OLED_ShowCN)
    OLED_ShowStr                             0x08001991   Thumb Code   228  oled_i2c.o(i.OLED_ShowStr)
    PWR_BackupAccessCmd                      0x08001a7d   Thumb Code     6  stm32f4xx_pwr.o(i.PWR_BackupAccessCmd)
    PendSV_Handler                           0x08001a89   Thumb Code     2  stm32f4xx_it.o(i.PendSV_Handler)
    RCC_AHB1PeriphClockCmd                   0x08001a8d   Thumb Code    26  stm32f4xx_rcc.o(i.RCC_AHB1PeriphClockCmd)
    RCC_APB1PeriphClockCmd                   0x08001aad   Thumb Code    26  stm32f4xx_rcc.o(i.RCC_APB1PeriphClockCmd)
    RCC_APB2PeriphClockCmd                   0x08001acd   Thumb Code    26  stm32f4xx_rcc.o(i.RCC_APB2PeriphClockCmd)
    RCC_APB2PeriphResetCmd                   0x08001aed   Thumb Code    26  stm32f4xx_rcc.o(i.RCC_APB2PeriphResetCmd)
    RCC_GetClocksFreq                        0x08001b0d   Thumb Code   214  stm32f4xx_rcc.o(i.RCC_GetClocksFreq)
    RCC_LSEConfig                            0x08001bf5   Thumb Code    40  stm32f4xx_rcc.o(i.RCC_LSEConfig)
    RCC_RTCCLKCmd                            0x08001c21   Thumb Code     6  stm32f4xx_rcc.o(i.RCC_RTCCLKCmd)
    RCC_RTCCLKConfig                         0x08001c2d   Thumb Code    50  stm32f4xx_rcc.o(i.RCC_RTCCLKConfig)
    RTC_AlarmCmd                             0x08001c69   Thumb Code   112  stm32f4xx_rtc.o(i.RTC_AlarmCmd)
    RTC_Alarm_IRQHandler                     0x08001cdd   Thumb Code    34  rtc.o(i.RTC_Alarm_IRQHandler)
    RTC_ClearFlag                            0x08001d39   Thumb Code    24  stm32f4xx_rtc.o(i.RTC_ClearFlag)
    RTC_ClearITPendingBit                    0x08001d55   Thumb Code    28  stm32f4xx_rtc.o(i.RTC_ClearITPendingBit)
    RTC_EnterInitMode                        0x08001d75   Thumb Code    76  stm32f4xx_rtc.o(i.RTC_EnterInitMode)
    RTC_ExitInitMode                         0x08001dc5   Thumb Code    14  stm32f4xx_rtc.o(i.RTC_ExitInitMode)
    RTC_GetDate                              0x08001dd9   Thumb Code    68  stm32f4xx_rtc.o(i.RTC_GetDate)
    RTC_GetFlagStatus                        0x08001e25   Thumb Code    32  stm32f4xx_rtc.o(i.RTC_GetFlagStatus)
    RTC_GetTime                              0x08001e4d   Thumb Code    72  stm32f4xx_rtc.o(i.RTC_GetTime)
    RTC_ITConfig                             0x08001e9d   Thumb Code    94  stm32f4xx_rtc.o(i.RTC_ITConfig)
    RTC_Init                                 0x08001f01   Thumb Code    94  stm32f4xx_rtc.o(i.RTC_Init)
    RTC_ReadBackupRegister                   0x08001f65   Thumb Code    26  stm32f4xx_rtc.o(i.RTC_ReadBackupRegister)
    RTC_SetAlarm                             0x08001f85   Thumb Code   230  stm32f4xx_rtc.o(i.RTC_SetAlarm)
    RTC_SetDate                              0x08002071   Thumb Code   190  stm32f4xx_rtc.o(i.RTC_SetDate)
    RTC_SetTime                              0x08002139   Thumb Code   198  stm32f4xx_rtc.o(i.RTC_SetTime)
    RTC_WaitForSynchro                       0x08002209   Thumb Code    92  stm32f4xx_rtc.o(i.RTC_WaitForSynchro)
    RTC_WriteBackupRegister                  0x08002269   Thumb Code    24  stm32f4xx_rtc.o(i.RTC_WriteBackupRegister)
    RTC_set                                  0x08002285   Thumb Code   612  rtc.o(i.RTC_set)
    Rtc_Init                                 0x08002505   Thumb Code   150  rtc.o(i.Rtc_Init)
    SVC_Handler                              0x0800259b   Thumb Code     2  stm32f4xx_it.o(i.SVC_Handler)
    SysTick_CLKSourceConfig                  0x08002689   Thumb Code    40  misc.o(i.SysTick_CLKSourceConfig)
    SysTick_Handler                          0x080026b1   Thumb Code     2  stm32f4xx_it.o(i.SysTick_Handler)
    SystemInit                               0x080026b5   Thumb Code    88  system_stm32f4xx.o(i.SystemInit)
    TIM4_IRQHandler                          0x0800271d   Thumb Code    68  tim.o(i.TIM4_IRQHandler)
    TIM_ClearITPendingBit                    0x08002771   Thumb Code     6  stm32f4xx_tim.o(i.TIM_ClearITPendingBit)
    TIM_Cmd                                  0x08002777   Thumb Code    24  stm32f4xx_tim.o(i.TIM_Cmd)
    TIM_GetITStatus                          0x0800278f   Thumb Code    34  stm32f4xx_tim.o(i.TIM_GetITStatus)
    TIM_ITConfig                             0x080027b1   Thumb Code    18  stm32f4xx_tim.o(i.TIM_ITConfig)
    TIM_TimeBaseInit                         0x080027c5   Thumb Code   104  stm32f4xx_tim.o(i.TIM_TimeBaseInit)
    Tim_Init                                 0x08002849   Thumb Code    90  tim.o(i.Tim_Init)
    Time_judge                               0x080028a9   Thumb Code   362  rtc.o(i.Time_judge)
    USART3_IRQHandler                        0x08002a15   Thumb Code   106  uart.o(i.USART3_IRQHandler)
    USART_ClearITPendingBit                  0x08002a95   Thumb Code    30  stm32f4xx_usart.o(i.USART_ClearITPendingBit)
    USART_Cmd                                0x08002ab3   Thumb Code    24  stm32f4xx_usart.o(i.USART_Cmd)
    USART_GetFlagStatus                      0x08002acb   Thumb Code    26  stm32f4xx_usart.o(i.USART_GetFlagStatus)
    USART_GetITStatus                        0x08002ae5   Thumb Code    84  stm32f4xx_usart.o(i.USART_GetITStatus)
    USART_ITConfig                           0x08002b39   Thumb Code    74  stm32f4xx_usart.o(i.USART_ITConfig)
    USART_Init                               0x08002b85   Thumb Code   204  stm32f4xx_usart.o(i.USART_Init)
    USART_ReceiveData                        0x08002c59   Thumb Code    10  stm32f4xx_usart.o(i.USART_ReceiveData)
    USART_SendData                           0x08002c63   Thumb Code     8  stm32f4xx_usart.o(i.USART_SendData)
    Uart_control_text                        0x08002c6d   Thumb Code    76  uart.o(i.Uart_control_text)
    UsageFault_Handler                       0x08002cdd   Thumb Code     4  stm32f4xx_it.o(i.UsageFault_Handler)
    Usart_Init                               0x08002ce1   Thumb Code   334  uart.o(i.Usart_Init)
    Usart_text                               0x08002e41   Thumb Code    56  uart.o(i.Usart_text)
    WriteCmd                                 0x08002e81   Thumb Code    14  oled_i2c.o(i.WriteCmd)
    WriteDat                                 0x08002e8f   Thumb Code    14  oled_i2c.o(i.WriteDat)
    __0printf$8                              0x08002e9d   Thumb Code    22  printf8.o(i.__0printf$8)
    __1printf$8                              0x08002e9d   Thumb Code     0  printf8.o(i.__0printf$8)
    __2printf                                0x08002e9d   Thumb Code     0  printf8.o(i.__0printf$8)
    __0sprintf$8                             0x08002ebd   Thumb Code    34  printf8.o(i.__0sprintf$8)
    __1sprintf$8                             0x08002ebd   Thumb Code     0  printf8.o(i.__0sprintf$8)
    __2sprintf                               0x08002ebd   Thumb Code     0  printf8.o(i.__0sprintf$8)
    __scatterload_copy                       0x08002ee5   Thumb Code    14  handlers.o(i.__scatterload_copy)
    __scatterload_null                       0x08002ef3   Thumb Code     2  handlers.o(i.__scatterload_null)
    __scatterload_zeroinit                   0x08002ef5   Thumb Code    14  handlers.o(i.__scatterload_zeroinit)
    calendar_mode                            0x08003371   Thumb Code   314  main.o(i.calendar_mode)
    change_mode                              0x080034c9   Thumb Code    18  dht11.o(i.change_mode)
    clock_mode                               0x080034e5   Thumb Code    68  main.o(i.clock_mode)
    delay_ms                                 0x08003541   Thumb Code    64  delay.o(i.delay_ms)
    delay_s                                  0x08003581   Thumb Code    32  delay.o(i.delay_s)
    delay_us                                 0x080035a1   Thumb Code    66  delay.o(i.delay_us)
    delay_xd                                 0x080035e3   Thumb Code    30  key.o(i.delay_xd)
    enter_mode                               0x08003601   Thumb Code    68  main.o(i.enter_mode)
    flash_font                               0x08003645   Thumb Code   130  rtc.o(i.flash_font)
    fputc                                    0x080036d1   Thumb Code    32  uart.o(i.fputc)
    get_8bit                                 0x080036f5   Thumb Code    86  dht11.o(i.get_8bit)
    get_dht11_data                           0x08003755   Thumb Code   110  dht11.o(i.get_dht11_data)
    get_value                                0x080037d1   Thumb Code    34  adc.o(i.get_value)
    ir_pluse_high_time                       0x080037f9   Thumb Code    34  infrared.o(i.ir_pluse_high_time)
    main                                     0x08003821   Thumb Code    40  main.o(i.main)
    main_mode                                0x08003851   Thumb Code    36  main.o(i.main_mode)
    main_screen                              0x0800387d   Thumb Code    72  show.o(i.main_screen)
    model_Init                               0x080038c5   Thumb Code    86  main.o(i.model_Init)
    open_show                                0x08003931   Thumb Code   448  show.o(i.open_show)
    select_arr                               0x08003af1   Thumb Code    68  show.o(i.select_arr)
    select_mode                              0x08003b35   Thumb Code   220  main.o(i.select_mode)
    select_screen                            0x08003c1d   Thumb Code   490  show.o(i.select_screen)
    show_Time                                0x08003e09   Thumb Code   478  show.o(i.show_Time)
    show_adc                                 0x0800401d   Thumb Code   166  adc.o(i.show_adc)
    show_timer                               0x080040d5   Thumb Code   264  tim.o(i.show_timer)
    sleep_mode                               0x080041f1   Thumb Code    28  main.o(i.sleep_mode)
    start_dht11                              0x0800420d   Thumb Code    92  dht11.o(i.start_dht11)
    temp                                     0x08004271   Thumb Code   186  show.o(i.temp)
    F6x8                                     0x0800435f   Data         552  oled_i2c.o(.constdata)
    F8X16                                    0x08004587   Data        1520  oled_i2c.o(.constdata)
    Region$$Table$$Base                      0x08004b78   Number         0  anon$$obj.o(Region$$Table)
    Region$$Table$$Limit                     0x08004b98   Number         0  anon$$obj.o(Region$$Table)
    Key                                      0x20000010   Data           4  main.o(.data)
    cont                                     0x20000014   Data           4  main.o(.data)
    rx_i                                     0x20000018   Data           4  main.o(.data)
    line                                     0x2000001c   Data           4  main.o(.data)
    page                                     0x20000020   Data           4  main.o(.data)
    RTC_TimeStruct                           0x20000028   Data           4  tim.o(.data)
    Usart_get                                0x20000030   Data           1  uart.o(.data)
    __stdout                                 0x20000034   Data           4  uart.o(.data)
    buff                                     0x2000003c   Data           1  dht11.o(.data)
    cheak                                    0x2000003d   Data           1  dht11.o(.data)
    th_data                                  0x2000003e   Data           4  dht11.o(.data)
    GPIO_InitStruct                          0x20000044   Data           8  dht11.o(.data)
    F16x16                                   0x20000054   Data         960  oled_i2c.o(.data)
    BMP1                                     0x20000414   Data       16384  oled_i2c.o(.data)
    Blue_str                                 0x20004418   Data         100  uart.o(.bss)
    __initial_sp                             0x200048e0   Data           0  startup_stm32f40_41xxx.o(STACK)



==============================================================================

Memory Map of the image

  Image Entry point : 0x08000189

  Load Region LR_IROM1 (Base: 0x08000000, Size: 0x00008fb0, Max: 0x00080000, ABSOLUTE, COMPRESSED[0x00005384])

    Execution Region ER_IROM1 (Base: 0x08000000, Size: 0x00004b98, Max: 0x00080000, ABSOLUTE)

    Base Addr    Size         Type   Attr      Idx    E Section Name        Object

    0x08000000   0x00000188   Data   RO            3    RESET               startup_stm32f40_41xxx.o
    0x08000188   0x00000000   Code   RO         5900  * .ARM.Collect$$$$00000000  mc_w.l(entry.o)
    0x08000188   0x00000004   Code   RO         6184    .ARM.Collect$$$$00000001  mc_w.l(entry2.o)
    0x0800018c   0x00000004   Code   RO         6187    .ARM.Collect$$$$00000004  mc_w.l(entry5.o)
    0x08000190   0x00000000   Code   RO         6189    .ARM.Collect$$$$00000008  mc_w.l(entry7b.o)
    0x08000190   0x00000000   Code   RO         6191    .ARM.Collect$$$$0000000A  mc_w.l(entry8b.o)
    0x08000190   0x00000008   Code   RO         6192    .ARM.Collect$$$$0000000B  mc_w.l(entry9a.o)
    0x08000198   0x00000000   Code   RO         6194    .ARM.Collect$$$$0000000D  mc_w.l(entry10a.o)
    0x08000198   0x00000000   Code   RO         6196    .ARM.Collect$$$$0000000F  mc_w.l(entry11a.o)
    0x08000198   0x00000004   Code   RO         6185    .ARM.Collect$$$$00002712  mc_w.l(entry2.o)
    0x0800019c   0x00000024   Code   RO            4    .text               startup_stm32f40_41xxx.o
    0x080001c0   0x00000024   Code   RO         5903    .text               mc_w.l(memcpya.o)
    0x080001e4   0x00000024   Code   RO         5905    .text               mc_w.l(memseta.o)
    0x08000208   0x00000024   Code   RO         5907    .text               mc_w.l(strstr.o)
    0x0800022c   0x0000000e   Code   RO         5909    .text               mc_w.l(strlen.o)
    0x0800023a   0x00000012   Code   RO         5911    .text               mc_w.l(strcpy.o)
    0x0800024c   0x0000014e   Code   RO         6176    .text               mf_w.l(dadd.o)
    0x0800039a   0x000000de   Code   RO         6178    .text               mf_w.l(ddiv.o)
    0x08000478   0x00000022   Code   RO         6180    .text               mf_w.l(dflti.o)
    0x0800049a   0x00000038   Code   RO         6182    .text               mf_w.l(d2f.o)
    0x080004d2   0x00000062   Code   RO         6200    .text               mc_w.l(uldiv.o)
    0x08000534   0x0000001e   Code   RO         6202    .text               mc_w.l(llshl.o)
    0x08000552   0x00000024   Code   RO         6204    .text               mc_w.l(llsshr.o)
    0x08000576   0x00000000   Code   RO         6206    .text               mc_w.l(iusefp.o)
    0x08000576   0x0000006e   Code   RO         6207    .text               mf_w.l(fepilogue.o)
    0x080005e4   0x000000ba   Code   RO         6209    .text               mf_w.l(depilogue.o)
    0x0800069e   0x00000002   PAD
    0x080006a0   0x00000024   Code   RO         6217    .text               mc_w.l(init.o)
    0x080006c4   0x00000020   Code   RO         6219    .text               mc_w.l(llushr.o)
    0x080006e4   0x00000056   Code   RO         6229    .text               mc_w.l(__dczerorl2.o)
    0x0800073a   0x00000016   Code   RO          167    i.ADC_Cmd           stm32f4xx_adc.o
    0x08000750   0x00000030   Code   RO          168    i.ADC_CommonInit    stm32f4xx_adc.o
    0x08000780   0x00000016   Code   RO          173    i.ADC_DeInit        stm32f4xx_adc.o
    0x08000796   0x00000008   Code   RO          179    i.ADC_GetConversionValue  stm32f4xx_adc.o
    0x0800079e   0x00000012   Code   RO          180    i.ADC_GetFlagStatus  stm32f4xx_adc.o
    0x080007b0   0x00000054   Code   RO          187    i.ADC_Init          stm32f4xx_adc.o
    0x08000804   0x000000b8   Code   RO          192    i.ADC_RegularChannelConfig  stm32f4xx_adc.o
    0x080008bc   0x0000000a   Code   RO          194    i.ADC_SoftwareStartConv  stm32f4xx_adc.o
    0x080008c6   0x000000ac   Code   RO         5429    i.ALarm_set         rtc.o
    0x08000972   0x00000002   PAD
    0x08000974   0x00000094   Code   RO         5503    i.Adc_Init          adc.o
    0x08000a08   0x00000004   Code   RO         5001    i.BusFault_Handler  stm32f4xx_it.o
    0x08000a0c   0x0000002c   Code   RO         5109    i.Button_check_all  key.o
    0x08000a38   0x00000066   Code   RO         5430    i.Date_judge        rtc.o
    0x08000a9e   0x00000002   Code   RO         5002    i.DebugMon_Handler  stm32f4xx_it.o
    0x08000aa0   0x00000034   Code   RO         5344    i.Dht11_Init        dht11.o
    0x08000ad4   0x00000028   Code   RO         5169    i.EXTI0_IRQHandler  exti.o
    0x08000afc   0x000000bc   Code   RO         5397    i.EXTI9_5_IRQHandler  infrared.o
    0x08000bb8   0x0000000c   Code   RO         1364    i.EXTI_ClearITPendingBit  stm32f4xx_exti.o
    0x08000bc4   0x00000018   Code   RO         1368    i.EXTI_GetITStatus  stm32f4xx_exti.o
    0x08000bdc   0x00000094   Code   RO         1369    i.EXTI_Init         stm32f4xx_exti.o
    0x08000c70   0x00000090   Code   RO         1840    i.GPIO_Init         stm32f4xx_gpio.o
    0x08000d00   0x00000046   Code   RO         1841    i.GPIO_PinAFConfig  stm32f4xx_gpio.o
    0x08000d46   0x00000004   Code   RO         1847    i.GPIO_ResetBits    stm32f4xx_gpio.o
    0x08000d4a   0x00000004   Code   RO         1848    i.GPIO_SetBits      stm32f4xx_gpio.o
    0x08000d4e   0x00000004   Code   RO         5003    i.HardFault_Handler  stm32f4xx_it.o
    0x08000d52   0x00000002   PAD
    0x08000d54   0x0000004c   Code   RO         5563    i.I2C_Configuration  oled_i2c.o
    0x08000da0   0x0000006c   Code   RO         5564    i.I2C_WriteByte     oled_i2c.o
    0x08000e0c   0x00000050   Code   RO         5840    i.IIC_Ack           myiic.o
    0x08000e5c   0x0000004c   Code   RO         5841    i.IIC_Init          myiic.o
    0x08000ea8   0x00000050   Code   RO         5842    i.IIC_NAck          myiic.o
    0x08000ef8   0x0000006c   Code   RO         5843    i.IIC_Read_Byte     myiic.o
    0x08000f64   0x00000068   Code   RO         5844    i.IIC_Send_Byte     myiic.o
    0x08000fcc   0x0000004c   Code   RO         5845    i.IIC_Start         myiic.o
    0x08001018   0x0000004c   Code   RO         5846    i.IIC_Stop          myiic.o
    0x08001064   0x00000060   Code   RO         5847    i.IIC_Wait_Ack      myiic.o
    0x080010c4   0x00000030   Code   RO         5565    i.Iic_SDA_Mode      oled_i2c.o
    0x080010f4   0x00000068   Code   RO         5566    i.Iic_Send_Byte     oled_i2c.o
    0x0800115c   0x0000003c   Code   RO         5567    i.Iic_Start         oled_i2c.o
    0x08001198   0x00000038   Code   RO         5568    i.Iic_Stop          oled_i2c.o
    0x080011d0   0x00000044   Code   RO         5569    i.Iic_Wait_Ack      oled_i2c.o
    0x08001214   0x00000064   Code   RO         5110    i.KEY_Init          key.o
    0x08001278   0x000000c0   Code   RO         5111    i.Key_Scan          key.o
    0x08001338   0x00000080   Code   RO         5149    i.LED_Init          led.o
    0x080013b8   0x00000050   Code   RO         5748    i.MPU_Get_Gyroscope  mpu6050.o
    0x08001408   0x00000084   Code   RO         5749    i.MPU_Get_Temperature  mpu6050.o
    0x0800148c   0x0000007a   Code   RO         5750    i.MPU_Init          mpu6050.o
    0x08001506   0x0000003a   Code   RO         5751    i.MPU_Read_Byte     mpu6050.o
    0x08001540   0x00000074   Code   RO         5752    i.MPU_Read_Len      mpu6050.o
    0x080015b4   0x00000010   Code   RO         5753    i.MPU_Set_Accel_Fsr  mpu6050.o
    0x080015c4   0x00000010   Code   RO         5754    i.MPU_Set_Gyro_Fsr  mpu6050.o
    0x080015d4   0x0000003a   Code   RO         5755    i.MPU_Set_LPF       mpu6050.o
    0x0800160e   0x0000003a   Code   RO         5756    i.MPU_Set_Rate      mpu6050.o
    0x08001648   0x00000044   Code   RO         5757    i.MPU_Write_Byte    mpu6050.o
    0x0800168c   0x00000054   Code   RO         5759    i.MPU_text          mpu6050.o
    0x080016e0   0x00000004   Code   RO         5004    i.MemManage_Handler  stm32f4xx_it.o
    0x080016e4   0x00000002   Code   RO         5005    i.NMI_Handler       stm32f4xx_it.o
    0x080016e6   0x00000002   PAD
    0x080016e8   0x00000078   Code   RO           12    i.NVIC_Init         misc.o
    0x08001760   0x00000014   Code   RO           13    i.NVIC_PriorityGroupConfig  misc.o
    0x08001774   0x0000000a   Code   RO         5570    i.OLED_CLS          oled_i2c.o
    0x0800177e   0x00000002   PAD
    0x08001780   0x0000007c   Code   RO         5571    i.OLED_DrawBMP      oled_i2c.o
    0x080017fc   0x0000003a   Code   RO         5572    i.OLED_Fill         oled_i2c.o
    0x08001836   0x000000b2   Code   RO         5573    i.OLED_Init         oled_i2c.o
    0x080018e8   0x00000016   Code   RO         5574    i.OLED_OFF          oled_i2c.o
    0x080018fe   0x00000016   Code   RO         5575    i.OLED_ON           oled_i2c.o
    0x08001914   0x00000028   Code   RO         5576    i.OLED_SetPos       oled_i2c.o
    0x0800193c   0x00000054   Code   RO         5577    i.OLED_ShowCN       oled_i2c.o
    0x08001990   0x000000ec   Code   RO         5578    i.OLED_ShowStr      oled_i2c.o
    0x08001a7c   0x0000000c   Code   RO         2582    i.PWR_BackupAccessCmd  stm32f4xx_pwr.o
    0x08001a88   0x00000002   Code   RO         5006    i.PendSV_Handler    stm32f4xx_it.o
    0x08001a8a   0x00000002   PAD
    0x08001a8c   0x00000020   Code   RO         2704    i.RCC_AHB1PeriphClockCmd  stm32f4xx_rcc.o
    0x08001aac   0x00000020   Code   RO         2713    i.RCC_APB1PeriphClockCmd  stm32f4xx_rcc.o
    0x08001acc   0x00000020   Code   RO         2716    i.RCC_APB2PeriphClockCmd  stm32f4xx_rcc.o
    0x08001aec   0x00000020   Code   RO         2718    i.RCC_APB2PeriphResetCmd  stm32f4xx_rcc.o
    0x08001b0c   0x000000e8   Code   RO         2725    i.RCC_GetClocksFreq  stm32f4xx_rcc.o
    0x08001bf4   0x0000002c   Code   RO         2734    i.RCC_LSEConfig     stm32f4xx_rcc.o
    0x08001c20   0x0000000c   Code   RO         2748    i.RCC_RTCCLKCmd     stm32f4xx_rcc.o
    0x08001c2c   0x0000003c   Code   RO         2749    i.RCC_RTCCLKConfig  stm32f4xx_rcc.o
    0x08001c68   0x00000074   Code   RO         3100    i.RTC_AlarmCmd      stm32f4xx_rtc.o
    0x08001cdc   0x00000028   Code   RO         5431    i.RTC_Alarm_IRQHandler  rtc.o
    0x08001d04   0x00000016   Code   RO         3103    i.RTC_Bcd2ToByte    stm32f4xx_rtc.o
    0x08001d1a   0x0000001c   Code   RO         3105    i.RTC_ByteToBcd2    stm32f4xx_rtc.o
    0x08001d36   0x00000002   PAD
    0x08001d38   0x0000001c   Code   RO         3108    i.RTC_ClearFlag     stm32f4xx_rtc.o
    0x08001d54   0x00000020   Code   RO         3109    i.RTC_ClearITPendingBit  stm32f4xx_rtc.o
    0x08001d74   0x00000050   Code   RO         3115    i.RTC_EnterInitMode  stm32f4xx_rtc.o
    0x08001dc4   0x00000014   Code   RO         3116    i.RTC_ExitInitMode  stm32f4xx_rtc.o
    0x08001dd8   0x0000004c   Code   RO         3119    i.RTC_GetDate       stm32f4xx_rtc.o
    0x08001e24   0x00000028   Code   RO         3120    i.RTC_GetFlagStatus  stm32f4xx_rtc.o
    0x08001e4c   0x00000050   Code   RO         3124    i.RTC_GetTime       stm32f4xx_rtc.o
    0x08001e9c   0x00000064   Code   RO         3128    i.RTC_ITConfig      stm32f4xx_rtc.o
    0x08001f00   0x00000064   Code   RO         3129    i.RTC_Init          stm32f4xx_rtc.o
    0x08001f64   0x00000020   Code   RO         3132    i.RTC_ReadBackupRegister  stm32f4xx_rtc.o
    0x08001f84   0x000000ec   Code   RO         3134    i.RTC_SetAlarm      stm32f4xx_rtc.o
    0x08002070   0x000000c8   Code   RO         3135    i.RTC_SetDate       stm32f4xx_rtc.o
    0x08002138   0x000000d0   Code   RO         3136    i.RTC_SetTime       stm32f4xx_rtc.o
    0x08002208   0x00000060   Code   RO         3152    i.RTC_WaitForSynchro  stm32f4xx_rtc.o
    0x08002268   0x0000001c   Code   RO         3155    i.RTC_WriteBackupRegister  stm32f4xx_rtc.o
    0x08002284   0x00000280   Code   RO         5432    i.RTC_set           rtc.o
    0x08002504   0x00000096   Code   RO         5434    i.Rtc_Init          rtc.o
    0x0800259a   0x00000002   Code   RO         5007    i.SVC_Handler       stm32f4xx_it.o
    0x0800259c   0x000000ec   Code   RO         5072    i.SetSysClock       system_stm32f4xx.o
    0x08002688   0x00000028   Code   RO           16    i.SysTick_CLKSourceConfig  misc.o
    0x080026b0   0x00000002   Code   RO         5008    i.SysTick_Handler   stm32f4xx_it.o
    0x080026b2   0x00000002   PAD
    0x080026b4   0x00000068   Code   RO         5074    i.SystemInit        system_stm32f4xx.o
    0x0800271c   0x00000054   Code   RO         5195    i.TIM4_IRQHandler   tim.o
    0x08002770   0x00000006   Code   RO         4046    i.TIM_ClearITPendingBit  stm32f4xx_tim.o
    0x08002776   0x00000018   Code   RO         4051    i.TIM_Cmd           stm32f4xx_tim.o
    0x0800278e   0x00000022   Code   RO         4072    i.TIM_GetITStatus   stm32f4xx_tim.o
    0x080027b0   0x00000012   Code   RO         4076    i.TIM_ITConfig      stm32f4xx_tim.o
    0x080027c2   0x00000002   PAD
    0x080027c4   0x00000084   Code   RO         4123    i.TIM_TimeBaseInit  stm32f4xx_tim.o
    0x08002848   0x00000060   Code   RO         5196    i.Tim_Init          tim.o
    0x080028a8   0x0000016a   Code   RO         5435    i.Time_judge        rtc.o
    0x08002a12   0x00000002   PAD
    0x08002a14   0x00000080   Code   RO         5283    i.USART3_IRQHandler  uart.o
    0x08002a94   0x0000001e   Code   RO         4598    i.USART_ClearITPendingBit  stm32f4xx_usart.o
    0x08002ab2   0x00000018   Code   RO         4601    i.USART_Cmd         stm32f4xx_usart.o
    0x08002aca   0x0000001a   Code   RO         4604    i.USART_GetFlagStatus  stm32f4xx_usart.o
    0x08002ae4   0x00000054   Code   RO         4605    i.USART_GetITStatus  stm32f4xx_usart.o
    0x08002b38   0x0000004a   Code   RO         4607    i.USART_ITConfig    stm32f4xx_usart.o
    0x08002b82   0x00000002   PAD
    0x08002b84   0x000000d4   Code   RO         4608    i.USART_Init        stm32f4xx_usart.o
    0x08002c58   0x0000000a   Code   RO         4615    i.USART_ReceiveData  stm32f4xx_usart.o
    0x08002c62   0x00000008   Code   RO         4618    i.USART_SendData    stm32f4xx_usart.o
    0x08002c6a   0x00000002   PAD
    0x08002c6c   0x00000070   Code   RO         5284    i.Uart_control_text  uart.o
    0x08002cdc   0x00000004   Code   RO         5009    i.UsageFault_Handler  stm32f4xx_it.o
    0x08002ce0   0x00000160   Code   RO         5285    i.Usart_Init        uart.o
    0x08002e40   0x00000040   Code   RO         5286    i.Usart_text        uart.o
    0x08002e80   0x0000000e   Code   RO         5579    i.WriteCmd          oled_i2c.o
    0x08002e8e   0x0000000e   Code   RO         5580    i.WriteDat          oled_i2c.o
    0x08002e9c   0x00000020   Code   RO         6122    i.__0printf$8       mc_w.l(printf8.o)
    0x08002ebc   0x00000028   Code   RO         6124    i.__0sprintf$8      mc_w.l(printf8.o)
    0x08002ee4   0x0000000e   Code   RO         6223    i.__scatterload_copy  mc_w.l(handlers.o)
    0x08002ef2   0x00000002   Code   RO         6224    i.__scatterload_null  mc_w.l(handlers.o)
    0x08002ef4   0x0000000e   Code   RO         6225    i.__scatterload_zeroinit  mc_w.l(handlers.o)
    0x08002f02   0x00000002   PAD
    0x08002f04   0x00000410   Code   RO         6129    i._printf_core      mc_w.l(printf8.o)
    0x08003314   0x00000024   Code   RO         6130    i._printf_post_padding  mc_w.l(printf8.o)
    0x08003338   0x0000002e   Code   RO         6131    i._printf_pre_padding  mc_w.l(printf8.o)
    0x08003366   0x0000000a   Code   RO         6133    i._sputc            mc_w.l(printf8.o)
    0x08003370   0x00000158   Code   RO         4847    i.calendar_mode     main.o
    0x080034c8   0x0000001c   Code   RO         5345    i.change_mode       dht11.o
    0x080034e4   0x0000005c   Code   RO         4848    i.clock_mode        main.o
    0x08003540   0x00000040   Code   RO         5231    i.delay_ms          delay.o
    0x08003580   0x00000020   Code   RO         5232    i.delay_s           delay.o
    0x080035a0   0x00000042   Code   RO         5233    i.delay_us          delay.o
    0x080035e2   0x0000001e   Code   RO         5112    i.delay_xd          key.o
    0x08003600   0x00000044   Code   RO         4849    i.enter_mode        main.o
    0x08003644   0x0000008c   Code   RO         5436    i.flash_font        rtc.o
    0x080036d0   0x00000024   Code   RO         5288    i.fputc             uart.o
    0x080036f4   0x00000060   Code   RO         5346    i.get_8bit          dht11.o
    0x08003754   0x0000007c   Code   RO         5347    i.get_dht11_data    dht11.o
    0x080037d0   0x00000028   Code   RO         5504    i.get_value         adc.o
    0x080037f8   0x00000028   Code   RO         5399    i.ir_pluse_high_time  infrared.o
    0x08003820   0x00000030   Code   RO         4850    i.main              main.o
    0x08003850   0x0000002c   Code   RO         4851    i.main_mode         main.o
    0x0800387c   0x00000048   Code   RO         5696    i.main_screen       show.o
    0x080038c4   0x0000006c   Code   RO         4852    i.model_Init        main.o
    0x08003930   0x000001c0   Code   RO         5697    i.open_show         show.o
    0x08003af0   0x00000044   Code   RO         5698    i.select_arr        show.o
    0x08003b34   0x000000e8   Code   RO         4853    i.select_mode       main.o
    0x08003c1c   0x000001ea   Code   RO         5699    i.select_screen     show.o
    0x08003e06   0x00000002   PAD
    0x08003e08   0x00000214   Code   RO         5700    i.show_Time         show.o
    0x0800401c   0x000000b8   Code   RO         5505    i.show_adc          adc.o
    0x080040d4   0x0000011c   Code   RO         5197    i.show_timer        tim.o
    0x080041f0   0x0000001c   Code   RO         4854    i.sleep_mode        main.o
    0x0800420c   0x00000064   Code   RO         5349    i.start_dht11       dht11.o
    0x08004270   0x000000cc   Code   RO         5701    i.temp              show.o
    0x0800433c   0x00000023   Data   RO         4856    .constdata          main.o
    0x0800435f   0x00000818   Data   RO         5582    .constdata          oled_i2c.o
    0x08004b77   0x00000001   PAD
    0x08004b78   0x00000020   Data   RO         6221    Region$$Table       anon$$obj.o


    Execution Region RW_IRAM1 (Base: 0x20000000, Size: 0x000048e0, Max: 0x00020000, ABSOLUTE, COMPRESSED[0x000007ec])

    Base Addr    Size         Type   Attr      Idx    E Section Name        Object

    0x20000000   0x00000010   Data   RW         2757    .data               stm32f4xx_rcc.o
    0x20000010   0x00000014   Data   RW         4857    .data               main.o
    0x20000024   0x00000004   Data   RW         5113    .data               key.o
    0x20000028   0x00000005   Data   RW         5198    .data               tim.o
    0x2000002d   0x00000003   PAD
    0x20000030   0x00000009   Data   RW         5290    .data               uart.o
    0x20000039   0x00000003   PAD
    0x2000003c   0x00000010   Data   RW         5350    .data               dht11.o
    0x2000004c   0x00000008   Data   RW         5438    .data               rtc.o
    0x20000054   0x000043c0   Data   RW         5583    .data               oled_i2c.o
    0x20004414   0x00000004   Data   RW         5760    .data               mpu6050.o
    0x20004418   0x000000c8   Zero   RW         5289    .bss                uart.o
    0x200044e0   0x00000400   Zero   RW            1    STACK               startup_stm32f40_41xxx.o


==============================================================================

Image component sizes


      Code (inc. data)   RO Data    RW Data    ZI Data      Debug   Object Name

       372         34          0          0          0       1866   adc.o
       162          0          0          0          0       1580   delay.o
       400         52          0         16          0       3450   dht11.o
        40          6          0          0          0        499   exti.o
       228         40          0          0          0       1414   infrared.o
       366         38          0          4          0       2308   key.o
       128         10          0          0          0        555   led.o
       964        112         35         20          0     233020   main.o
       180         24          0          0          0     314669   misc.o
       808         32          0          4          0       7416   mpu6050.o
       696        110          0          0          0       4450   myiic.o
      1322         92       2072      17344          0      11226   oled_i2c.o
      1606         52          0          8          0       5836   rtc.o
      1814         80          0          0          0       4298   show.o
        36          8        392          0       1024        868   startup_stm32f40_41xxx.o
       396         24          0          0          0       5983   stm32f4xx_adc.o
       184         16          0          0          0       2072   stm32f4xx_exti.o
       222          0          0          0          0       2855   stm32f4xx_gpio.o
        26          0          0          0          0       4058   stm32f4xx_it.o
        12          6          0          0          0        530   stm32f4xx_pwr.o
       476         62          0         16          0       6831   stm32f4xx_rcc.o
      1522         98          0          0          0      12303   stm32f4xx_rtc.o
       214         28          0          0          0       3650   stm32f4xx_tim.o
       468          8          0          0          0       6055   stm32f4xx_usart.o
       340         32          0          0          0       1473   system_stm32f4xx.o
       464         42          0          5          0       2131   tim.o
       692         88          0          9        200       5119   uart.o

    ----------------------------------------------------------------------
     14162       1094       2532      17432       1224     646515   Object Totals
         0          0         32          0          0          0   (incl. Generated)
        24          0          1          6          0          0   (incl. Padding)

    ----------------------------------------------------------------------

      Code (inc. data)   RO Data    RW Data    ZI Data      Debug   Library Member Name

        86          0          0          0          0          0   __dczerorl2.o
         0          0          0          0          0          0   entry.o
         0          0          0          0          0          0   entry10a.o
         0          0          0          0          0          0   entry11a.o
         8          4          0          0          0          0   entry2.o
         4          0          0          0          0          0   entry5.o
         0          0          0          0          0          0   entry7b.o
         0          0          0          0          0          0   entry8b.o
         8          4          0          0          0          0   entry9a.o
        30          0          0          0          0          0   handlers.o
        36          8          0          0          0         68   init.o
         0          0          0          0          0          0   iusefp.o
        30          0          0          0          0         68   llshl.o
        36          0          0          0          0         68   llsshr.o
        32          0          0          0          0         68   llushr.o
        36          0          0          0          0         68   memcpya.o
        36          0          0          0          0        108   memseta.o
      1204         60          0          0          0        504   printf8.o
        18          0          0          0          0         68   strcpy.o
        14          0          0          0          0         68   strlen.o
        36          0          0          0          0         80   strstr.o
        98          0          0          0          0         92   uldiv.o
        56          0          0          0          0         88   d2f.o
       334          0          0          0          0        148   dadd.o
       222          0          0          0          0        100   ddiv.o
       186          0          0          0          0        176   depilogue.o
        34          0          0          0          0         76   dflti.o
       110          0          0          0          0        168   fepilogue.o

    ----------------------------------------------------------------------
      2658         76          0          0          0       2016   Library Totals
         4          0          0          0          0          0   (incl. Padding)

    ----------------------------------------------------------------------

      Code (inc. data)   RO Data    RW Data    ZI Data      Debug   Library Name

      1712         76          0          0          0       1260   mc_w.l
       942          0          0          0          0        756   mf_w.l

    ----------------------------------------------------------------------
      2658         76          0          0          0       2016   Library Totals

    ----------------------------------------------------------------------

==============================================================================


      Code (inc. data)   RO Data    RW Data    ZI Data      Debug   

     16820       1170       2532      17432       1224     633027   Grand Totals
     16820       1170       2532       2028       1224     633027   ELF Image Totals (compressed)
     16820       1170       2532       2028          0          0   ROM Totals

==============================================================================

    Total RO  Size (Code + RO Data)                19352 (  18.90kB)
    Total RW  Size (RW Data + ZI Data)             18656 (  18.22kB)
    Total ROM Size (Code + RO Data + RW Data)      21380 (  20.88kB)

==============================================================================

